Component: ARM Compiler 5.06 update 7 (build 960) Tool: armlink [4d3601]

==============================================================================

Section Cross References

    main.o(i.main) refers to mpu.o(i.MPU_Memory_Protection) for MPU_Memory_Protection
    main.o(i.main) refers to sys.o(i.Cache_Enable) for Cache_Enable
    main.o(i.main) refers to stm32h7xx_hal.o(i.HAL_Init) for HAL_Init
    main.o(i.main) refers to sys.o(i.Stm32_Clock_Init) for Stm32_Clock_Init
    main.o(i.main) refers to delay.o(i.delay_init) for delay_init
    main.o(i.main) refers to gpio.o(i.MX_GPIO_Init) for MX_GPIO_Init
    main.o(i.main) refers to dma.o(i.MX_DMA_Init) for MX_DMA_Init
    main.o(i.main) refers to usart.o(i.MX_USART1_UART_Init) for MX_USART1_UART_Init
    main.o(i.main) refers to usart.o(i.MX_USART2_UART_Init) for MX_USART2_UART_Init
    main.o(i.main) refers to usart.o(i.MX_USART3_UART_Init) for MX_USART3_UART_Init
    main.o(i.main) refers to usart.o(i.MX_UART4_Init) for MX_UART4_Init
    main.o(i.main) refers to usart.o(i.MX_UART5_Init) for MX_UART5_Init
    main.o(i.main) refers to usart.o(i.MX_USART6_UART_Init) for MX_USART6_UART_Init
    main.o(i.main) refers to usart.o(i.MX_UART7_Init) for MX_UART7_Init
    main.o(i.main) refers to stm32h7xx_hal_uart.o(i.HAL_UART_Receive_DMA) for HAL_UART_Receive_DMA
    main.o(i.main) refers to led.o(i.LED_Init) for LED_Init
    main.o(i.main) refers to key.o(i.KEY_Init) for KEY_Init
    main.o(i.main) refers to sdram.o(i.SDRAM_Init) for SDRAM_Init
    main.o(i.main) refers to pcf8574.o(i.PCF8574_Init) for PCF8574_Init
    main.o(i.main) refers to malloc.o(i.my_mem_init) for my_mem_init
    main.o(i.main) refers to timer.o(i.TIM3_Init) for TIM3_Init
    main.o(i.main) refers to lwip_comm.o(i.lwip_comm_init) for lwip_comm_init
    main.o(i.main) refers to udp_demo.o(i.udp_demo_test) for udp_demo_test
    main.o(i.main) refers to usart.o(.bss) for huart1
    stm32h7xx_it.o(i.DMA1_Stream0_IRQHandler) refers to stm32h7xx_hal_dma.o(i.HAL_DMA_IRQHandler) for HAL_DMA_IRQHandler
    stm32h7xx_it.o(i.DMA1_Stream0_IRQHandler) refers to usart.o(.bss) for hdma_usart1_rx
    stm32h7xx_it.o(i.DMA1_Stream0_IRQHandler) refers to stm32h7xx_it.o(.data) for itcnt3
    stm32h7xx_it.o(i.DMA1_Stream1_IRQHandler) refers to stm32h7xx_hal_dma.o(i.HAL_DMA_IRQHandler) for HAL_DMA_IRQHandler
    stm32h7xx_it.o(i.DMA1_Stream1_IRQHandler) refers to usart.o(.bss) for hdma_usart1_tx
    stm32h7xx_it.o(i.DMA1_Stream2_IRQHandler) refers to stm32h7xx_hal_dma.o(i.HAL_DMA_IRQHandler) for HAL_DMA_IRQHandler
    stm32h7xx_it.o(i.DMA1_Stream2_IRQHandler) refers to usart.o(.bss) for hdma_usart2_rx
    stm32h7xx_it.o(i.DMA1_Stream3_IRQHandler) refers to stm32h7xx_hal_dma.o(i.HAL_DMA_IRQHandler) for HAL_DMA_IRQHandler
    stm32h7xx_it.o(i.DMA1_Stream3_IRQHandler) refers to usart.o(.bss) for hdma_usart2_tx
    stm32h7xx_it.o(i.DMA1_Stream4_IRQHandler) refers to stm32h7xx_hal_dma.o(i.HAL_DMA_IRQHandler) for HAL_DMA_IRQHandler
    stm32h7xx_it.o(i.DMA1_Stream4_IRQHandler) refers to usart.o(.bss) for hdma_usart3_rx
    stm32h7xx_it.o(i.DMA1_Stream5_IRQHandler) refers to stm32h7xx_hal_dma.o(i.HAL_DMA_IRQHandler) for HAL_DMA_IRQHandler
    stm32h7xx_it.o(i.DMA1_Stream5_IRQHandler) refers to usart.o(.bss) for hdma_usart3_tx
    stm32h7xx_it.o(i.DMA1_Stream6_IRQHandler) refers to stm32h7xx_hal_dma.o(i.HAL_DMA_IRQHandler) for HAL_DMA_IRQHandler
    stm32h7xx_it.o(i.DMA1_Stream6_IRQHandler) refers to usart.o(.bss) for hdma_usart6_rx
    stm32h7xx_it.o(i.DMA1_Stream7_IRQHandler) refers to stm32h7xx_hal_dma.o(i.HAL_DMA_IRQHandler) for HAL_DMA_IRQHandler
    stm32h7xx_it.o(i.DMA1_Stream7_IRQHandler) refers to usart.o(.bss) for hdma_usart6_tx
    stm32h7xx_it.o(i.DMA2_Stream0_IRQHandler) refers to stm32h7xx_hal_dma.o(i.HAL_DMA_IRQHandler) for HAL_DMA_IRQHandler
    stm32h7xx_it.o(i.DMA2_Stream0_IRQHandler) refers to usart.o(.bss) for hdma_uart4_rx
    stm32h7xx_it.o(i.DMA2_Stream1_IRQHandler) refers to stm32h7xx_hal_dma.o(i.HAL_DMA_IRQHandler) for HAL_DMA_IRQHandler
    stm32h7xx_it.o(i.DMA2_Stream1_IRQHandler) refers to usart.o(.bss) for hdma_uart4_tx
    stm32h7xx_it.o(i.DMA2_Stream2_IRQHandler) refers to stm32h7xx_hal_dma.o(i.HAL_DMA_IRQHandler) for HAL_DMA_IRQHandler
    stm32h7xx_it.o(i.DMA2_Stream2_IRQHandler) refers to usart.o(.bss) for hdma_uart5_rx
    stm32h7xx_it.o(i.DMA2_Stream3_IRQHandler) refers to stm32h7xx_hal_dma.o(i.HAL_DMA_IRQHandler) for HAL_DMA_IRQHandler
    stm32h7xx_it.o(i.DMA2_Stream3_IRQHandler) refers to usart.o(.bss) for hdma_uart5_tx
    stm32h7xx_it.o(i.DMA2_Stream4_IRQHandler) refers to stm32h7xx_hal_dma.o(i.HAL_DMA_IRQHandler) for HAL_DMA_IRQHandler
    stm32h7xx_it.o(i.DMA2_Stream4_IRQHandler) refers to usart.o(.bss) for hdma_uart7_rx
    stm32h7xx_it.o(i.DMA2_Stream5_IRQHandler) refers to stm32h7xx_hal_dma.o(i.HAL_DMA_IRQHandler) for HAL_DMA_IRQHandler
[...]
    HAL_IncTick                              0x08002831   Thumb Code    12  stm32h7xx_hal.o(i.HAL_IncTick)
    HAL_Init                                 0x08002841   Thumb Code    22  stm32h7xx_hal.o(i.HAL_Init)
    HAL_InitTick                             0x08002859   Thumb Code    36  stm32h7xx_hal.o(i.HAL_InitTick)
    HAL_MPU_ConfigRegion                     0x08002881   Thumb Code    88  stm32h7xx_hal_cortex.o(i.HAL_MPU_ConfigRegion)
    HAL_MspInit                              0x080028dd   Thumb Code     2  stm32h7xx_hal_msp.o(i.HAL_MspInit)
    HAL_NVIC_EnableIRQ                       0x080028df   Thumb Code    32  stm32h7xx_hal_cortex.o(i.HAL_NVIC_EnableIRQ)
    HAL_NVIC_SetPriority                     0x080028ff   Thumb Code   124  stm32h7xx_hal_cortex.o(i.HAL_NVIC_SetPriority)
    HAL_NVIC_SetPriorityGrouping             0x0800297d   Thumb Code    32  stm32h7xx_hal_cortex.o(i.HAL_NVIC_SetPriorityGrouping)
    HAL_RCCEx_GetD1SysClockFreq              0x080029a5   Thumb Code    44  stm32h7xx_hal_rcc_ex.o(i.HAL_RCCEx_GetD1SysClockFreq)
    HAL_RCCEx_GetD3PCLK1Freq                 0x080029dd   Thumb Code    34  stm32h7xx_hal_rcc_ex.o(i.HAL_RCCEx_GetD3PCLK1Freq)
    HAL_RCCEx_GetPLL2ClockFreq               0x08002a09   Thumb Code   532  stm32h7xx_hal_rcc_ex.o(i.HAL_RCCEx_GetPLL2ClockFreq)
    HAL_RCCEx_GetPLL3ClockFreq               0x08002c35   Thumb Code   532  stm32h7xx_hal_rcc_ex.o(i.HAL_RCCEx_GetPLL3ClockFreq)
    HAL_RCC_ClockConfig                      0x08002e61   Thumb Code   574  stm32h7xx_hal_rcc.o(i.HAL_RCC_ClockConfig)
    HAL_RCC_GetHCLKFreq                      0x080030b1   Thumb Code    42  stm32h7xx_hal_rcc.o(i.HAL_RCC_GetHCLKFreq)
    HAL_RCC_GetPCLK1Freq                     0x080030e9   Thumb Code    34  stm32h7xx_hal_rcc.o(i.HAL_RCC_GetPCLK1Freq)
    HAL_RCC_GetPCLK2Freq                     0x08003115   Thumb Code    36  stm32h7xx_hal_rcc.o(i.HAL_RCC_GetPCLK2Freq)
    HAL_RCC_GetSysClockFreq                  0x08003141   Thumb Code   556  stm32h7xx_hal_rcc.o(i.HAL_RCC_GetSysClockFreq)
    HAL_RCC_OscConfig                        0x08003385   Thumb Code  1726  stm32h7xx_hal_rcc.o(i.HAL_RCC_OscConfig)
    HAL_SDRAM_Init                           0x08003a4d   Thumb Code    76  stm32h7xx_hal_sdram.o(i.HAL_SDRAM_Init)
    HAL_SDRAM_MspInit                        0x08003a9d   Thumb Code   310  sdram.o(i.HAL_SDRAM_MspInit)
    HAL_SDRAM_ProgramRefreshRate             0x08003bed   Thumb Code    40  stm32h7xx_hal_sdram.o(i.HAL_SDRAM_ProgramRefreshRate)
    HAL_SDRAM_SendCommand                    0x08003c15   Thumb Code    58  stm32h7xx_hal_sdram.o(i.HAL_SDRAM_SendCommand)
    HAL_SYSCFG_AnalogSwitchConfig            0x08003c51   Thumb Code    14  stm32h7xx_hal.o(i.HAL_SYSCFG_AnalogSwitchConfig)
    HAL_SYSCFG_ETHInterfaceSelect            0x08003c65   Thumb Code    16  stm32h7xx_hal.o(i.HAL_SYSCFG_ETHInterfaceSelect)
    HAL_SYSTICK_CLKSourceConfig              0x08003c79   Thumb Code    40  stm32h7xx_hal_cortex.o(i.HAL_SYSTICK_CLKSourceConfig)
    HAL_SYSTICK_Callback                     0x08003ca1   Thumb Code     2  stm32h7xx_hal_cortex.o(i.HAL_SYSTICK_Callback)
    HAL_SYSTICK_Config                       0x08003ca3   Thumb Code    52  stm32h7xx_hal_cortex.o(i.HAL_SYSTICK_Config)
    HAL_SYSTICK_IRQHandler                   0x08003cd7   Thumb Code     8  stm32h7xx_hal_cortex.o(i.HAL_SYSTICK_IRQHandler)
    HAL_TIMEx_BreakCallback                  0x08003cdf   Thumb Code     2  stm32h7xx_hal_tim_ex.o(i.HAL_TIMEx_BreakCallback)
    HAL_TIMEx_CommutationCallback            0x08003ce1   Thumb Code     2  stm32h7xx_hal_tim_ex.o(i.HAL_TIMEx_CommutationCallback)
    HAL_TIM_Base_Init                        0x08003ce3   Thumb Code    52  stm32h7xx_hal_tim.o(i.HAL_TIM_Base_Init)
    HAL_TIM_Base_MspInit                     0x08003d19   Thumb Code    58  timer.o(i.HAL_TIM_Base_MspInit)
    HAL_TIM_Base_Start_IT                    0x08003d5d   Thumb Code    30  stm32h7xx_hal_tim.o(i.HAL_TIM_Base_Start_IT)
    HAL_TIM_IC_CaptureCallback               0x08003d7b   Thumb Code     2  stm32h7xx_hal_tim.o(i.HAL_TIM_IC_CaptureCallback)
    HAL_TIM_IRQHandler                       0x08003d7d   Thumb Code   440  stm32h7xx_hal_tim.o(i.HAL_TIM_IRQHandler)
    HAL_TIM_OC_DelayElapsedCallback          0x08003f35   Thumb Code     2  stm32h7xx_hal_tim.o(i.HAL_TIM_OC_DelayElapsedCallback)
    HAL_TIM_PWM_PulseFinishedCallback        0x08003f37   Thumb Code     2  stm32h7xx_hal_tim.o(i.HAL_TIM_PWM_PulseFinishedCallback)
    HAL_TIM_PeriodElapsedCallback            0x08003f39   Thumb Code   140  timer.o(i.HAL_TIM_PeriodElapsedCallback)
    HAL_TIM_TriggerCallback                  0x08003ff5   Thumb Code     2  stm32h7xx_hal_tim.o(i.HAL_TIM_TriggerCallback)
    HAL_UARTEx_WakeupCallback                0x08003ff7   Thumb Code     2  stm32h7xx_hal_uart_ex.o(i.HAL_UARTEx_WakeupCallback)
    HAL_UART_DMAResume                       0x08003ff9   Thumb Code    84  stm32h7xx_hal_uart.o(i.HAL_UART_DMAResume)
    HAL_UART_DMAStop                         0x0800404d   Thumb Code   100  stm32h7xx_hal_uart.o(i.HAL_UART_DMAStop)
    HAL_UART_ErrorCallback                   0x080040b1   Thumb Code    30  main.o(i.HAL_UART_ErrorCallback)
    HAL_UART_IRQHandler                      0x080040d9   Thumb Code   434  stm32h7xx_hal_uart.o(i.HAL_UART_IRQHandler)
    HAL_UART_Init                            0x08004295   Thumb Code   120  stm32h7xx_hal_uart.o(i.HAL_UART_Init)
    HAL_UART_MspInit                         0x0800430d   Thumb Code  1508  usart.o(i.HAL_UART_MspInit)
    HAL_UART_Receive_DMA                     0x08004919   Thumb Code   134  stm32h7xx_hal_uart.o(i.HAL_UART_Receive_DMA)
    HAL_UART_RxCpltCallback                  0x080049ad   Thumb Code     2  stm32h7xx_hal_uart.o(i.HAL_UART_RxCpltCallback)
    HAL_UART_RxHalfCpltCallback              0x080049af   Thumb Code     2  stm32h7xx_hal_uart.o(i.HAL_UART_RxHalfCpltCallback)
    HAL_UART_Transmit_DMA                    0x080049b1   Thumb Code   120  stm32h7xx_hal_uart.o(i.HAL_UART_Transmit_DMA)
    HAL_UART_TxCpltCallback                  0x08004a35   Thumb Code     2  stm32h7xx_hal_uart.o(i.HAL_UART_TxCpltCallback)
    HAL_UART_TxHalfCpltCallback              0x08004a37   Thumb Code     2  stm32h7xx_hal_uart.o(i.HAL_UART_TxHalfCpltCallback)
    HardFault_Handler                        0x08004a39   Thumb Code     4  stm32h7xx_it.o(i.HardFault_Handler)
    IIC_Ack                                  0x08004a3d   Thumb Code    78  myiic.o(i.IIC_Ack)
    IIC_Init                                 0x08004a91   Thumb Code    78  myiic.o(i.IIC_Init)
    IIC_NAck                                 0x08004ae9   Thumb Code    78  myiic.o(i.IIC_NAck)
    IIC_Read_Byte                            0x08004b3d   Thumb Code   102  myiic.o(i.IIC_Read_Byte)
    IIC_Send_Byte                            0x08004ba9   Thumb Code   118  myiic.o(i.IIC_Send_Byte)
    IIC_Start                                0x08004c25   Thumb Code    78  myiic.o(i.IIC_Start)
    IIC_Stop                                 0x08004c79   Thumb Code    78  myiic.o(i.IIC_Stop)
    IIC_Wait_Ack                             0x08004ccd   Thumb Code    98  myiic.o(i.IIC_Wait_Ack)
    KEY_Init                                 0x08004d35   Thumb Code   150  key.o(i.KEY_Init)
    KEY_Scan                                 0x08004ddd   Thumb Code   192  key.o(i.KEY_Scan)
    LAN8720_GetLinkState                     0x08004ead   Thumb Code   184  lan8720.o(i.LAN8720_GetLinkState)
    LAN8720_Init                             0x08004f65   Thumb Code   326  lan8720.o(i.LAN8720_Init)
    LAN8720_ReadPHY                          0x08005139   Thumb Code    30  lan8720.o(i.LAN8720_ReadPHY)
    LAN8720_StartAutoNego                    0x0800515d   Thumb Code    32  lan8720.o(i.LAN8720_StartAutoNego)
    LAN8720_WritePHY                         0x0800517d   Thumb Code    32  lan8720.o(i.LAN8720_WritePHY)
    LED_Init                                 0x080051a1   Thumb Code    78  led.o(i.LED_Init)
    MPU_Memory_Protection                    0x080051f9   Thumb Code    52  mpu.o(i.MPU_Memory_Protection)
    MPU_Set_Protection                       0x0800522d   Thumb Code   140  mpu.o(i.MPU_Set_Protection)
    MX_DMA_Init                              0x080052bd   Thumb Code   282  dma.o(i.MX_DMA_Init)
    MX_GPIO_Init                             0x080053dd   Thumb Code   172  gpio.o(i.MX_GPIO_Init)
    MX_UART4_Init                            0x08005491   Thumb Code    56  usart.o(i.MX_UART4_Init)
    MX_UART5_Init                            0x080054d5   Thumb Code    56  usart.o(i.MX_UART5_Init)
    MX_UART7_Init                            0x08005519   Thumb Code    56  usart.o(i.MX_UART7_Init)
    MX_USART1_UART_Init                      0x0800555d   Thumb Code    56  usart.o(i.MX_USART1_UART_Init)
    MX_USART2_UART_Init                      0x080055a1   Thumb Code    56  usart.o(i.MX_USART2_UART_Init)
    MX_USART3_UART_Init                      0x080055e5   Thumb Code    56  usart.o(i.MX_USART3_UART_Init)
    MX_USART6_UART_Init                      0x08005629   Thumb Code    56  usart.o(i.MX_USART6_UART_Init)
    MemManage_Handler                        0x0800566d   Thumb Code    98  mpu.o(i.MemManage_Handler)
    NETMPU_Config                            0x08005709   Thumb Code   128  lan8720.o(i.NETMPU_Config)
    NMI_Handler                              0x08005791   Thumb Code     2  stm32h7xx_it.o(i.NMI_Handler)
    PCF8574_Init                             0x08005795   Thumb Code    96  pcf8574.o(i.PCF8574_Init)
    PCF8574_ReadOneByte                      0x080057fd   Thumb Code    34  pcf8574.o(i.PCF8574_ReadOneByte)
    PCF8574_WriteBit                         0x0800581f   Thumb Code    38  pcf8574.o(i.PCF8574_WriteBit)
    PCF8574_WriteOneByte                     0x08005845   Thumb Code    40  pcf8574.o(i.PCF8574_WriteOneByte)
    PendSV_Handler                           0x0800586d   Thumb Code     2  stm32h7xx_it.o(i.PendSV_Handler)
    SDRAM_Init                               0x08005a81   Thumb Code    96  sdram.o(i.SDRAM_Init)
    SDRAM_Initialization_Sequence            0x08005ae9   Thumb Code    78  sdram.o(i.SDRAM_Initialization_Sequence)
    SDRAM_Send_Cmd                           0x08005b3d   Thumb Code    68  sdram.o(i.SDRAM_Send_Cmd)
    SVC_Handler                              0x08005b85   Thumb Code     2  stm32h7xx_it.o(i.SVC_Handler)
    Stm32_Clock_Init                         0x08005b89   Thumb Code   238  sys.o(i.Stm32_Clock_Init)
    SysTick_Handler                          0x08005c81   Thumb Code    12  stm32h7xx_it.o(i.SysTick_Handler)
    SystemInit                               0x08005c8d   Thumb Code   130  system_stm32h7xx.o(i.SystemInit)
    TIM3_IRQHandler                          0x08005d21   Thumb Code    10  timer.o(i.TIM3_IRQHandler)
    TIM3_Init                                0x08005d31   Thumb Code    36  timer.o(i.TIM3_Init)
    TIM_Base_SetConfig                       0x08005d5d   Thumb Code   172  stm32h7xx_hal_tim.o(i.TIM_Base_SetConfig)
    UART4_IRQHandler                         0x08005e29   Thumb Code   144  stm32h7xx_it.o(i.UART4_IRQHandler)
    UART5_IRQHandler                         0x08005ed1   Thumb Code   190  stm32h7xx_it.o(i.UART5_IRQHandler)
    UART7_IRQHandler                         0x08005fa9   Thumb Code   144  stm32h7xx_it.o(i.UART7_IRQHandler)
    UART_AdvFeatureConfig                    0x08006051   Thumb Code   234  stm32h7xx_hal_uart.o(i.UART_AdvFeatureConfig)
    UART_CheckIdleState                      0x0800613b   Thumb Code   116  stm32h7xx_hal_uart.o(i.UART_CheckIdleState)
    UART_SetConfig                           0x08006399   Thumb Code  2452  stm32h7xx_hal_uart.o(i.UART_SetConfig)
    UART_WaitOnFlagUntilTimeout              0x08006dbf   Thumb Code   108  stm32h7xx_hal_uart.o(i.UART_WaitOnFlagUntilTimeout)
    USART1_IRQHandler                        0x08006e2d   Thumb Code   162  stm32h7xx_it.o(i.USART1_IRQHandler)
    USART2_IRQHandler                        0x08006ee9   Thumb Code   162  stm32h7xx_it.o(i.USART2_IRQHandler)
    USART3_IRQHandler                        0x08006fa5   Thumb Code   144  stm32h7xx_it.o(i.USART3_IRQHandler)
    USART6_IRQHandler                        0x0800704d   Thumb Code   144  stm32h7xx_it.o(i.USART6_IRQHandler)
    UsageFault_Handler                       0x080070f5   Thumb Code     4  stm32h7xx_it.o(i.UsageFault_Handler)
    __0printf$5                              0x080070f9   Thumb Code    22  printf5.o(i.__0printf$5)
    __1printf$5                              0x080070f9   Thumb Code     0  printf5.o(i.__0printf$5)
    __2printf                                0x080070f9   Thumb Code     0  printf5.o(i.__0printf$5)
    __scatterload_copy                       0x08007151   Thumb Code    14  handlers.o(i.__scatterload_copy)
    __scatterload_null                       0x0800715f   Thumb Code     2  handlers.o(i.__scatterload_null)
    __scatterload_zeroinit                   0x08007161   Thumb Code    14  handlers.o(i.__scatterload_zeroinit)
    crc32_core                               0x0800744d   Thumb Code    96  unitree_motor.o(i.crc32_core)
    delay_init                               0x080074b1   Thumb Code    16  delay.o(i.delay_init)
    delay_ms                                 0x080074c5   Thumb Code    24  delay.o(i.delay_ms)
    delay_us                                 0x080074dd   Thumb Code    68  delay.o(i.delay_us)
    etharp_output                            0x080077c9   Thumb Code   314  etharp.o(i.etharp_output)
    etharp_query                             0x0800797d   Thumb Code   338  etharp.o(i.etharp_query)
    etharp_request                           0x08007b8d   Thumb Code    36  etharp.o(i.etharp_request)
    etharp_tmr                               0x08007bf1   Thumb Code   136  etharp.o(i.etharp_tmr)
    ethernet_input                           0x08007d35   Thumb Code   178  etharp.o(i.ethernet_input)
    ethernetif_init                          0x08007ded   Thumb Code    38  ethernetif.o(i.ethernetif_init)
    ethernetif_input                         0x08007e1d   Thumb Code    50  ethernetif.o(i.ethernetif_input)
    extract                                  0x08007e55   Thumb Code   176  unitree_motor.o(i.extract)
    fputc                                    0x08007f1d   Thumb Code    24  main.o(i.fputc)
    icmp_dest_unreach                        0x08007f39   Thumb Code    18  icmp.o(i.icmp_dest_unreach)
    icmp_input                               0x08007f4d   Thumb Code   340  icmp.o(i.icmp_input)
    icmp_time_exceeded                       0x08008119   Thumb Code    18  icmp.o(i.icmp_time_exceeded)
    inet_chksum                              0x0800812b   Thumb Code    20  inet_chksum.o(i.inet_chksum)
    inet_chksum_pbuf                         0x0800813f   Thumb Code    86  inet_chksum.o(i.inet_chksum_pbuf)
    ip4_addr_isbroadcast                     0x08008195   Thumb Code    78  ip_addr.o(i.ip4_addr_isbroadcast)
    ip_frag                                  0x080081e5   Thumb Code   424  ip_frag.o(i.ip_frag)
    ip_input                                 0x080083ad   Thumb Code   376  ip.o(i.ip_input)
    ip_output                                0x08008539   Thumb Code    56  ip.o(i.ip_output)
    ip_output_if                             0x08008571   Thumb Code   192  ip.o(i.ip_output_if)
    ip_reass                                 0x08008635   Thumb Code   386  ip_frag.o(i.ip_reass)
    ip_reass_tmr                             0x08008add   Thumb Code    48  ip_frag.o(i.ip_reass_tmr)
    ip_route                                 0x08008b11   Thumb Code    76  ip.o(i.ip_route)
    lwip_comm_default_ip_set                 0x08008dbd   Thumb Code    90  lwip_comm.o(i.lwip_comm_default_ip_set)
    lwip_comm_init                           0x08008e1d   Thumb Code   272  lwip_comm.o(i.lwip_comm_init)
    lwip_htonl                               0x08009005   Thumb Code    26  def.o(i.lwip_htonl)
    lwip_htons                               0x0800901f   Thumb Code    12  def.o(i.lwip_htons)
    lwip_init                                0x0800902b   Thumb Code    28  init.o(i.lwip_init)
    lwip_ntohl                               0x08009047   Thumb Code    12  def.o(i.lwip_ntohl)
    lwip_ntohs                               0x08009053   Thumb Code    12  def.o(i.lwip_ntohs)
    lwip_periodic_handle                     0x0800905f   Thumb Code     8  lwip_comm.o(i.lwip_periodic_handle)
    lwip_pkt_handle                          0x08009069   Thumb Code    10  lwip_comm.o(i.lwip_pkt_handle)
    main                                     0x080090d9   Thumb Code   330  main.o(i.main)
    mem_free                                 0x0800924d   Thumb Code    68  mem.o(i.mem_free)
    mem_init                                 0x0800929d   Thumb Code    72  mem.o(i.mem_init)
    mem_malloc                               0x080092f5   Thumb Code   222  mem.o(i.mem_malloc)
    mem_trim                                 0x080093e1   Thumb Code   288  mem.o(i.mem_trim)
    memp_free                                0x0800950d   Thumb Code    28  memp.o(i.memp_free)
    memp_init                                0x0800952d   Thumb Code    82  memp.o(i.memp_init)
    memp_malloc                              0x08009591   Thumb Code    40  memp.o(i.memp_malloc)
    modify                                   0x080095bd   Thumb Code   430  unitree_motor.o(i.modify)
    my_mem_free                              0x08009785   Thumb Code    96  malloc.o(i.my_mem_free)
    my_mem_init                              0x080097f1   Thumb Code    34  malloc.o(i.my_mem_init)
    my_mem_malloc                            0x0800981d   Thumb Code   156  malloc.o(i.my_mem_malloc)
    my_mem_perused                           0x080098c5   Thumb Code    56  malloc.o(i.my_mem_perused)
    myfree                                   0x08009905   Thumb Code    30  malloc.o(i.myfree)
    mymalloc                                 0x08009929   Thumb Code    34  malloc.o(i.mymalloc)
    mymemset                                 0x08009951   Thumb Code    20  malloc.o(i.mymemset)
    netif_add                                0x08009965   Thumb Code   100  netif.o(i.netif_add)
    netif_init                               0x080099d1   Thumb Code     2  netif.o(i.netif_init)
    netif_set_addr                           0x080099d3   Thumb Code    40  netif.o(i.netif_set_addr)
    netif_set_default                        0x080099fd   Thumb Code     6  netif.o(i.netif_set_default)
    netif_set_gw                             0x08009a09   Thumb Code    12  netif.o(i.netif_set_gw)
    netif_set_ipaddr                         0x08009a15   Thumb Code   110  netif.o(i.netif_set_ipaddr)
    netif_set_link_up                        0x08009a8d   Thumb Code    54  netif.o(i.netif_set_link_up)
    netif_set_netmask                        0x08009ac3   Thumb Code    12  netif.o(i.netif_set_netmask)
    netif_set_up                             0x08009acf   Thumb Code    54  netif.o(i.netif_set_up)
    pbuf_alloc                               0x08009b05   Thumb Code   402  pbuf.o(i.pbuf_alloc)
    pbuf_alloced_custom                      0x08009c97   Thumb Code   108  pbuf.o(i.pbuf_alloced_custom)
    pbuf_cat                                 0x08009d03   Thumb Code    56  pbuf.o(i.pbuf_cat)
    pbuf_chain                               0x08009d3b   Thumb Code    22  pbuf.o(i.pbuf_chain)
    pbuf_clen                                0x08009d51   Thumb Code    18  pbuf.o(i.pbuf_clen)
    pbuf_copy                                0x08009d63   Thumb Code   192  pbuf.o(i.pbuf_copy)
    pbuf_copy_partial                        0x08009e23   Thumb Code   146  pbuf.o(i.pbuf_copy_partial)
    pbuf_free                                0x08009eb5   Thumb Code   134  pbuf.o(i.pbuf_free)
    pbuf_free_custom                         0x08009f3b   Thumb Code    18  ethernetif.o(i.pbuf_free_custom)
    pbuf_header                              0x08009f4d   Thumb Code   126  pbuf.o(i.pbuf_header)
    pbuf_realloc                             0x08009fcb   Thumb Code   120  pbuf.o(i.pbuf_realloc)
    pbuf_ref                                 0x0800a043   Thumb Code    10  pbuf.o(i.pbuf_ref)
    pbuf_take                                0x0800a04d   Thumb Code   116  pbuf.o(i.pbuf_take)
    raw_input                                0x0800a149   Thumb Code   102  raw.o(i.raw_input)
    receive_motor_feedback                   0x0800a1bd   Thumb Code   116  unitree_motor_ctrl_task.o(i.receive_motor_feedback)
    send_all_motor_command                   0x0800a231   Thumb Code    98  unitree_motor_ctrl_task.o(i.send_all_motor_command)
    send_single_motor_command                0x0800a293   Thumb Code   114  unitree_motor_ctrl_task.o(i.send_single_motor_command)
    sys_check_timeouts                       0x0800a305   Thumb Code    92  timers.o(i.sys_check_timeouts)
    sys_now                                  0x0800a369   Thumb Code     6  sys_arch.o(i.sys_now)
    sys_timeout                              0x0800a375   Thumb Code   152  timers.o(i.sys_timeout)
    sys_timeouts_init                        0x0800a411   Thumb Code    36  timers.o(i.sys_timeouts_init)
    tcp_abandon                              0x0800a441   Thumb Code   136  tcp.o(i.tcp_abandon)
    tcp_abort                                0x0800a4d5   Thumb Code    14  tcp.o(i.tcp_abort)
    tcp_alloc                                0x0800a4e5   Thumb Code   172  tcp.o(i.tcp_alloc)
    tcp_close                                0x0800a5a1   Thumb Code    28  tcp.o(i.tcp_close)
    tcp_eff_send_mss                         0x0800a831   Thumb Code    46  tcp.o(i.tcp_eff_send_mss)
    tcp_enqueue_flags                        0x0800a85f   Thumb Code   272  tcp_out.o(i.tcp_enqueue_flags)
    tcp_fasttmr                              0x0800a971   Thumb Code   110  tcp.o(i.tcp_fasttmr)
    tcp_init                                 0x0800a9ed   Thumb Code     2  tcp.o(i.tcp_init)
    tcp_input                                0x0800a9f1   Thumb Code  1132  tcp_in.o(i.tcp_input)
    tcp_keepalive                            0x0800ae6d   Thumb Code    68  tcp_out.o(i.tcp_keepalive)
    tcp_next_iss                             0x0800b071   Thumb Code    20  tcp.o(i.tcp_next_iss)
    tcp_output                               0x0800b08d   Thumb Code   444  tcp_out.o(i.tcp_output)
    tcp_pcb_purge                            0x0800b44d   Thumb Code    64  tcp.o(i.tcp_pcb_purge)
    tcp_pcb_remove                           0x0800b48d   Thumb Code   140  tcp.o(i.tcp_pcb_remove)
    tcp_process_refused_data                 0x0800baa9   Thumb Code   140  tcp.o(i.tcp_process_refused_data)
    tcp_recv_null                            0x0800c171   Thumb Code    46  tcp.o(i.tcp_recv_null)
    tcp_recved                               0x0800c19f   Thumb Code    70  tcp.o(i.tcp_recved)
    tcp_rexmit                               0x0800c1e5   Thumb Code    90  tcp_out.o(i.tcp_rexmit)
    tcp_rexmit_fast                          0x0800c23f   Thumb Code   112  tcp_out.o(i.tcp_rexmit_fast)
    tcp_rexmit_rto                           0x0800c2af   Thumb Code    58  tcp_out.o(i.tcp_rexmit_rto)
    tcp_rst                                  0x0800c2e9   Thumb Code   124  tcp_out.o(i.tcp_rst)
    tcp_seg_free                             0x0800c365   Thumb Code    26  tcp.o(i.tcp_seg_free)
    tcp_segs_free                            0x0800c37f   Thumb Code    24  tcp.o(i.tcp_segs_free)
    tcp_send_empty_ack                       0x0800c397   Thumb Code    78  tcp_out.o(i.tcp_send_empty_ack)
    tcp_send_fin                             0x0800c3e5   Thumb Code    74  tcp_out.o(i.tcp_send_fin)
    tcp_slowtmr                              0x0800c431   Thumb Code   786  tcp.o(i.tcp_slowtmr)
    tcp_timer_needed                         0x0800c765   Thumb Code    38  timers.o(i.tcp_timer_needed)
    tcp_tmr                                  0x0800c849   Thumb Code    30  tcp.o(i.tcp_tmr)
    tcp_update_rcv_ann_wnd                   0x0800c86d   Thumb Code    78  tcp.o(i.tcp_update_rcv_ann_wnd)
    tcp_zero_window_probe                    0x0800c8bb   Thumb Code   164  tcp_out.o(i.tcp_zero_window_probe)
    udp_bind                                 0x0800c999   Thumb Code   122  udp.o(i.udp_bind)
    udp_connect                              0x0800ca19   Thumb Code    94  udp.o(i.udp_connect)
    udp_demo_connection_close                0x0800ca7d   Thumb Code    30  udp_demo.o(i.udp_demo_connection_close)
    udp_demo_recv                            0x0800caa1   Thumb Code   176  udp_demo.o(i.udp_demo_recv)
    udp_demo_senddata                        0x0800cb5d   Thumb Code    66  udp_demo.o(i.udp_demo_senddata)
    udp_demo_set_remoteip                    0x0800cba5   Thumb Code    46  udp_demo.o(i.udp_demo_set_remoteip)
    udp_demo_test                            0x0800cbd9   Thumb Code   252  udp_demo.o(i.udp_demo_test)
    udp_disconnect                           0x0800cce9   Thumb Code    16  udp.o(i.udp_disconnect)
    udp_init                                 0x0800ccf9   Thumb Code     2  udp.o(i.udp_init)
    udp_input                                0x0800ccfd   Thumb Code   392  udp.o(i.udp_input)
    udp_new                                  0x0800ce91   Thumb Code    28  udp.o(i.udp_new)
    udp_recv                                 0x0800cf05   Thumb Code     6  udp.o(i.udp_recv)
    udp_remove                               0x0800cf0d   Thumb Code    60  udp.o(i.udp_remove)
    udp_send                                 0x0800cf4d   Thumb Code    20  udp.o(i.udp_send)
    udp_sendto                               0x0800cf61   Thumb Code    46  udp.o(i.udp_sendto)
    udp_sendto_if                            0x0800cf8f   Thumb Code   206  udp.o(i.udp_sendto_if)
    D1CorePrescTable                         0x0800d08c   Data          16  system_stm32h7xx.o(.constdata)
    memtblsize                               0x0800d134   Data          12  malloc.o(.constdata)
    memblksize                               0x0800d140   Data          12  malloc.o(.constdata)
    memsize                                  0x0800d14c   Data          12  malloc.o(.constdata)
    ethbroadcast                             0x0800d158   Data           6  etharp.o(.constdata)
    ethzero                                  0x0800d15e   Data           6  etharp.o(.constdata)
    ip_addr_any                              0x0800d164   Data           4  ip_addr.o(.constdata)
    ip_addr_broadcast                        0x0800d168   Data           4  ip_addr.o(.constdata)
    tcp_state_str                            0x0800d194   Data          44  tcp.o(.constdata)
    tcp_backoff                              0x0800d1c0   Data          13  tcp.o(.constdata)
    tcp_persist_backoff                      0x0800d1cd   Data           7  tcp.o(.constdata)
    tcp_pcb_lists                            0x0800d1d4   Data          16  tcp.o(.constdata)
    Region$$Table$$Base                      0x0800d288   Number         0  anon$$obj.o(Region$$Table)
    Region$$Table$$Limit                     0x0800d2a8   Number         0  anon$$obj.o(Region$$Table)
    mem3base                                 0x20000000   Data       61440  malloc.o(.ARM.__AT_0x20000000)
    mem3mapbase                              0x2000f000   Data        3840  malloc.o(.ARM.__AT_0x2000F000)
    __stdout                                 0x24000000   Data           4  main.o(.data)
    itcnt3                                   0x24000004   Data           4  stm32h7xx_it.o(.data)
    ore_frecquency                           0x24000008   Data           4  stm32h7xx_it.o(.data)
    normal_frecquency                        0x2400000c   Data           4  stm32h7xx_it.o(.data)
    precent                                  0x24000010   Data           4  stm32h7xx_it.o(.data)
    SystemCoreClock                          0x24000014   Data           4  system_stm32h7xx.o(.data)
    SystemD2Clock                            0x24000018   Data           4  system_stm32h7xx.o(.data)
    uwTick                                   0x24000020   Data           4  stm32h7xx_hal.o(.data)
    start_send                               0x24000028   Data           1  timer.o(.data)
    if_long_use                              0x24000029   Data           1  timer.o(.data)
    fast_send                                0x2400002a   Data           1  timer.o(.data)
    timer_pp                                 0x2400002c   Data           4  timer.o(.data)
    psc_1000                                 0x24000030   Data           4  timer.o(.data)
    mallco_dev                               0x24000034   Data          36  malloc.o(.data)
    TCPTimer                                 0x24000058   Data           4  lwip_comm.o(.data)
    ARPTimer                                 0x2400005c   Data           4  lwip_comm.o(.data)
    lwip_localtime                           0x24000060   Data           4  lwip_comm.o(.data)
    tcp_demo_sendbuf                         0x24000064   Data           4  udp_demo.o(.data)
    udp_demo_flag                            0x24000068   Data           1  udp_demo.o(.data)
    current_pbuf_idx                         0x2400006c   Data           4  ethernetif.o(.data)
    current_netif                            0x24000070   Data           4  ip.o(.data)
    current_header                           0x24000074   Data           4  ip.o(.data)
    current_iphdr_src                        0x24000078   Data           4  ip.o(.data)
    current_iphdr_dest                       0x2400007c   Data           4  ip.o(.data)
    netif_list                               0x24000098   Data           4  netif.o(.data)
    netif_default                            0x2400009c   Data           4  netif.o(.data)
    tcp_ticks                                0x240000ac   Data           4  tcp.o(.data)
    tcp_bound_pcbs                           0x240000b0   Data           4  tcp.o(.data)
    tcp_listen_pcbs                          0x240000b4   Data           4  tcp.o(.data)
    tcp_active_pcbs                          0x240000b8   Data           4  tcp.o(.data)
    tcp_tw_pcbs                              0x240000bc   Data           4  tcp.o(.data)
    tcp_tmp_pcb                              0x240000c0   Data           4  tcp.o(.data)
    tcp_active_pcbs_changed                  0x240000c4   Data           1  tcp.o(.data)
    tcp_input_pcb                            0x240000e8   Data           4  tcp_in.o(.data)
    udp_pcbs                                 0x240000fc   Data           4  udp.o(.data)
    leg                                      0x24000100   Data        1872  unitree_motor.o(.data)
    max_kp                                   0x24000850   Data           4  unitree_motor.o(.data)
    min_kd                                   0x24000854   Data           4  unitree_motor.o(.data)
    max_torque                               0x24000858   Data           4  unitree_motor.o(.data)
    SDRAM_Handler                            0x2400085c   Data          52  sdram.o(.bss)
    TIM3_Handler                             0x24000890   Data          64  timer.o(.bss)
    uart_rx_buffer                           0x240008d0   Data         624  usart.o(.bss)
    uart_tx_buffer                           0x24000b40   Data         272  usart.o(.bss)
    huart4                                   0x24000c50   Data         128  usart.o(.bss)
    huart5                                   0x24000cd0   Data         128  usart.o(.bss)
    huart7                                   0x24000d50   Data         128  usart.o(.bss)
    huart1                                   0x24000dd0   Data         128  usart.o(.bss)
    huart2                                   0x24000e50   Data         128  usart.o(.bss)
    huart3                                   0x24000ed0   Data         128  usart.o(.bss)
    huart6                                   0x24000f50   Data         128  usart.o(.bss)
    hdma_uart4_rx                            0x24000fd0   Data         120  usart.o(.bss)
    hdma_uart4_tx                            0x24001048   Data         120  usart.o(.bss)
    hdma_uart5_rx                            0x240010c0   Data         120  usart.o(.bss)
    hdma_uart5_tx                            0x24001138   Data         120  usart.o(.bss)
    hdma_uart7_rx                            0x240011b0   Data         120  usart.o(.bss)
    hdma_uart7_tx                            0x24001228   Data         120  usart.o(.bss)
    hdma_usart1_rx                           0x240012a0   Data         120  usart.o(.bss)
    hdma_usart1_tx                           0x24001318   Data         120  usart.o(.bss)
    hdma_usart2_rx                           0x24001390   Data         120  usart.o(.bss)
    hdma_usart2_tx                           0x24001408   Data         120  usart.o(.bss)
    hdma_usart3_rx                           0x24001480   Data         120  usart.o(.bss)
    hdma_usart3_tx                           0x240014f8   Data         120  usart.o(.bss)
    hdma_usart6_rx                           0x24001570   Data         120  usart.o(.bss)
    hdma_usart6_tx                           0x240015e8   Data         120  usart.o(.bss)
    LAN8720_ETHHandle                        0x24001660   Data         104  lan8720.o(.bss)
    mem1base                                 0x24001700   Data       163840  malloc.o(.bss)
    mem1mapbase                              0x24029700   Data       10240  malloc.o(.bss)
    lwipdev                                  0x2402bf00   Data          23  lwip_comm.o(.bss)
    lwip_netif                               0x2402bf18   Data          48  lwip_comm.o(.bss)
    udp_demo_recvbuf                         0x2402bf48   Data        2000  udp_demo.o(.bss)
    TxConfig                                 0x2402c7e0   Data          52  ethernetif.o(.bss)
    rx_pbuf                                  0x2402c814   Data          80  ethernetif.o(.bss)
    ram_heap                                 0x2402c864   Data       16404  mem.o(.bss)
    system_monitor                           0x240350bc   Data          64  system_monitor.o(.bss)
    __initial_sp                             0x24035500   Data           0  startup_stm32h743xx.o(STACK)
    DMARxDscrTab                             0x30040000   Data          96  lan8720.o(.ARM.__AT_0x30040000)
    DMATxDscrTab                             0x30040060   Data          96  lan8720.o(.ARM.__AT_0x30040060)
    Rx_Buff                                  0x30040200   Data        6112  lan8720.o(.ARM.__AT_0x30040200)
    ltdc_lcd_framebuf                        0xc0000000   Data       2048000  ltdc.o(.ARM.__AT_0xC0000000)
    mem2base                                 0xc01f4000   Data       29605888  malloc.o(.ARM.__AT_0xC01F4000)
    mem2mapbase                              0xc1e30000   Data       1850368  malloc.o(.ARM.__AT_0xC1E30000)



==============================================================================

Memory Map of the image

  Image Entry point : 0x08000299

  Load Region LR_IROM1 (Base: 0x08000000, Size: 0x0000db04, Max: 0x00200000, ABSOLUTE, COMPRESSED[0x0000d354])

    Execution Region ER_IROM1 (Exec base: 0x08000000, Load base: 0x08000000, Size: 0x0000d2a8, Max: 0x00200000, ABSOLUTE)

    Exec Addr    Load Addr    Size         Type   Attr      Idx    E Section Name        Object

    0x08000000   0x08000000   0x00000298   Data   RO          749    RESET               startup_stm32h743xx.o
    0x08000298   0x08000298   0x00000000   Code   RO         8348  * .ARM.Collect$$$$00000000  mc_w.l(entry.o)
    0x08000298   0x08000298   0x00000004   Code   RO         8624    .ARM.Collect$$$$00000001  mc_w.l(entry2.o)
    0x0800029c   0x0800029c   0x00000004   Code   RO         8627    .ARM.Collect$$$$00000004  mc_w.l(entry5.o)
    0x080002a0   0x080002a0   0x00000000   Code   RO         8629    .ARM.Collect$$$$00000008  mc_w.l(entry7b.o)
    0x080002a0   0x080002a0   0x00000000   Code   RO         8631    .ARM.Collect$$$$0000000A  mc_w.l(entry8b.o)
    0x080002a0   0x080002a0   0x00000008   Code   RO         8632    .ARM.Collect$$$$0000000B  mc_w.l(entry9a.o)
    0x080002a8   0x080002a8   0x00000004   Code   RO         8639    .ARM.Collect$$$$0000000E  mc_w.l(entry12b.o)
    0x080002ac   0x080002ac   0x00000000   Code   RO         8634    .ARM.Collect$$$$0000000F  mc_w.l(entry10a.o)
    0x080002ac   0x080002ac   0x00000000   Code   RO         8636    .ARM.Collect$$$$00000011  mc_w.l(entry11a.o)
    0x080002ac   0x080002ac   0x00000004   Code   RO         8625    .ARM.Collect$$$$00002712  mc_w.l(entry2.o)
    0x080002b0   0x080002b0   0x00000010   Code   RO          796    .emb_text           sys.o
    0x080002c0   0x080002c0   0x00000024   Code   RO          750    .text               startup_stm32h743xx.o
    0x080002e4   0x080002e4   0x00000062   Code   RO         8351    .text               mc_w.l(uldiv.o)
    0x08000346   0x08000346   0x00000024   Code   RO         8353    .text               mc_w.l(memcpya.o)
    0x0800036a   0x0800036a   0x00000024   Code   RO         8355    .text               mc_w.l(memseta.o)
    0x0800038e   0x0800038e   0x0000000e   Code   RO         8357    .text               mc_w.l(strlen.o)
    0x0800039c   0x0800039c   0x0000001a   Code   RO         8359    .text               mc_w.l(memcmp.o)
    0x080003b6   0x080003b6   0x0000001e   Code   RO         8642    .text               mc_w.l(llshl.o)
    0x080003d4   0x080003d4   0x00000020   Code   RO         8644    .text               mc_w.l(llushr.o)
    0x080003f4   0x080003f4   0x00000024   Code   RO         8657    .text               mc_w.l(init.o)
    0x08000418   0x08000418   0x0000003a   Code   RO         8671    .text               mc_w.l(__dczerorl.o)
    0x08000452   0x08000452   0x00000004   Code   RO          466    i.BusFault_Handler  stm32h7xx_it.o
    0x08000456   0x08000456   0x00000002   PAD
    0x08000458   0x08000458   0x0000001c   Code   RO          797    i.Cache_Enable      sys.o
    0x08000474   0x08000474   0x0000001c   Code   RO          467    i.DMA1_Stream0_IRQHandler  stm32h7xx_it.o
    0x08000490   0x08000490   0x00000010   Code   RO          468    i.DMA1_Stream1_IRQHandler  stm32h7xx_it.o
    0x080004a0   0x080004a0   0x00000010   Code   RO          469    i.DMA1_Stream2_IRQHandler  stm32h7xx_it.o
    0x080004b0   0x080004b0   0x00000010   Code   RO          470    i.DMA1_Stream3_IRQHandler  stm32h7xx_it.o
    0x080004c0   0x080004c0   0x00000010   Code   RO          471    i.DMA1_Stream4_IRQHandler  stm32h7xx_it.o
    0x080004d0   0x080004d0   0x00000010   Code   RO          472    i.DMA1_Stream5_IRQHandler  stm32h7xx_it.o
    0x080004e0   0x080004e0   0x00000010   Code   RO          473    i.DMA1_Stream6_IRQHandler  stm32h7xx_it.o
    0x080004f0   0x080004f0   0x00000010   Code   RO          474    i.DMA1_Stream7_IRQHandler  stm32h7xx_it.o
    0x08000500   0x08000500   0x00000010   Code   RO          475    i.DMA2_Stream0_IRQHandler  stm32h7xx_it.o
    0x08000510   0x08000510   0x00000010   Code   RO          476    i.DMA2_Stream1_IRQHandler  stm32h7xx_it.o
    0x08000520   0x08000520   0x00000010   Code   RO          477    i.DMA2_Stream2_IRQHandler  stm32h7xx_it.o
    0x08000530   0x08000530   0x00000010   Code   RO          478    i.DMA2_Stream3_IRQHandler  stm32h7xx_it.o
    0x08000540   0x08000540   0x00000010   Code   RO          479    i.DMA2_Stream4_IRQHandler  stm32h7xx_it.o
    0x08000550   0x08000550   0x00000010   Code   RO          480    i.DMA2_Stream5_IRQHandler  stm32h7xx_it.o
    0x08000560   0x08000560   0x00000034   Code   RO         1292    i.DMA_CalcBaseAndBitshift  stm32h7xx_hal_dma.o
    0x08000594   0x08000594   0x00000074   Code   RO         1293    i.DMA_CalcDMAMUXChannelBaseAndMask  stm32h7xx_hal_dma.o
    0x08000608   0x08000608   0x00000054   Code   RO         1294    i.DMA_CalcDMAMUXRequestGenBaseAndMask  stm32h7xx_hal_dma.o
    0x0800065c   0x0800065c   0x000000ae   Code   RO         1295    i.DMA_CheckFifoParam  stm32h7xx_hal_dma.o
    0x0800070a   0x0800070a   0x00000002   PAD
    0x0800070c   0x0800070c   0x000000c0   Code   RO         1296    i.DMA_SetConfig     stm32h7xx_hal_dma.o
    0x080007cc   0x080007cc   0x00000002   Code   RO          481    i.DebugMon_Handler  stm32h7xx_it.o
    0x080007ce   0x080007ce   0x0000005c   Code   RO         5015    i.ETH_DMARxDescListInit  stm32h7xx_hal_eth.o
    0x0800082a   0x0800082a   0x00000052   Code   RO         5016    i.ETH_DMATxDescListInit  stm32h7xx_hal_eth.o
    0x0800087c   0x0800087c   0x00000038   Code   RO         6193    i.ETH_IRQHandler    lan8720.o
    0x080008b4   0x080008b4   0x00000106   Code   RO         5017    i.ETH_MACDMAConfig  stm32h7xx_hal_eth.o
    0x080009ba   0x080009ba   0x00000002   PAD
    0x080009bc   0x080009bc   0x0000007c   Code   RO         5018    i.ETH_MAC_MDIO_ClkConfig  stm32h7xx_hal_eth.o
    0x08000a38   0x08000a38   0x0000033c   Code   RO         5019    i.ETH_Prepare_Tx_Descriptors  stm32h7xx_hal_eth.o
    0x08000d74   0x08000d74   0x000000c0   Code   RO         5020    i.ETH_SetDMAConfig  stm32h7xx_hal_eth.o
    0x08000e34   0x08000e34   0x00000194   Code   RO         5021    i.ETH_SetMACConfig  stm32h7xx_hal_eth.o
    0x08000fc8   0x08000fc8   0x00000074   Code   RO         3935    i.FMC_SDRAM_Init    stm32h7xx_ll_fmc.o
    0x0800103c   0x0800103c   0x0000000e   Code   RO         3936    i.FMC_SDRAM_ProgramRefreshRate  stm32h7xx_ll_fmc.o
    0x0800104a   0x0800104a   0x00000026   Code   RO         3937    i.FMC_SDRAM_SendCommand  stm32h7xx_ll_fmc.o
    0x08001070   0x08001070   0x0000009c   Code   RO         3939    i.FMC_SDRAM_Timing_Init  stm32h7xx_ll_fmc.o
    0x0800110c   0x0800110c   0x00000154   Code   RO         1297    i.HAL_DMA_Abort     stm32h7xx_hal_dma.o
    0x08001260   0x08001260   0x00000104   Code   RO         1298    i.HAL_DMA_Abort_IT  stm32h7xx_hal_dma.o
    0x08001364   0x08001364   0x00000006   Code   RO         1300    i.HAL_DMA_GetError  stm32h7xx_hal_dma.o
    0x0800136a   0x0800136a   0x00000002   PAD
    0x0800136c   0x0800136c   0x0000044c   Code   RO         1302    i.HAL_DMA_IRQHandler  stm32h7xx_hal_dma.o
    0x080017b8   0x080017b8   0x00000230   Code   RO         1303    i.HAL_DMA_Init      stm32h7xx_hal_dma.o
    0x080019e8   0x080019e8   0x00000134   Code   RO         1307    i.HAL_DMA_Start_IT  stm32h7xx_hal_dma.o
    0x08001b1c   0x08001b1c   0x00000080   Code   RO         5022    i.HAL_ETH_BuildRxDescriptors  stm32h7xx_hal_eth.o
    0x08001b9c   0x08001b9c   0x00000040   Code   RO         5025    i.HAL_ETH_DescAssignMemory  stm32h7xx_hal_eth.o
    0x08001bdc   0x08001bdc   0x000001d6   Code   RO         5032    i.HAL_ETH_GetMACConfig  stm32h7xx_hal_eth.o
    0x08001db2   0x08001db2   0x000000d2   Code   RO         5036    i.HAL_ETH_GetRxDataBuffer  stm32h7xx_hal_eth.o
    0x08001e84   0x08001e84   0x00000040   Code   RO         5038    i.HAL_ETH_GetRxDataLength  stm32h7xx_hal_eth.o
    0x08001ec4   0x08001ec4   0x00000160   Code   RO         5041    i.HAL_ETH_Init      stm32h7xx_hal_eth.o
    0x08002024   0x08002024   0x000000fe   Code   RO         5042    i.HAL_ETH_IsRxDataAvailable  stm32h7xx_hal_eth.o
    0x08002122   0x08002122   0x00000002   PAD
    0x08002124   0x08002124   0x00000130   Code   RO         6194    i.HAL_ETH_MspInit   lan8720.o
    0x08002254   0x08002254   0x0000007e   Code   RO         5047    i.HAL_ETH_ReadPHYRegister  stm32h7xx_hal_eth.o
    0x080022d2   0x080022d2   0x00000024   Code   RO         5051    i.HAL_ETH_SetMACConfig  stm32h7xx_hal_eth.o
    0x080022f6   0x080022f6   0x00000002   PAD
    0x080022f8   0x080022f8   0x0000007c   Code   RO         5053    i.HAL_ETH_SetMDIOClockRange  stm32h7xx_hal_eth.o
    0x08002374   0x08002374   0x000000e4   Code   RO         5058    i.HAL_ETH_Start_IT  stm32h7xx_hal_eth.o
    0x08002458   0x08002458   0x000000f4   Code   RO         5061    i.HAL_ETH_Transmit  stm32h7xx_hal_eth.o
    0x0800254c   0x0800254c   0x00000084   Code   RO         5065    i.HAL_ETH_WritePHYRegister  stm32h7xx_hal_eth.o
    0x080025d0   0x080025d0   0x00000014   Code   RO          874    i.HAL_EnableCompensationCell  stm32h7xx_hal.o
    0x080025e4   0x080025e4   0x0000021c   Code   RO         1485    i.HAL_GPIO_Init     stm32h7xx_hal_gpio.o
    0x08002800   0x08002800   0x00000010   Code   RO         1487    i.HAL_GPIO_ReadPin  stm32h7xx_hal_gpio.o
    0x08002810   0x08002810   0x00000008   Code   RO         1488    i.HAL_GPIO_TogglePin  stm32h7xx_hal_gpio.o
    0x08002818   0x08002818   0x0000000a   Code   RO         1489    i.HAL_GPIO_WritePin  stm32h7xx_hal_gpio.o
    0x08002822   0x08002822   0x00000002   PAD
    0x08002824   0x08002824   0x0000000c   Code   RO          881    i.HAL_GetTick       stm32h7xx_hal.o
    0x08002830   0x08002830   0x00000010   Code   RO          882    i.HAL_IncTick       stm32h7xx_hal.o
    0x08002840   0x08002840   0x00000016   Code   RO          883    i.HAL_Init          stm32h7xx_hal.o
    0x08002856   0x08002856   0x00000002   PAD
    0x08002858   0x08002858   0x00000028   Code   RO          884    i.HAL_InitTick      stm32h7xx_hal.o
    0x08002880   0x08002880   0x0000005c   Code   RO         1157    i.HAL_MPU_ConfigRegion  stm32h7xx_hal_cortex.o
    0x080028dc   0x080028dc   0x00000002   Code   RO          716    i.HAL_MspInit       stm32h7xx_hal_msp.o
    0x080028de   0x080028de   0x00000020   Code   RO         1160    i.HAL_NVIC_EnableIRQ  stm32h7xx_hal_cortex.o
    0x080028fe   0x080028fe   0x0000007c   Code   RO         1166    i.HAL_NVIC_SetPriority  stm32h7xx_hal_cortex.o
    0x0800297a   0x0800297a   0x00000002   PAD
    0x0800297c   0x0800297c   0x00000028   Code   RO         1167    i.HAL_NVIC_SetPriorityGrouping  stm32h7xx_hal_cortex.o
    0x080029a4   0x080029a4   0x00000038   Code   RO         2036    i.HAL_RCCEx_GetD1SysClockFreq  stm32h7xx_hal_rcc_ex.o
    0x080029dc   0x080029dc   0x0000002c   Code   RO         2037    i.HAL_RCCEx_GetD3PCLK1Freq  stm32h7xx_hal_rcc_ex.o
    0x08002a08   0x08002a08   0x0000022c   Code   RO         2039    i.HAL_RCCEx_GetPLL2ClockFreq  stm32h7xx_hal_rcc_ex.o
    0x08002c34   0x08002c34   0x0000022c   Code   RO         2040    i.HAL_RCCEx_GetPLL3ClockFreq  stm32h7xx_hal_rcc_ex.o
    0x08002e60   0x08002e60   0x00000250   Code   RO         1927    i.HAL_RCC_ClockConfig  stm32h7xx_hal_rcc.o
    0x080030b0   0x080030b0   0x00000038   Code   RO         1931    i.HAL_RCC_GetHCLKFreq  stm32h7xx_hal_rcc.o
    0x080030e8   0x080030e8   0x0000002c   Code   RO         1933    i.HAL_RCC_GetPCLK1Freq  stm32h7xx_hal_rcc.o
    0x08003114   0x08003114   0x0000002c   Code   RO         1934    i.HAL_RCC_GetPCLK2Freq  stm32h7xx_hal_rcc.o
    0x08003140   0x08003140   0x00000244   Code   RO         1935    i.HAL_RCC_GetSysClockFreq  stm32h7xx_hal_rcc.o
    0x08003384   0x08003384   0x000006c8   Code   RO         1938    i.HAL_RCC_OscConfig  stm32h7xx_hal_rcc.o
    0x08003a4c   0x08003a4c   0x00000050   Code   RO         4222    i.HAL_SDRAM_Init    stm32h7xx_hal_sdram.o
    0x08003a9c   0x08003a9c   0x00000150   Code   RO         5769    i.HAL_SDRAM_MspInit  sdram.o
    0x08003bec   0x08003bec   0x00000028   Code   RO         4225    i.HAL_SDRAM_ProgramRefreshRate  stm32h7xx_hal_sdram.o
    0x08003c14   0x08003c14   0x0000003a   Code   RO         4231    i.HAL_SDRAM_SendCommand  stm32h7xx_hal_sdram.o
    0x08003c4e   0x08003c4e   0x00000002   PAD
    0x08003c50   0x08003c50   0x00000014   Code   RO          888    i.HAL_SYSCFG_AnalogSwitchConfig  stm32h7xx_hal.o
    0x08003c64   0x08003c64   0x00000014   Code   RO          895    i.HAL_SYSCFG_ETHInterfaceSelect  stm32h7xx_hal.o
    0x08003c78   0x08003c78   0x00000028   Code   RO         1169    i.HAL_SYSTICK_CLKSourceConfig  stm32h7xx_hal_cortex.o
    0x08003ca0   0x08003ca0   0x00000002   Code   RO         1170    i.HAL_SYSTICK_Callback  stm32h7xx_hal_cortex.o
    0x08003ca2   0x08003ca2   0x00000034   Code   RO         1171    i.HAL_SYSTICK_Config  stm32h7xx_hal_cortex.o
    0x08003cd6   0x08003cd6   0x00000008   Code   RO         1172    i.HAL_SYSTICK_IRQHandler  stm32h7xx_hal_cortex.o
    0x08003cde   0x08003cde   0x00000002   Code   RO         3539    i.HAL_TIMEx_BreakCallback  stm32h7xx_hal_tim_ex.o
    0x08003ce0   0x08003ce0   0x00000002   Code   RO         3540    i.HAL_TIMEx_CommutationCallback  stm32h7xx_hal_tim_ex.o
    0x08003ce2   0x08003ce2   0x00000034   Code   RO         2884    i.HAL_TIM_Base_Init  stm32h7xx_hal_tim.o
    0x08003d16   0x08003d16   0x00000002   PAD
    0x08003d18   0x08003d18   0x00000044   Code   RO         6063    i.HAL_TIM_Base_MspInit  timer.o
    0x08003d5c   0x08003d5c   0x0000001e   Code   RO         2889    i.HAL_TIM_Base_Start_IT  stm32h7xx_hal_tim.o
    0x08003d7a   0x08003d7a   0x00000002   Code   RO         2913    i.HAL_TIM_IC_CaptureCallback  stm32h7xx_hal_tim.o
    0x08003d7c   0x08003d7c   0x000001b8   Code   RO         2926    i.HAL_TIM_IRQHandler  stm32h7xx_hal_tim.o
    0x08003f34   0x08003f34   0x00000002   Code   RO         2929    i.HAL_TIM_OC_DelayElapsedCallback  stm32h7xx_hal_tim.o
    0x08003f36   0x08003f36   0x00000002   Code   RO         2956    i.HAL_TIM_PWM_PulseFinishedCallback  stm32h7xx_hal_tim.o
    0x08003f38   0x08003f38   0x000000bc   Code   RO         6064    i.HAL_TIM_PeriodElapsedCallback  timer.o
    0x08003ff4   0x08003ff4   0x00000002   Code   RO         2967    i.HAL_TIM_TriggerCallback  stm32h7xx_hal_tim.o
    0x08003ff6   0x08003ff6   0x00000002   Code   RO         2558    i.HAL_UARTEx_WakeupCallback  stm32h7xx_hal_uart_ex.o
    0x08003ff8   0x08003ff8   0x00000054   Code   RO         2211    i.HAL_UART_DMAResume  stm32h7xx_hal_uart.o
    0x0800404c   0x0800404c   0x00000064   Code   RO         2212    i.HAL_UART_DMAStop  stm32h7xx_hal_uart.o
    0x080040b0   0x080040b0   0x00000028   Code   RO            4    i.HAL_UART_ErrorCallback  main.o
    0x080040d8   0x080040d8   0x000001bc   Code   RO         2217    i.HAL_UART_IRQHandler  stm32h7xx_hal_uart.o
    0x08004294   0x08004294   0x00000078   Code   RO         2218    i.HAL_UART_Init     stm32h7xx_hal_uart.o
    0x0800430c   0x0800430c   0x0000060c   Code   RO         6115    i.HAL_UART_MspInit  usart.o
    0x08004918   0x08004918   0x00000094   Code   RO         2222    i.HAL_UART_Receive_DMA  stm32h7xx_hal_uart.o
    0x080049ac   0x080049ac   0x00000002   Code   RO         2225    i.HAL_UART_RxCpltCallback  stm32h7xx_hal_uart.o
    0x080049ae   0x080049ae   0x00000002   Code   RO         2226    i.HAL_UART_RxHalfCpltCallback  stm32h7xx_hal_uart.o
    0x080049b0   0x080049b0   0x00000084   Code   RO         2228    i.HAL_UART_Transmit_DMA  stm32h7xx_hal_uart.o
    0x08004a34   0x08004a34   0x00000002   Code   RO         2230    i.HAL_UART_TxCpltCallback  stm32h7xx_hal_uart.o
    0x08004a36   0x08004a36   0x00000002   Code   RO         2231    i.HAL_UART_TxHalfCpltCallback  stm32h7xx_hal_uart.o
    0x08004a38   0x08004a38   0x00000004   Code   RO          482    i.HardFault_Handler  stm32h7xx_it.o
    0x08004a3c   0x08004a3c   0x00000054   Code   RO         5945    i.IIC_Ack           myiic.o
    0x08004a90   0x08004a90   0x00000058   Code   RO         5946    i.IIC_Init          myiic.o
    0x08004ae8   0x08004ae8   0x00000054   Code   RO         5947    i.IIC_NAck          myiic.o
    0x08004b3c   0x08004b3c   0x0000006c   Code   RO         5948    i.IIC_Read_Byte     myiic.o
    0x08004ba8   0x08004ba8   0x0000007c   Code   RO         5949    i.IIC_Send_Byte     myiic.o
    0x08004c24   0x08004c24   0x00000054   Code   RO         5950    i.IIC_Start         myiic.o
    0x08004c78   0x08004c78   0x00000054   Code   RO         5951    i.IIC_Stop          myiic.o
    0x08004ccc   0x08004ccc   0x00000068   Code   RO         5952    i.IIC_Wait_Ack      myiic.o
    0x08004d34   0x08004d34   0x000000a8   Code   RO         5500    i.KEY_Init          key.o
    0x08004ddc   0x08004ddc   0x000000d0   Code   RO         5501    i.KEY_Scan          key.o
    0x08004eac   0x08004eac   0x000000b8   Code   RO         6203    i.LAN8720_GetLinkState  lan8720.o
    0x08004f64   0x08004f64   0x000001d4   Code   RO         6204    i.LAN8720_Init      lan8720.o
    0x08005138   0x08005138   0x00000024   Code   RO         6205    i.LAN8720_ReadPHY   lan8720.o
    0x0800515c   0x0800515c   0x00000020   Code   RO         6207    i.LAN8720_StartAutoNego  lan8720.o
    0x0800517c   0x0800517c   0x00000024   Code   RO         6208    i.LAN8720_WritePHY  lan8720.o
    0x080051a0   0x080051a0   0x00000058   Code   RO         5474    i.LED_Init          led.o
    0x080051f8   0x080051f8   0x00000034   Code   RO         6327    i.MPU_Memory_Protection  mpu.o
    0x0800522c   0x0800522c   0x00000090   Code   RO         6328    i.MPU_Set_Protection  mpu.o
    0x080052bc   0x080052bc   0x00000120   Code   RO         6369    i.MX_DMA_Init       dma.o
    0x080053dc   0x080053dc   0x000000b4   Code   RO         6395    i.MX_GPIO_Init      gpio.o
    0x08005490   0x08005490   0x00000044   Code   RO         6116    i.MX_UART4_Init     usart.o
    0x080054d4   0x080054d4   0x00000044   Code   RO         6117    i.MX_UART5_Init     usart.o
    0x08005518   0x08005518   0x00000044   Code   RO         6118    i.MX_UART7_Init     usart.o
    0x0800555c   0x0800555c   0x00000044   Code   RO         6119    i.MX_USART1_UART_Init  usart.o
    0x080055a0   0x080055a0   0x00000044   Code   RO         6120    i.MX_USART2_UART_Init  usart.o
    0x080055e4   0x080055e4   0x00000044   Code   RO         6121    i.MX_USART3_UART_Init  usart.o
    0x08005628   0x08005628   0x00000044   Code   RO         6122    i.MX_USART6_UART_Init  usart.o
    0x0800566c   0x0800566c   0x0000009c   Code   RO         6329    i.MemManage_Handler  mpu.o
    0x08005708   0x08005708   0x00000088   Code   RO         6209    i.NETMPU_Config     lan8720.o
    0x08005790   0x08005790   0x00000002   Code   RO          483    i.NMI_Handler       stm32h7xx_it.o
    0x08005792   0x08005792   0x00000002   PAD
    0x08005794   0x08005794   0x00000068   Code   RO         6013    i.PCF8574_Init      pcf8574.o
    0x080057fc   0x080057fc   0x00000022   Code   RO         6015    i.PCF8574_ReadOneByte  pcf8574.o
    0x0800581e   0x0800581e   0x00000026   Code   RO         6016    i.PCF8574_WriteBit  pcf8574.o
    0x08005844   0x08005844   0x00000028   Code   RO         6017    i.PCF8574_WriteOneByte  pcf8574.o
    0x0800586c   0x0800586c   0x00000002   Code   RO          484    i.PendSV_Handler    stm32h7xx_it.o
    0x0800586e   0x0800586e   0x00000002   PAD
    0x08005870   0x08005870   0x0000007c   Code   RO         6777    i.SCB_CleanInvalidateDCache  ethernetif.o
    0x080058ec   0x080058ec   0x0000009c   Code   RO          800    i.SCB_EnableDCache  sys.o
    0x08005988   0x08005988   0x0000007c   Code   RO          801    i.SCB_EnableICache  sys.o
    0x08005a04   0x08005a04   0x0000007c   Code   RO          485    i.SCB_InvalidateDCache  stm32h7xx_it.o
    0x08005a80   0x08005a80   0x00000068   Code   RO         5770    i.SDRAM_Init        sdram.o
    0x08005ae8   0x08005ae8   0x00000054   Code   RO         5771    i.SDRAM_Initialization_Sequence  sdram.o
    0x08005b3c   0x08005b3c   0x00000048   Code   RO         5772    i.SDRAM_Send_Cmd    sdram.o
    0x08005b84   0x08005b84   0x00000002   Code   RO          486    i.SVC_Handler       stm32h7xx_it.o
    0x08005b86   0x08005b86   0x00000002   PAD
    0x08005b88   0x08005b88   0x000000f8   Code   RO          802    i.Stm32_Clock_Init  sys.o
    0x08005c80   0x08005c80   0x0000000c   Code   RO          487    i.SysTick_Handler   stm32h7xx_it.o
    0x08005c8c   0x08005c8c   0x00000094   Code   RO          679    i.SystemInit        system_stm32h7xx.o
    0x08005d20   0x08005d20   0x00000010   Code   RO         6065    i.TIM3_IRQHandler   timer.o
    0x08005d30   0x08005d30   0x0000002c   Code   RO         6066    i.TIM3_Init         timer.o
    0x08005d5c   0x08005d5c   0x000000cc   Code   RO         2968    i.TIM_Base_SetConfig  stm32h7xx_hal_tim.o
    0x08005e28   0x08005e28   0x000000a8   Code   RO          488    i.UART4_IRQHandler  stm32h7xx_it.o
    0x08005ed0   0x08005ed0   0x000000d8   Code   RO          489    i.UART5_IRQHandler  stm32h7xx_it.o
    0x08005fa8   0x08005fa8   0x000000a8   Code   RO          490    i.UART7_IRQHandler  stm32h7xx_it.o
    0x08006050   0x08006050   0x000000ea   Code   RO         2232    i.UART_AdvFeatureConfig  stm32h7xx_hal_uart.o
    0x0800613a   0x0800613a   0x00000074   Code   RO         2233    i.UART_CheckIdleState  stm32h7xx_hal_uart.o
    0x080061ae   0x080061ae   0x00000018   Code   RO         2234    i.UART_DMAAbortOnError  stm32h7xx_hal_uart.o
    0x080061c6   0x080061c6   0x0000005c   Code   RO         2235    i.UART_DMAError     stm32h7xx_hal_uart.o
    0x08006222   0x08006222   0x00000046   Code   RO         2236    i.UART_DMAReceiveCplt  stm32h7xx_hal_uart.o
    0x08006268   0x08006268   0x0000000e   Code   RO         2238    i.UART_DMARxHalfCplt  stm32h7xx_hal_uart.o
    0x08006276   0x08006276   0x00000036   Code   RO         2240    i.UART_DMATransmitCplt  stm32h7xx_hal_uart.o
    0x080062ac   0x080062ac   0x0000000e   Code   RO         2242    i.UART_DMATxHalfCplt  stm32h7xx_hal_uart.o
    0x080062ba   0x080062ba   0x00000020   Code   RO         2244    i.UART_EndRxTransfer  stm32h7xx_hal_uart.o
    0x080062da   0x080062da   0x00000020   Code   RO         2245    i.UART_EndTransmit_IT  stm32h7xx_hal_uart.o
    0x080062fa   0x080062fa   0x00000014   Code   RO         2246    i.UART_EndTxTransfer  stm32h7xx_hal_uart.o
    0x0800630e   0x0800630e   0x0000008a   Code   RO         2247    i.UART_Receive_IT   stm32h7xx_hal_uart.o
    0x08006398   0x08006398   0x000009a4   Code   RO         2248    i.UART_SetConfig    stm32h7xx_hal_uart.o
    0x08006d3c   0x08006d3c   0x00000082   Code   RO         2249    i.UART_Transmit_IT  stm32h7xx_hal_uart.o
    0x08006dbe   0x08006dbe   0x0000006c   Code   RO         2250    i.UART_WaitOnFlagUntilTimeout  stm32h7xx_hal_uart.o
    0x08006e2a   0x08006e2a   0x00000002   PAD
    0x08006e2c   0x08006e2c   0x000000bc   Code   RO          491    i.USART1_IRQHandler  stm32h7xx_it.o
    0x08006ee8   0x08006ee8   0x000000bc   Code   RO          492    i.USART2_IRQHandler  stm32h7xx_it.o
    0x08006fa4   0x08006fa4   0x000000a8   Code   RO          493    i.USART3_IRQHandler  stm32h7xx_it.o
    0x0800704c   0x0800704c   0x000000a8   Code   RO          494    i.USART6_IRQHandler  stm32h7xx_it.o
    0x080070f4   0x080070f4   0x00000004   Code   RO          495    i.UsageFault_Handler  stm32h7xx_it.o
    0x080070f8   0x080070f8   0x00000020   Code   RO         8496    i.__0printf$5       mc_w.l(printf5.o)
    0x08007118   0x08007118   0x00000010   Code   RO         1173    i.__NVIC_GetPriorityGrouping  stm32h7xx_hal_cortex.o
    0x08007128   0x08007128   0x00000028   Code   RO         1174    i.__NVIC_SetPriority  stm32h7xx_hal_cortex.o
    0x08007150   0x08007150   0x0000000e   Code   RO         8665    i.__scatterload_copy  mc_w.l(handlers.o)
    0x0800715e   0x0800715e   0x00000002   Code   RO         8666    i.__scatterload_null  mc_w.l(handlers.o)
    0x08007160   0x08007160   0x0000000e   Code   RO         8667    i.__scatterload_zeroinit  mc_w.l(handlers.o)
    0x0800716e   0x0800716e   0x00000002   PAD
    0x08007170   0x08007170   0x000002c0   Code   RO         8503    i._printf_core      mc_w.l(printf5.o)
    0x08007430   0x08007430   0x0000001c   Code   RO         7937    i.arp_timer         timers.o
    0x0800744c   0x0800744c   0x00000064   Code   RO         8206    i.crc32_core        unitree_motor.o
    0x080074b0   0x080074b0   0x00000014   Code   RO          757    i.delay_init        delay.o
    0x080074c4   0x080074c4   0x00000018   Code   RO          758    i.delay_ms          delay.o
    0x080074dc   0x080074dc   0x00000048   Code   RO          759    i.delay_us          delay.o
    0x08007524   0x08007524   0x00000104   Code   RO         6674    i.etharp_arp_input  etharp.o
    0x08007628   0x08007628   0x00000160   Code   RO         6677    i.etharp_find_entry  etharp.o
    0x08007788   0x08007788   0x00000040   Code   RO         6678    i.etharp_free_entry  etharp.o
    0x080077c8   0x080077c8   0x00000148   Code   RO         6679    i.etharp_output     etharp.o
    0x08007910   0x08007910   0x0000006c   Code   RO         6680    i.etharp_output_to_arp_index  etharp.o
    0x0800797c   0x0800797c   0x0000015c   Code   RO         6681    i.etharp_query      etharp.o
    0x08007ad8   0x08007ad8   0x000000b2   Code   RO         6682    i.etharp_raw        etharp.o
    0x08007b8a   0x08007b8a   0x00000002   PAD
    0x08007b8c   0x08007b8c   0x0000002c   Code   RO         6683    i.etharp_request    etharp.o
    0x08007bb8   0x08007bb8   0x00000038   Code   RO         6684    i.etharp_send_ip    etharp.o
    0x08007bf0   0x08007bf0   0x0000008c   Code   RO         6685    i.etharp_tmr        etharp.o
    0x08007c7c   0x08007c7c   0x000000b8   Code   RO         6686    i.etharp_update_arp_entry  etharp.o
    0x08007d34   0x08007d34   0x000000b8   Code   RO         6687    i.ethernet_input    etharp.o
    0x08007dec   0x08007dec   0x00000030   Code   RO         6779    i.ethernetif_init   ethernetif.o
    0x08007e1c   0x08007e1c   0x00000038   Code   RO         6780    i.ethernetif_input  ethernetif.o
    0x08007e54   0x08007e54   0x000000c8   Code   RO         8207    i.extract           unitree_motor.o
    0x08007f1c   0x08007f1c   0x0000001c   Code   RO            6    i.fputc             main.o
    0x08007f38   0x08007f38   0x00000012   Code   RO         6869    i.icmp_dest_unreach  icmp.o
    0x08007f4a   0x08007f4a   0x00000002   PAD
    0x08007f4c   0x08007f4c   0x0000015c   Code   RO         6870    i.icmp_input        icmp.o
    0x080080a8   0x080080a8   0x00000070   Code   RO         6871    i.icmp_send_response  icmp.o
    0x08008118   0x08008118   0x00000012   Code   RO         6872    i.icmp_time_exceeded  icmp.o
    0x0800812a   0x0800812a   0x00000014   Code   RO         6920    i.inet_chksum       inet_chksum.o
    0x0800813e   0x0800813e   0x00000056   Code   RO         6921    i.inet_chksum_pbuf  inet_chksum.o
    0x08008194   0x08008194   0x0000004e   Code   RO         7009    i.ip4_addr_isbroadcast  ip_addr.o
    0x080081e2   0x080081e2   0x00000002   PAD
    0x080081e4   0x080081e4   0x000001ac   Code   RO         7062    i.ip_frag           ip_frag.o
    0x08008390   0x08008390   0x0000000a   Code   RO         7063    i.ip_frag_alloc_pbuf_custom_ref  ip_frag.o
    0x0800839a   0x0800839a   0x00000012   Code   RO         7064    i.ip_frag_free_pbuf_custom_ref  ip_frag.o
    0x080083ac   0x080083ac   0x0000018c   Code   RO         6958    i.ip_input          ip.o
    0x08008538   0x08008538   0x00000038   Code   RO         6959    i.ip_output         ip.o
    0x08008570   0x08008570   0x000000c4   Code   RO         6960    i.ip_output_if      ip.o
    0x08008634   0x08008634   0x0000018c   Code   RO         7065    i.ip_reass          ip_frag.o
    0x080087c0   0x080087c0   0x00000164   Code   RO         7066    i.ip_reass_chain_frag_into_datagram_and_validate  ip_frag.o
    0x08008924   0x08008924   0x0000002c   Code   RO         7067    i.ip_reass_dequeue_datagram  ip_frag.o
    0x08008950   0x08008950   0x00000054   Code   RO         7068    i.ip_reass_enqueue_new_datagram  ip_frag.o
    0x080089a4   0x080089a4   0x000000a0   Code   RO         7069    i.ip_reass_free_complete_datagram  ip_frag.o
    0x08008a44   0x08008a44   0x0000007c   Code   RO         7070    i.ip_reass_remove_oldest_datagram  ip_frag.o
    0x08008ac0   0x08008ac0   0x0000001c   Code   RO         7938    i.ip_reass_timer    timers.o
    0x08008adc   0x08008adc   0x00000034   Code   RO         7071    i.ip_reass_tmr      ip_frag.o
    0x08008b10   0x08008b10   0x00000054   Code   RO         6961    i.ip_route          ip.o
    0x08008b64   0x08008b64   0x00000020   Code   RO         7072    i.ipfrag_free_pbuf_custom  ip_frag.o
    0x08008b84   0x08008b84   0x00000124   Code   RO         6781    i.low_level_init    ethernetif.o
    0x08008ca8   0x08008ca8   0x00000080   Code   RO         6782    i.low_level_input   ethernetif.o
    0x08008d28   0x08008d28   0x00000094   Code   RO         6783    i.low_level_output  ethernetif.o
    0x08008dbc   0x08008dbc   0x00000060   Code   RO         6505    i.lwip_comm_default_ip_set  lwip_comm.o
    0x08008e1c   0x08008e1c   0x000001e8   Code   RO         6506    i.lwip_comm_init    lwip_comm.o
    0x08009004   0x08009004   0x0000001a   Code   RO         7128    i.lwip_htonl        def.o
    0x0800901e   0x0800901e   0x0000000c   Code   RO         7129    i.lwip_htons        def.o
    0x0800902a   0x0800902a   0x0000001c   Code   RO         7170    i.lwip_init         init.o
    0x08009046   0x08009046   0x0000000c   Code   RO         7130    i.lwip_ntohl        def.o
    0x08009052   0x08009052   0x0000000c   Code   RO         7131    i.lwip_ntohs        def.o
    0x0800905e   0x0800905e   0x00000008   Code   RO         6507    i.lwip_periodic_handle  lwip_comm.o
    0x08009066   0x08009066   0x00000002   PAD
    0x08009068   0x08009068   0x00000010   Code   RO         6508    i.lwip_pkt_handle   lwip_comm.o
    0x08009078   0x08009078   0x0000005e   Code   RO         6924    i.lwip_standard_chksum  inet_chksum.o
    0x080090d6   0x080090d6   0x00000002   PAD
    0x080090d8   0x080090d8   0x00000174   Code   RO            7    i.main              main.o
    0x0800924c   0x0800924c   0x00000050   Code   RO         7207    i.mem_free          mem.o
    0x0800929c   0x0800929c   0x00000058   Code   RO         7208    i.mem_init          mem.o
    0x080092f4   0x080092f4   0x000000ec   Code   RO         7209    i.mem_malloc        mem.o
    0x080093e0   0x080093e0   0x0000012c   Code   RO         7210    i.mem_trim          mem.o
    0x0800950c   0x0800950c   0x00000020   Code   RO         7251    i.memp_free         memp.o
    0x0800952c   0x0800952c   0x00000064   Code   RO         7253    i.memp_init         memp.o
    0x08009590   0x08009590   0x0000002c   Code   RO         7254    i.memp_malloc       memp.o
    0x080095bc   0x080095bc   0x000001c8   Code   RO         8208    i.modify            unitree_motor.o
    0x08009784   0x08009784   0x0000006c   Code   RO         6421    i.my_mem_free       malloc.o
    0x080097f0   0x080097f0   0x0000002c   Code   RO         6422    i.my_mem_init       malloc.o
    0x0800981c   0x0800981c   0x000000a8   Code   RO         6423    i.my_mem_malloc     malloc.o
    0x080098c4   0x080098c4   0x00000040   Code   RO         6424    i.my_mem_perused    malloc.o
    0x08009904   0x08009904   0x00000024   Code   RO         6425    i.myfree            malloc.o
    0x08009928   0x08009928   0x00000028   Code   RO         6426    i.mymalloc          malloc.o
    0x08009950   0x08009950   0x00000014   Code   RO         6428    i.mymemset          malloc.o
    0x08009964   0x08009964   0x0000006c   Code   RO         7293    i.netif_add         netif.o
    0x080099d0   0x080099d0   0x00000002   Code   RO         7295    i.netif_init        netif.o
    0x080099d2   0x080099d2   0x00000028   Code   RO         7297    i.netif_set_addr    netif.o
    0x080099fa   0x080099fa   0x00000002   PAD
    0x080099fc   0x080099fc   0x0000000c   Code   RO         7298    i.netif_set_default  netif.o
    0x08009a08   0x08009a08   0x0000000c   Code   RO         7300    i.netif_set_gw      netif.o
    0x08009a14   0x08009a14   0x00000078   Code   RO         7301    i.netif_set_ipaddr  netif.o
    0x08009a8c   0x08009a8c   0x00000036   Code   RO         7303    i.netif_set_link_up  netif.o
    0x08009ac2   0x08009ac2   0x0000000c   Code   RO         7304    i.netif_set_netmask  netif.o
    0x08009ace   0x08009ace   0x00000036   Code   RO         7305    i.netif_set_up      netif.o
    0x08009b04   0x08009b04   0x00000192   Code   RO         7387    i.pbuf_alloc        pbuf.o
    0x08009c96   0x08009c96   0x0000006c   Code   RO         7388    i.pbuf_alloced_custom  pbuf.o
    0x08009d02   0x08009d02   0x00000038   Code   RO         7389    i.pbuf_cat          pbuf.o
    0x08009d3a   0x08009d3a   0x00000016   Code   RO         7390    i.pbuf_chain        pbuf.o
    0x08009d50   0x08009d50   0x00000012   Code   RO         7391    i.pbuf_clen         pbuf.o
    0x08009d62   0x08009d62   0x000000c0   Code   RO         7393    i.pbuf_copy         pbuf.o
    0x08009e22   0x08009e22   0x00000092   Code   RO         7394    i.pbuf_copy_partial  pbuf.o
    0x08009eb4   0x08009eb4   0x00000086   Code   RO         7396    i.pbuf_free         pbuf.o
    0x08009f3a   0x08009f3a   0x00000012   Code   RO         6784    i.pbuf_free_custom  ethernetif.o
    0x08009f4c   0x08009f4c   0x0000007e   Code   RO         7398    i.pbuf_header       pbuf.o
    0x08009fca   0x08009fca   0x00000078   Code   RO         7401    i.pbuf_realloc      pbuf.o
    0x0800a042   0x0800a042   0x0000000a   Code   RO         7402    i.pbuf_ref          pbuf.o
    0x0800a04c   0x0800a04c   0x00000074   Code   RO         7404    i.pbuf_take         pbuf.o
    0x0800a0c0   0x0800a0c0   0x00000088   Code   RO         7211    i.plug_holes        mem.o
    0x0800a148   0x0800a148   0x00000074   Code   RO         7503    i.raw_input         raw.o
    0x0800a1bc   0x0800a1bc   0x00000074   Code   RO         8259    i.receive_motor_feedback  unitree_motor_ctrl_task.o
    0x0800a230   0x0800a230   0x00000062   Code   RO         8260    i.send_all_motor_command  unitree_motor_ctrl_task.o
    0x0800a292   0x0800a292   0x00000072   Code   RO         8262    i.send_single_motor_command  unitree_motor_ctrl_task.o
    0x0800a304   0x0800a304   0x00000064   Code   RO         7939    i.sys_check_timeouts  timers.o
    0x0800a368   0x0800a368   0x0000000c   Code   RO         8082    i.sys_now           sys_arch.o
    0x0800a374   0x0800a374   0x0000009c   Code   RO         7941    i.sys_timeout       timers.o
    0x0800a410   0x0800a410   0x00000030   Code   RO         7942    i.sys_timeouts_init  timers.o
    0x0800a440   0x0800a440   0x00000094   Code   RO         7563    i.tcp_abandon       tcp.o
    0x0800a4d4   0x0800a4d4   0x0000000e   Code   RO         7564    i.tcp_abort         tcp.o
    0x0800a4e2   0x0800a4e2   0x00000002   PAD
    0x0800a4e4   0x0800a4e4   0x000000bc   Code   RO         7567    i.tcp_alloc         tcp.o
    0x0800a5a0   0x0800a5a0   0x0000001c   Code   RO         7570    i.tcp_close         tcp.o
    0x0800a5bc   0x0800a5bc   0x000001c8   Code   RO         7571    i.tcp_close_shutdown  tcp.o
    0x0800a784   0x0800a784   0x000000ac   Code   RO         7840    i.tcp_create_segment  tcp_out.o
    0x0800a830   0x0800a830   0x0000002e   Code   RO         7574    i.tcp_eff_send_mss  tcp.o
    0x0800a85e   0x0800a85e   0x00000110   Code   RO         7841    i.tcp_enqueue_flags  tcp_out.o
    0x0800a96e   0x0800a96e   0x00000002   PAD
    0x0800a970   0x0800a970   0x0000007c   Code   RO         7576    i.tcp_fasttmr       tcp.o
    0x0800a9ec   0x0800a9ec   0x00000002   Code   RO         7577    i.tcp_init          tcp.o
    0x0800a9ee   0x0800a9ee   0x00000002   PAD
    0x0800a9f0   0x0800a9f0   0x0000047c   Code   RO         7792    i.tcp_input         tcp_in.o
    0x0800ae6c   0x0800ae6c   0x00000044   Code   RO         7842    i.tcp_keepalive     tcp_out.o
    0x0800aeb0   0x0800aeb0   0x00000054   Code   RO         7578    i.tcp_kill_prio     tcp.o
    0x0800af04   0x0800af04   0x0000003c   Code   RO         7579    i.tcp_kill_timewait  tcp.o
    0x0800af40   0x0800af40   0x00000130   Code   RO         7793    i.tcp_listen_input  tcp_in.o
    0x0800b070   0x0800b070   0x0000001c   Code   RO         7583    i.tcp_next_iss      tcp.o
    0x0800b08c   0x0800b08c   0x000001c0   Code   RO         7843    i.tcp_output        tcp_out.o
    0x0800b24c   0x0800b24c   0x00000078   Code   RO         7844    i.tcp_output_alloc_header  tcp_out.o
    0x0800b2c4   0x0800b2c4   0x000000d0   Code   RO         7845    i.tcp_output_segment  tcp_out.o
    0x0800b394   0x0800b394   0x000000b8   Code   RO         7794    i.tcp_parseopt      tcp_in.o
    0x0800b44c   0x0800b44c   0x00000040   Code   RO         7584    i.tcp_pcb_purge     tcp.o
    0x0800b48c   0x0800b48c   0x00000090   Code   RO         7585    i.tcp_pcb_remove    tcp.o
    0x0800b51c   0x0800b51c   0x0000058c   Code   RO         7795    i.tcp_process       tcp_in.o
    0x0800baa8   0x0800baa8   0x0000008c   Code   RO         7587    i.tcp_process_refused_data  tcp.o
    0x0800bb34   0x0800bb34   0x0000063c   Code   RO         7796    i.tcp_receive       tcp_in.o
    0x0800c170   0x0800c170   0x0000002e   Code   RO         7589    i.tcp_recv_null     tcp.o
    0x0800c19e   0x0800c19e   0x00000046   Code   RO         7590    i.tcp_recved        tcp.o
    0x0800c1e4   0x0800c1e4   0x0000005a   Code   RO         7847    i.tcp_rexmit        tcp_out.o
    0x0800c23e   0x0800c23e   0x00000070   Code   RO         7848    i.tcp_rexmit_fast   tcp_out.o
    0x0800c2ae   0x0800c2ae   0x0000003a   Code   RO         7849    i.tcp_rexmit_rto    tcp_out.o
    0x0800c2e8   0x0800c2e8   0x0000007c   Code   RO         7850    i.tcp_rst           tcp_out.o
    0x0800c364   0x0800c364   0x0000001a   Code   RO         7591    i.tcp_seg_free      tcp.o
    0x0800c37e   0x0800c37e   0x00000018   Code   RO         7592    i.tcp_segs_free     tcp.o
    0x0800c396   0x0800c396   0x0000004e   Code   RO         7851    i.tcp_send_empty_ack  tcp_out.o
    0x0800c3e4   0x0800c3e4   0x0000004a   Code   RO         7852    i.tcp_send_fin      tcp_out.o
    0x0800c42e   0x0800c42e   0x00000002   PAD
    0x0800c430   0x0800c430   0x00000334   Code   RO         7596    i.tcp_slowtmr       tcp.o
    0x0800c764   0x0800c764   0x00000038   Code   RO         7944    i.tcp_timer_needed  timers.o
    0x0800c79c   0x0800c79c   0x000000ac   Code   RO         7797    i.tcp_timewait_input  tcp_in.o
    0x0800c848   0x0800c848   0x00000024   Code   RO         7597    i.tcp_tmr           tcp.o
    0x0800c86c   0x0800c86c   0x0000004e   Code   RO         7598    i.tcp_update_rcv_ann_wnd  tcp.o
    0x0800c8ba   0x0800c8ba   0x000000a4   Code   RO         7855    i.tcp_zero_window_probe  tcp_out.o
    0x0800c95e   0x0800c95e   0x00000002   PAD
    0x0800c960   0x0800c960   0x00000038   Code   RO         7945    i.tcpip_tcp_timer   timers.o
    0x0800c998   0x0800c998   0x00000080   Code   RO         7996    i.udp_bind          udp.o
    0x0800ca18   0x0800ca18   0x00000064   Code   RO         7997    i.udp_connect       udp.o
    0x0800ca7c   0x0800ca7c   0x00000024   Code   RO         6598    i.udp_demo_connection_close  udp_demo.o
    0x0800caa0   0x0800caa0   0x000000bc   Code   RO         6599    i.udp_demo_recv     udp_demo.o
    0x0800cb5c   0x0800cb5c   0x00000048   Code   RO         6600    i.udp_demo_senddata  udp_demo.o
    0x0800cba4   0x0800cba4   0x00000034   Code   RO         6601    i.udp_demo_set_remoteip  udp_demo.o
    0x0800cbd8   0x0800cbd8   0x00000110   Code   RO         6602    i.udp_demo_test     udp_demo.o
    0x0800cce8   0x0800cce8   0x00000010   Code   RO         7998    i.udp_disconnect    udp.o
    0x0800ccf8   0x0800ccf8   0x00000002   Code   RO         7999    i.udp_init          udp.o
    0x0800ccfa   0x0800ccfa   0x00000002   PAD
    0x0800ccfc   0x0800ccfc   0x00000194   Code   RO         8000    i.udp_input         udp.o
    0x0800ce90   0x0800ce90   0x0000001c   Code   RO         8001    i.udp_new           udp.o
    0x0800ceac   0x0800ceac   0x00000058   Code   RO         8002    i.udp_new_port      udp.o
    0x0800cf04   0x0800cf04   0x00000006   Code   RO         8003    i.udp_recv          udp.o
    0x0800cf0a   0x0800cf0a   0x00000002   PAD
    0x0800cf0c   0x0800cf0c   0x00000040   Code   RO         8004    i.udp_remove        udp.o
    0x0800cf4c   0x0800cf4c   0x00000014   Code   RO         8005    i.udp_send          udp.o
    0x0800cf60   0x0800cf60   0x0000002e   Code   RO         8006    i.udp_sendto        udp.o
    0x0800cf8e   0x0800cf8e   0x000000ce   Code   RO         8007    i.udp_sendto_if     udp.o
    0x0800d05c   0x0800d05c   0x00000040   Data   RO          680    .constdata          system_stm32h7xx.o
    0x0800d09c   0x0800d09c   0x00000038   Data   RO         1309    .constdata          stm32h7xx_hal_dma.o
    0x0800d0d4   0x0800d0d4   0x00000030   Data   RO         2251    .constdata          stm32h7xx_hal_uart.o
    0x0800d104   0x0800d104   0x00000054   Data   RO         6435    .constdata          malloc.o
    0x0800d158   0x0800d158   0x0000000c   Data   RO         6689    .constdata          etharp.o
    0x0800d164   0x0800d164   0x00000008   Data   RO         7016    .constdata          ip_addr.o
    0x0800d16c   0x0800d16c   0x00000028   Data   RO         7256    .constdata          memp.o
    0x0800d194   0x0800d194   0x00000050   Data   RO         7599    .constdata          tcp.o
    0x0800d1e4   0x0800d1e4   0x0000002a   Data   RO         6605    .conststring        udp_demo.o
    0x0800d20e   0x0800d20e   0x00000002   PAD
    0x0800d210   0x0800d210   0x00000075   Data   RO         7600    .conststring        tcp.o
    0x0800d285   0x0800d285   0x00000003   PAD
    0x0800d288   0x0800d288   0x00000020   Data   RO         8663    Region$$Table       anon$$obj.o


    Execution Region RW_IRAM2 (Exec base: 0x24000000, Load base: 0x0800d2a8, Size: 0x00035500, Max: 0x00080000, ABSOLUTE, COMPRESSED[0x000000ac])

    Exec Addr    Load Addr    Size         Type   Attr      Idx    E Section Name        Object

    0x24000000   COMPRESSED   0x00000004   Data   RW            9    .data               main.o
    0x24000004   COMPRESSED   0x00000010   Data   RW          497    .data               stm32h7xx_it.o
    0x24000014   COMPRESSED   0x00000008   Data   RW          681    .data               system_stm32h7xx.o
    0x2400001c   COMPRESSED   0x00000004   Data   RW          761    .data               delay.o
    0x24000020   COMPRESSED   0x00000004   Data   RW          905    .data               stm32h7xx_hal.o
    0x24000024   COMPRESSED   0x00000001   Data   RW         5503    .data               key.o
    0x24000025   COMPRESSED   0x00000003   PAD
    0x24000028   COMPRESSED   0x0000000c   Data   RW         6069    .data               timer.o
    0x24000034   COMPRESSED   0x00000024   Data   RW         6436    .data               malloc.o
    0x24000058   COMPRESSED   0x0000000c   Data   RW         6511    .data               lwip_comm.o
    0x24000064   COMPRESSED   0x00000005   Data   RW         6606    .data               udp_demo.o
    0x24000069   COMPRESSED   0x00000001   Data   RW         6690    .data               etharp.o
    0x2400006a   COMPRESSED   0x00000002   PAD
    0x2400006c   COMPRESSED   0x00000004   Data   RW         6787    .data               ethernetif.o
    0x24000070   COMPRESSED   0x00000012   Data   RW         6962    .data               ip.o
    0x24000082   COMPRESSED   0x00000002   PAD
    0x24000084   COMPRESSED   0x00000006   Data   RW         7073    .data               ip_frag.o
    0x2400008a   COMPRESSED   0x00000002   PAD
    0x2400008c   COMPRESSED   0x0000000c   Data   RW         7213    .data               mem.o
    0x24000098   COMPRESSED   0x00000009   Data   RW         7306    .data               netif.o
    0x240000a1   COMPRESSED   0x00000003   PAD
    0x240000a4   COMPRESSED   0x00000004   Data   RW         7509    .data               raw.o
    0x240000a8   COMPRESSED   0x00000024   Data   RW         7601    .data               tcp.o
    0x240000cc   COMPRESSED   0x00000020   Data   RW         7799    .data               tcp_in.o
    0x240000ec   COMPRESSED   0x0000000c   Data   RW         7946    .data               timers.o
    0x240000f8   COMPRESSED   0x00000008   Data   RW         8008    .data               udp.o
    0x24000100   COMPRESSED   0x0000075c   Data   RW         8211    .data               unitree_motor.o
    0x2400085c        -       0x00000034   Zero   RW         5773    .bss                sdram.o
    0x24000890        -       0x00000040   Zero   RW         6067    .bss                timer.o
    0x240008d0        -       0x00000d90   Zero   RW         6123    .bss                usart.o
    0x24001660        -       0x00000068   Zero   RW         6213    .bss                lan8720.o
    0x240016c8   COMPRESSED   0x00000038   PAD
    0x24001700        -       0x0002a800   Zero   RW         6434    .bss                malloc.o
    0x2402bf00        -       0x00000048   Zero   RW         6509    .bss                lwip_comm.o
    0x2402bf48        -       0x000007d0   Zero   RW         6603    .bss                udp_demo.o
    0x2402c718        -       0x000000c8   Zero   RW         6688    .bss                etharp.o
    0x2402c7e0        -       0x00000084   Zero   RW         6785    .bss                ethernetif.o
    0x2402c864        -       0x00004014   Zero   RW         7212    .bss                mem.o
    0x24030878        -       0x00004833   Zero   RW         7255    .bss                memp.o
    0x240350ab   COMPRESSED   0x00000001   PAD
    0x240350ac        -       0x00000010   Zero   RW         7798    .bss                tcp_in.o
    0x240350bc        -       0x00000040   Zero   RW         8176    .bss                system_monitor.o
    0x240350fc   COMPRESSED   0x00000004   PAD
    0x24035100        -       0x00000400   Zero   RW          747    STACK               startup_stm32h743xx.o



  Load Region LR$$.ARM.__AT_0x20000000 (Base: 0x20000000, Size: 0x00000000, Max: 0x0000f000, ABSOLUTE)

    Execution Region ER$$.ARM.__AT_0x20000000 (Exec base: 0x20000000, Load base: 0x20000000, Size: 0x0000f000, Max: 0x0000f000, ABSOLUTE, UNINIT)

    Exec Addr    Load Addr    Size         Type   Attr      Idx    E Section Name        Object

    0x20000000        -       0x0000f000   Zero   RW         6430    .ARM.__AT_0x20000000  malloc.o



  Load Region LR$$.ARM.__AT_0x2000F000 (Base: 0x2000f000, Size: 0x00000000, Max: 0x00000f00, ABSOLUTE)

    Execution Region ER$$.ARM.__AT_0x2000F000 (Exec base: 0x2000f000, Load base: 0x2000f000, Size: 0x00000f00, Max: 0x00000f00, ABSOLUTE, UNINIT)

    Exec Addr    Load Addr    Size         Type   Attr      Idx    E Section Name        Object

    0x2000f000        -       0x00000f00   Zero   RW         6431    .ARM.__AT_0x2000F000  malloc.o



  Load Region LR$$.ARM.__AT_0x30040000 (Base: 0x30040000, Size: 0x00000000, Max: 0x00000060, ABSOLUTE)

    Execution Region ER$$.ARM.__AT_0x30040000 (Exec base: 0x30040000, Load base: 0x30040000, Size: 0x00000060, Max: 0x00000060, ABSOLUTE, UNINIT)

    Exec Addr    Load Addr    Size         Type   Attr      Idx    E Section Name        Object

    0x30040000        -       0x00000060   Zero   RW         6210    .ARM.__AT_0x30040000  lan8720.o



  Load Region LR$$.ARM.__AT_0x30040060 (Base: 0x30040060, Size: 0x00000000, Max: 0x00000060, ABSOLUTE)

    Execution Region ER$$.ARM.__AT_0x30040060 (Exec base: 0x30040060, Load base: 0x30040060, Size: 0x00000060, Max: 0x00000060, ABSOLUTE, UNINIT)

    Exec Addr    Load Addr    Size         Type   Attr      Idx    E Section Name        Object

    0x30040060        -       0x00000060   Zero   RW         6211    .ARM.__AT_0x30040060  lan8720.o



  Load Region LR$$.ARM.__AT_0x30040200 (Base: 0x30040200, Size: 0x00000000, Max: 0x000017e0, ABSOLUTE)

    Execution Region ER$$.ARM.__AT_0x30040200 (Exec base: 0x30040200, Load base: 0x30040200, Size: 0x000017e0, Max: 0x000017e0, ABSOLUTE, UNINIT)

    Exec Addr    Load Addr    Size         Type   Attr      Idx    E Section Name        Object

    0x30040200        -       0x000017e0   Zero   RW         6212    .ARM.__AT_0x30040200  lan8720.o



  Load Region LR$$.ARM.__AT_0xC0000000 (Base: 0xc0000000, Size: 0x00000000, Max: 0x001f4000, ABSOLUTE)

    Execution Region ER$$.ARM.__AT_0xC0000000 (Exec base: 0xc0000000, Load base: 0xc0000000, Size: 0x001f4000, Max: 0x001f4000, ABSOLUTE, UNINIT)

    Exec Addr    Load Addr    Size         Type   Attr      Idx    E Section Name        Object

    0xc0000000        -       0x001f4000   Zero   RW         5843    .ARM.__AT_0xC0000000  ltdc.o



  Load Region LR$$.ARM.__AT_0xC01F4000 (Base: 0xc01f4000, Size: 0x00000000, Max: 0x01c3c000, ABSOLUTE)

    Execution Region ER$$.ARM.__AT_0xC01F4000 (Exec base: 0xc01f4000, Load base: 0xc01f4000, Size: 0x01c3c000, Max: 0x01c3c000, ABSOLUTE, UNINIT)

    Exec Addr    Load Addr    Size         Type   Attr      Idx    E Section Name        Object

    0xc01f4000        -       0x01c3c000   Zero   RW         6432    .ARM.__AT_0xC01F4000  malloc.o



  Load Region LR$$.ARM.__AT_0xC1E30000 (Base: 0xc1e30000, Size: 0x00000000, Max: 0x001c3c00, ABSOLUTE)

    Execution Region ER$$.ARM.__AT_0xC1E30000 (Exec base: 0xc1e30000, Load base: 0xc1e30000, Size: 0x001c3c00, Max: 0x001c3c00, ABSOLUTE, UNINIT)

    Exec Addr    Load Addr    Size         Type   Attr      Idx    E Section Name        Object

    0xc1e30000        -       0x001c3c00   Zero   RW         6433    .ARM.__AT_0xC1E30000  malloc.o


==============================================================================

Image component sizes


      Code (inc. data)   RO Data    RW Data    ZI Data      Debug   Object Name

        62          0          0          0          0       2308   def.o
       116          8          0          4          0       2059   delay.o
       288          6          0          0          0       1002   dma.o
      2246         62         12          1        200      13685   etharp.o
       814         70          0          4        132       8395   ethernetif.o
       180          8          0          0          0       1071   gpio.o
       496          8          0          0          0       3874   icmp.o
         0          0          0          0          0       3840   inet.o
       200          0          0          0          0       2805   inet_chksum.o
        28          0          0          0          0        544   init.o
       732         32          0         18          0       8173   ip.o
        78          0          8          0          0       7254   ip_addr.o
      1704         40          0          6          0      10828   ip_frag.o
       376         34          0          1          0       1746   key.o
      1252        184          0          0       6408       6752   lan8720.o
         0          0          0          0          0       6296   lcd.o
        88         10          0          0          0        887   led.o
         0          0          0          0    2048000       1793   ltdc.o
       608        228          0         12         72      19395   lwip_comm.o
       440         56          0          4          0    1270180   main.o
       480         54         84         36   31695616       6650   malloc.o
       840         66          0         12      16404       5253   mem.o
       176         26         40          0      18483       3442   memp.o
       352         62          0          0          0      36632   mpu.o
       760         52          0          0          0       5018   myiic.o
       414         24          0          9          0       8418   netif.o
      1450          0          0          0          0      10919   pbuf.o
       216          8          0          0          0       2883   pcf8574.o
       116         14          0          4          0       1584   raw.o
       596         44          0          0         52       3730   sdram.o
        36          8        664          0       1024        840   startup_stm32h743xx.o
       150         30          0          4          0       5220   stm32h7xx_hal.o
       446         26          0          0          0      41652   stm32h7xx_hal_cortex.o
      3192        130         56          0          0      11249   stm32h7xx_hal_dma.o
      4416         86          0          0          0      19760   stm32h7xx_hal_eth.o
       574         52          0          0          0       3824   stm32h7xx_hal_gpio.o
         2          0          0          0          0        458   stm32h7xx_hal_msp.o
      3052         88          0          0          0       6064   stm32h7xx_hal_rcc.o
      1212         70          0          0          0       3527   stm32h7xx_hal_rcc_ex.o
       178          4          0          0          0       2800   stm32h7xx_hal_sdram.o
       734         32          0          0          0       5911   stm32h7xx_hal_tim.o
         4          0          0          0          0       1758   stm32h7xx_hal_tim_ex.o
      4582        166         48          0          0      19812   stm32h7xx_hal_uart.o
         2          0          0          0          0        996   stm32h7xx_hal_uart_ex.o
      1656        268          0         16          0      15769   stm32h7xx_it.o
       324          4          0          0          0       3468   stm32h7xx_ll_fmc.o
       572         30          0          0          0      37877   sys.o
        12          6          0          0          0        490   sys_arch.o
         0          0          0          0         64       1457   system_monitor.o
       148         18         64          8          0       1274   system_stm32h7xx.o
      2626        144        197         36          0      25393   tcp.o
      4824        288          0         32         16      16895   tcp_in.o
      1988         10          0          0          0      11671   tcp_out.o
       316         72          0         12         64       3410   timer.o
       472         70          0         12          0       4802   timers.o
      1108         36          0          8          0      11234   udp.o
       620         50         42          5       2000       6941   udp_demo.o
       756         54          0       1884          0       4039   unitree_motor.o
       328          0          0          0          0       2742   unitree_motor_ctrl_task.o
      2024        210          0          0       3472       7236   usart.o

    ----------------------------------------------------------------------
     51518       3048       1252       2140   33792068    1735985   Object Totals
         0          0         32          0          0          0   (incl. Generated)
        56          0          5         12         61          0   (incl. Padding)

    ----------------------------------------------------------------------

      Code (inc. data)   RO Data    RW Data    ZI Data      Debug   Library Member Name

        58          0          0          0          0          0   __dczerorl.o
         0          0          0          0          0          0   entry.o
         0          0          0          0          0          0   entry10a.o
         0          0          0          0          0          0   entry11a.o
         4          0          0          0          0          0   entry12b.o
         8          4          0          0          0          0   entry2.o
         4          0          0          0          0          0   entry5.o
         0          0          0          0          0          0   entry7b.o
         0          0          0          0          0          0   entry8b.o
         8          4          0          0          0          0   entry9a.o
        30          0          0          0          0          0   handlers.o
        36          8          0          0          0         68   init.o
        30          0          0          0          0         68   llshl.o
        32          0          0          0          0         68   llushr.o
        26          0          0          0          0         80   memcmp.o
        36          0          0          0          0         68   memcpya.o
        36          0          0          0          0        108   memseta.o
       736         54          0          0          0        184   printf5.o
        14          0          0          0          0         68   strlen.o
        98          0          0          0          0         92   uldiv.o

    ----------------------------------------------------------------------
      1158         70          0          0          0        804   Library Totals
         2          0          0          0          0          0   (incl. Padding)

    ----------------------------------------------------------------------

      Code (inc. data)   RO Data    RW Data    ZI Data      Debug   Library Name

      1156         70          0          0          0        804   mc_w.l

    ----------------------------------------------------------------------
      1158         70          0          0          0        804   Library Totals

    ----------------------------------------------------------------------

==============================================================================


      Code (inc. data)   RO Data    RW Data    ZI Data      Debug   

     52676       3118       1252       2140   33792068    1702461   Grand Totals
     52676       3118       1252        172   33792068    1702461   ELF Image Totals (compressed)
     52676       3118       1252        172          0          0   ROM Totals

==============================================================================

    Total RO  Size (Code + RO Data)                53928 (  52.66kB)
    Total RW  Size (RW Data + ZI Data)          33794208 (33002.16kB)
    Total ROM Size (Code + RO Data + RW Data)      54100 (  52.83kB)

==============================================================================

