<html>
<body>
<pre>
<h1>礦ision Build Log</h1>
<h2>Tool Versions:</h2>
IDE-Version: μVision V5.34.0.0
Copyright (C) 2021 ARM Ltd and ARM Germany GmbH. All rights reserved.
License Information: xie DELL, 12, LIC=RC93N-YAMJQ-CXPU6-DW2MZ-V2YWE-APLHN
 
Tool Versions:
Toolchain:       MDK-ARM Plus  Version: 5.34.0.0
Toolchain Path:  D:\Keil_v5\ARM\ARMCC\Bin
C Compiler:      Armcc.exe V5.06 update 7 (build 960)
Assembler:       Armasm.exe V5.06 update 7 (build 960)
Linker/Locator:  ArmLink.exe V5.06 update 7 (build 960)
Library Manager: ArmAr.exe V5.06 update 7 (build 960)
Hex Converter:   FromElf.exe V5.06 update 7 (build 960)
CPU DLL:         SARMCM3.DLL V5.34.0.0
Dialog DLL:      DCM.DLL V1.17.3.0
Target DLL:      Segger\JL2CM3.dll V2.99.15.0
Dialog DLL:      TCM.DLL V1.48.0.0
 
<h2>Project:</h2>
E:\ROBOTICS\CRT\我的工作\h7comm\RC_quadedRobot\firmware\USER\NETWORK.uvprojx
Project File Date:  11/17/2023

<h2>Output:</h2>
*** Using Compiler 'V5.06 update 7 (build 960)', folder: 'D:\Keil_v5\ARM\ARMCC\Bin'
Build target 'NETWORK'
compiling udp_demo.c...
..\LWIP\lwip_app\udp_demo\udp_demo.c(42): warning:  #177-D: variable "xoff"  was declared but never referenced
  	u16 xoff;
..\LWIP\lwip_app\udp_demo\udp_demo.c(43): warning:  #177-D: variable "key"  was declared but never referenced
  	u8 key;
..\LWIP\lwip_app\udp_demo\udp_demo.c(130): warning:  #111-D: statement is unreachable
  	udp_demo_connection_close(udppcb); 
..\LWIP\lwip_app\udp_demo\udp_demo.c(79): warning:  #550-D: variable "res"  was set but never used
  	u8 res=0;		
..\LWIP\lwip_app\udp_demo\udp_demo.c: 4 warnings, 0 errors
linking...
Program Size: Code=52618 RO-data=1254 RW-data=2144 ZI-data=33792064  
FromELF: creating hex file...
"..\OBJ\Template.axf" - 0 Error(s), 4 Warning(s).

<h2>Software Packages used:</h2>

Package Vendor: Keil
                https://www.keil.com/pack/Keil.STM32H7xx_DFP.3.1.1.pack
                Keil.STM32H7xx_DFP.3.1.1
                STMicroelectronics STM32H7 Series Device Support and Examples

<h2>Collection of Component include folders:</h2>
  D:\Users\DELL\AppData\Local\Arm\Packs\Keil\STM32H7xx_DFP\3.1.1\Drivers\CMSIS\Device\ST\STM32H7xx\Include

<h2>Collection of Component Files used:</h2>
Build Time Elapsed:  00:00:03
</pre>
</body>
</html>
