Component: ARM Compiler 5.06 update 7 (build 960) Tool: armlink [4d3601]

==============================================================================

Section Cross References

    os.o(.data) refers to os.o(.conststring) for .conststring
    os.o(.data) refers to main.o(i.SystemMonitorTask) for SystemMonitorTask
    os.o(.data) refers to main.o(i.IMUSampleTask) for IMUSampleTask
    os.o(.data) refers to main.o(i.IMUUpdateTask) for IMUUpdateTask
    os.o(.data) refers to main.o(i.TempControlTask) for TempControlTask
    os.o(.data) refers to main.o(i.SendDataTask) for SendDataTask
    os.o(.data) refers to main.o(i.GimbalTask) for GimbalTask
    os.o(.data) refers to main.o(i.LedTask) for LedTask
    main.o(i.GimbalTask) refers to global_declare.o(.bss) for system_monitor
    main.o(i.IMUSampleTask) refers to bmi088_driver.o(i.Sensor_Data_Prepare) for Sensor_Data_Prepare
    main.o(i.IMUSampleTask) refers to global_declare.o(.bss) for system_monitor
    main.o(i.IMUUpdateTask) refers to imu_update.o(i.IMU_Update_Mahony) for IMU_Update_Mahony
    main.o(i.IMUUpdateTask) refers to imu_update.o(.data) for imu_data
    main.o(i.IMUUpdateTask) refers to global_declare.o(.bss) for system_monitor
    main.o(i.LedTask) refers to stm32f4xx_gpio.o(i.GPIO_ResetBits) for GPIO_ResetBits
    main.o(i.LedTask) refers to stm32f4xx_gpio.o(i.GPIO_ToggleBits) for GPIO_ToggleBits
    main.o(i.LedTask) refers to global_declare.o(.bss) for system_monitor
    main.o(i.SendDataTask) refers to usart_protocol.o(i.MainControl_Tx_Protocol) for MainControl_Tx_Protocol
    main.o(i.SendDataTask) refers to main.o(.data) for cnt
    main.o(i.SendDataTask) refers to global_declare.o(.bss) for system_monitor
    main.o(i.SystemMonitorTask) refers to systemmonitor_task.o(i.SystemErrorDetect) for SystemErrorDetect
    main.o(i.TempControlTask) refers to temp_control.o(i.Temp_Control) for Temp_Control
    main.o(i.TempControlTask) refers to global_declare.o(.bss) for system_monitor
    main.o(i.main) refers to bsp_init.o(i.BSP_Init) for BSP_Init
    main.o(i.main) refers to os.o(i.OS_RUN) for OS_RUN
    bsp_init.o(i.BSP_Init) refers to misc.o(i.NVIC_PriorityGroupConfig) for NVIC_PriorityGroupConfig
    bsp_init.o(i.BSP_Init) refers to systick.o(i.SysTick_Configuration) for SysTick_Configuration
    bsp_init.o(i.BSP_Init) refers to led.o(i.LED_Configuration) for LED_Configuration
    bsp_init.o(i.BSP_Init) refers to led.o(i.OUT_Configuration) for OUT_Configuration
    bsp_init.o(i.BSP_Init) refers to time.o(i.TIM2_3_Configuration) for TIM2_3_Configuration
    bsp_init.o(i.BSP_Init) refers to steering_engine.o(i.TIM4_Configuration) for TIM4_Configuration
    bsp_init.o(i.BSP_Init) refers to time_estimate.o(i.TIM5_Configuration) for TIM5_Configuration
    bsp_init.o(i.BSP_Init) refers to delay.o(i.delay_ms) for delay_ms
    bsp_init.o(i.BSP_Init) refers to usart.o(i.USART1_Configuration) for USART1_Configuration
    bsp_init.o(i.BSP_Init) refers to usart.o(i.USART2_Configuration) for USART2_Configuration
    bsp_init.o(i.BSP_Init) refers to usart.o(i.USART3_Configuration) for USART3_Configuration
    bsp_init.o(i.BSP_Init) refers to usart.o(i.UART4_Configuration) for UART4_Configuration
    bsp_init.o(i.BSP_Init) refers to usart.o(i.USART6_Configuration) for USART6_Configuration
    bsp_init.o(i.BSP_Init) refers to spi.o(i.SPI_Configuration) for SPI_Configuration
    bsp_init.o(i.BSP_Init) refers to bmi088_driver.o(i.bmi088_init) for bmi088_init
    stm32f4xx_it.o(i.SysTick_Handler) refers to usart_protocol.o(i.MainControl_Rx_Protocol) for MainControl_Rx_Protocol
    stm32f4xx_it.o(i.SysTick_Handler) refers to stm32f4xx_it.o(.data) for i
    stm32f4xx_it.o(i.SysTick_Handler) refers to global_declare.o(.bss) for system_monitor
    stm32f4xx_it.o(i.SysTick_Handler) refers to usart_protocol.o(.data) for UA4RxDMAbuf
    stm32f4xx_it.o(i.UART4_IRQHandler) refers to stm32f4xx_usart.o(i.USART_GetITStatus) for USART_GetITStatus
    stm32f4xx_it.o(i.UART4_IRQHandler) refers to stm32f4xx_dma.o(i.DMA_GetCurrDataCounter) for DMA_GetCurrDataCounter
    stm32f4xx_it.o(i.UART4_IRQHandler) refers to usart_protocol.o(i.MainControl_Rx_Protocol) for MainControl_Rx_Protocol
    stm32f4xx_it.o(i.UART4_IRQHandler) refers to stm32f4xx_dma.o(i.DMA_Cmd) for DMA_Cmd
    stm32f4xx_it.o(i.UART4_IRQHandler) refers to stm32f4xx_it.o(.data) for n1
    stm32f4xx_it.o(i.UART4_IRQHandler) refers to global_declare.o(.bss) for system_monitor
    stm32f4xx_it.o(i.USART1_IRQHandler) refers to stm32f4xx_usart.o(i.USART_GetITStatus) for USART_GetITStatus
    stm32f4xx_it.o(i.USART1_IRQHandler) refers to strstr.o(.text) for strstr
    stm32f4xx_it.o(i.USART1_IRQHandler) refers to atof.o(i.__hardfp_atof) for __hardfp_atof
    stm32f4xx_it.o(i.USART1_IRQHandler) refers to d2f.o(x$fpl$d2f) for __aeabi_d2f
    stm32f4xx_it.o(i.USART1_IRQHandler) refers to stm32f4xx_dma.o(i.DMA_Cmd) for DMA_Cmd
[...]
    .bss                                     0x20000460   Section      120  usart_protocol.o(.bss)
    .bss                                     0x200004d8   Section    80132  bmi088_driver.o(.bss)
    .bss                                     0x20013ddc   Section       96  libspace.o(.bss)
    HEAP                                     0x20013e40   Section      512  startup_stm32f4xx.o(HEAP)
    Heap_Mem                                 0x20013e40   Data         512  startup_stm32f4xx.o(HEAP)
    STACK                                    0x20014040   Section     1024  startup_stm32f4xx.o(STACK)
    Stack_Mem                                0x20014040   Data        1024  startup_stm32f4xx.o(STACK)
    __initial_sp                             0x20014440   Data           0  startup_stm32f4xx.o(STACK)

    Global Symbols

    Symbol Name                              Value     Ov Type        Size  Object(Section)

    BuildAttributes$$THM_ISAv4$E$P$D$K$B$S$7EM$VFPi3$EXTD16$VFPS$VFMA$PE$A:L22UL41UL21$X:L11$S22US41US21$IEEE1$IW$USESV6$~STKCKD$USESV7$~SHL$OTIME$ROPI$IEEEX$EBA8$UX$STANDARDLIB$REQ8$PRES8$EABIv2 0x00000000   Number         0  anon$$obj.o ABSOLUTE
    __ARM_use_no_argv                        0x00000000   Number         0  main.o ABSOLUTE
    _printf_flags                            0x00000000   Number         0  printf_stubs.o ABSOLUTE
    _printf_return_value                     0x00000000   Number         0  printf_stubs.o ABSOLUTE
    _printf_sizespec                         0x00000000   Number         0  printf_stubs.o ABSOLUTE
    _printf_widthprec                        0x00000000   Number         0  printf_stubs.o ABSOLUTE
    __ARM_exceptions_init                     - Undefined Weak Reference
    __alloca_initialize                       - Undefined Weak Reference
    __arm_fini_                               - Undefined Weak Reference
    __arm_preinit_                            - Undefined Weak Reference
    __cpp_initialize__aeabi_                  - Undefined Weak Reference
    __cxa_finalize                            - Undefined Weak Reference
    __sigvec_lookup                           - Undefined Weak Reference
    _atexit_init                              - Undefined Weak Reference
    _call_atexit_fns                          - Undefined Weak Reference
    _clock_init                               - Undefined Weak Reference
    _fp_trap_init                             - Undefined Weak Reference
    _fp_trap_shutdown                         - Undefined Weak Reference
    _get_lc_collate                           - Undefined Weak Reference
    _get_lc_monetary                          - Undefined Weak Reference
    _get_lc_time                              - Undefined Weak Reference
    _getenv_init                              - Undefined Weak Reference
    _handle_redirection                       - Undefined Weak Reference
    _init_alloc                               - Undefined Weak Reference
    _init_user_alloc                          - Undefined Weak Reference
    _initio                                   - Undefined Weak Reference
    _printf_mbtowc                            - Undefined Weak Reference
    _printf_wc                                - Undefined Weak Reference
    _rand_init                                - Undefined Weak Reference
    _signal_finish                            - Undefined Weak Reference
    _signal_init                              - Undefined Weak Reference
    _terminate_alloc                          - Undefined Weak Reference
    _terminate_user_alloc                     - Undefined Weak Reference
    _terminateio                              - Undefined Weak Reference
    __Vectors_Size                           0x00000188   Number         0  startup_stm32f4xx.o ABSOLUTE
    __Vectors                                0x08000000   Data           4  startup_stm32f4xx.o(RESET)
    __Vectors_End                            0x08000188   Data           0  startup_stm32f4xx.o(RESET)
    __main                                   0x08000189   Thumb Code     8  __main.o(!!!main)
    __scatterload                            0x08000191   Thumb Code     0  __scatter.o(!!!scatter)
    __scatterload_rt2                        0x08000191   Thumb Code    44  __scatter.o(!!!scatter)
    __scatterload_rt2_thumb_only             0x08000191   Thumb Code     0  __scatter.o(!!!scatter)
    __scatterload_null                       0x0800019f   Thumb Code     0  __scatter.o(!!!scatter)
    __decompress                             0x080001c5   Thumb Code    90  __dczerorl2.o(!!dczerorl2)
    __decompress1                            0x080001c5   Thumb Code     0  __dczerorl2.o(!!dczerorl2)
    __scatterload_zeroinit                   0x08000221   Thumb Code    28  __scatter_zi.o(!!handler_zi)
    __rt_lib_init                            0x0800023d   Thumb Code     0  libinit.o(.ARM.Collect$$libinit$$00000000)
    __rt_lib_init_fp_1                       0x0800023f   Thumb Code     0  libinit2.o(.ARM.Collect$$libinit$$00000001)
    __rt_lib_init_heap_1                     0x08000243   Thumb Code     0  libinit2.o(.ARM.Collect$$libinit$$0000000A)
    __rt_lib_init_lc_common                  0x08000243   Thumb Code     0  libinit2.o(.ARM.Collect$$libinit$$0000000F)
    __rt_lib_init_preinit_1                  0x08000243   Thumb Code     0  libinit2.o(.ARM.Collect$$libinit$$00000004)
    __rt_lib_init_rand_1                     0x08000243   Thumb Code     0  libinit2.o(.ARM.Collect$$libinit$$0000000E)
    __rt_lib_init_user_alloc_1               0x08000243   Thumb Code     0  libinit2.o(.ARM.Collect$$libinit$$0000000C)
    __rt_lib_init_lc_collate_1               0x08000249   Thumb Code     0  libinit2.o(.ARM.Collect$$libinit$$00000011)
    __rt_lib_init_lc_ctype_2                 0x08000249   Thumb Code     0  libinit2.o(.ARM.Collect$$libinit$$00000012)
    __rt_lib_init_lc_ctype_1                 0x08000255   Thumb Code     0  libinit2.o(.ARM.Collect$$libinit$$00000013)
    __rt_lib_init_lc_monetary_1              0x08000255   Thumb Code     0  libinit2.o(.ARM.Collect$$libinit$$00000015)
    __rt_lib_init_lc_numeric_2               0x08000255   Thumb Code     0  libinit2.o(.ARM.Collect$$libinit$$00000016)
    __rt_lib_init_alloca_1                   0x0800025f   Thumb Code     0  libinit2.o(.ARM.Collect$$libinit$$0000002E)
    __rt_lib_init_argv_1                     0x0800025f   Thumb Code     0  libinit2.o(.ARM.Collect$$libinit$$0000002C)
    __rt_lib_init_atexit_1                   0x0800025f   Thumb Code     0  libinit2.o(.ARM.Collect$$libinit$$0000001B)
    __rt_lib_init_clock_1                    0x0800025f   Thumb Code     0  libinit2.o(.ARM.Collect$$libinit$$00000021)
    __rt_lib_init_cpp_1                      0x0800025f   Thumb Code     0  libinit2.o(.ARM.Collect$$libinit$$00000032)
    __rt_lib_init_exceptions_1               0x0800025f   Thumb Code     0  libinit2.o(.ARM.Collect$$libinit$$00000030)
    __rt_lib_init_fp_trap_1                  0x0800025f   Thumb Code     0  libinit2.o(.ARM.Collect$$libinit$$0000001F)
    __rt_lib_init_getenv_1                   0x0800025f   Thumb Code     0  libinit2.o(.ARM.Collect$$libinit$$00000023)
    __rt_lib_init_lc_numeric_1               0x0800025f   Thumb Code     0  libinit2.o(.ARM.Collect$$libinit$$00000017)
    __rt_lib_init_lc_time_1                  0x0800025f   Thumb Code     0  libinit2.o(.ARM.Collect$$libinit$$00000019)
    __rt_lib_init_return                     0x0800025f   Thumb Code     0  libinit2.o(.ARM.Collect$$libinit$$00000033)
    __rt_lib_init_signal_1                   0x0800025f   Thumb Code     0  libinit2.o(.ARM.Collect$$libinit$$0000001D)
    __rt_lib_init_stdio_1                    0x0800025f   Thumb Code     0  libinit2.o(.ARM.Collect$$libinit$$00000025)
    __rt_lib_shutdown                        0x08000261   Thumb Code     0  libshutdown.o(.ARM.Collect$$libshutdown$$00000000)
    __rt_lib_shutdown_cpp_1                  0x08000263   Thumb Code     0  libshutdown2.o(.ARM.Collect$$libshutdown$$00000004)
    __rt_lib_shutdown_fini_1                 0x08000263   Thumb Code     0  libshutdown2.o(.ARM.Collect$$libshutdown$$00000002)
    __rt_lib_shutdown_fp_trap_1              0x08000263   Thumb Code     0  libshutdown2.o(.ARM.Collect$$libshutdown$$00000009)
    __rt_lib_shutdown_heap_1                 0x08000263   Thumb Code     0  libshutdown2.o(.ARM.Collect$$libshutdown$$00000011)
    __rt_lib_shutdown_return                 0x08000263   Thumb Code     0  libshutdown2.o(.ARM.Collect$$libshutdown$$00000012)
    __rt_lib_shutdown_signal_1               0x08000263   Thumb Code     0  libshutdown2.o(.ARM.Collect$$libshutdown$$0000000C)
    __rt_lib_shutdown_stdio_1                0x08000263   Thumb Code     0  libshutdown2.o(.ARM.Collect$$libshutdown$$00000006)
    __rt_lib_shutdown_user_alloc_1           0x08000263   Thumb Code     0  libshutdown2.o(.ARM.Collect$$libshutdown$$0000000E)
    __rt_entry                               0x08000265   Thumb Code     0  __rtentry.o(.ARM.Collect$$rtentry$$00000000)
    __rt_entry_presh_1                       0x08000265   Thumb Code     0  __rtentry2.o(.ARM.Collect$$rtentry$$00000002)
    __rt_entry_sh                            0x08000265   Thumb Code     0  __rtentry4.o(.ARM.Collect$$rtentry$$00000004)
    __rt_entry_li                            0x0800026b   Thumb Code     0  __rtentry2.o(.ARM.Collect$$rtentry$$0000000A)
    __rt_entry_postsh_1                      0x0800026b   Thumb Code     0  __rtentry2.o(.ARM.Collect$$rtentry$$00000009)
    __rt_entry_main                          0x0800026f   Thumb Code     0  __rtentry2.o(.ARM.Collect$$rtentry$$0000000D)
    __rt_entry_postli_1                      0x0800026f   Thumb Code     0  __rtentry2.o(.ARM.Collect$$rtentry$$0000000C)
    __rt_exit                                0x08000277   Thumb Code     0  rtexit.o(.ARM.Collect$$rtexit$$00000000)
    __rt_exit_ls                             0x08000279   Thumb Code     0  rtexit2.o(.ARM.Collect$$rtexit$$00000003)
    __rt_exit_prels_1                        0x08000279   Thumb Code     0  rtexit2.o(.ARM.Collect$$rtexit$$00000002)
    __rt_exit_exit                           0x0800027d   Thumb Code     0  rtexit2.o(.ARM.Collect$$rtexit$$00000004)
    Reset_Handler                            0x08000285   Thumb Code    18  startup_stm32f4xx.o(.text)
    NMI_Handler                              0x08000297   Thumb Code     2  startup_stm32f4xx.o(.text)
    MemManage_Handler                        0x0800029b   Thumb Code     2  startup_stm32f4xx.o(.text)
    BusFault_Handler                         0x0800029d   Thumb Code     2  startup_stm32f4xx.o(.text)
    UsageFault_Handler                       0x0800029f   Thumb Code     2  startup_stm32f4xx.o(.text)
    SVC_Handler                              0x080002a1   Thumb Code     2  startup_stm32f4xx.o(.text)
    DebugMon_Handler                         0x080002a3   Thumb Code     2  startup_stm32f4xx.o(.text)
    PendSV_Handler                           0x080002a5   Thumb Code     2  startup_stm32f4xx.o(.text)
    ADC_IRQHandler                           0x080002a9   Thumb Code     0  startup_stm32f4xx.o(.text)
    CAN1_RX0_IRQHandler                      0x080002a9   Thumb Code     0  startup_stm32f4xx.o(.text)
    CAN1_RX1_IRQHandler                      0x080002a9   Thumb Code     0  startup_stm32f4xx.o(.text)
    CAN1_SCE_IRQHandler                      0x080002a9   Thumb Code     0  startup_stm32f4xx.o(.text)
    CAN1_TX_IRQHandler                       0x080002a9   Thumb Code     0  startup_stm32f4xx.o(.text)
    CAN2_RX0_IRQHandler                      0x080002a9   Thumb Code     0  startup_stm32f4xx.o(.text)
    CAN2_RX1_IRQHandler                      0x080002a9   Thumb Code     0  startup_stm32f4xx.o(.text)
    CAN2_SCE_IRQHandler                      0x080002a9   Thumb Code     0  startup_stm32f4xx.o(.text)
    CAN2_TX_IRQHandler                       0x080002a9   Thumb Code     0  startup_stm32f4xx.o(.text)
    CRYP_IRQHandler                          0x080002a9   Thumb Code     0  startup_stm32f4xx.o(.text)
    DCMI_IRQHandler                          0x080002a9   Thumb Code     0  startup_stm32f4xx.o(.text)
    DMA1_Stream0_IRQHandler                  0x080002a9   Thumb Code     0  startup_stm32f4xx.o(.text)
    DMA1_Stream1_IRQHandler                  0x080002a9   Thumb Code     0  startup_stm32f4xx.o(.text)
    DMA1_Stream2_IRQHandler                  0x080002a9   Thumb Code     0  startup_stm32f4xx.o(.text)
    DMA1_Stream3_IRQHandler                  0x080002a9   Thumb Code     0  startup_stm32f4xx.o(.text)
    DMA1_Stream4_IRQHandler                  0x080002a9   Thumb Code     0  startup_stm32f4xx.o(.text)
    DMA1_Stream5_IRQHandler                  0x080002a9   Thumb Code     0  startup_stm32f4xx.o(.text)
    DMA1_Stream6_IRQHandler                  0x080002a9   Thumb Code     0  startup_stm32f4xx.o(.text)
    DMA1_Stream7_IRQHandler                  0x080002a9   Thumb Code     0  startup_stm32f4xx.o(.text)
    DMA2_Stream0_IRQHandler                  0x080002a9   Thumb Code     0  startup_stm32f4xx.o(.text)
    DMA2_Stream1_IRQHandler                  0x080002a9   Thumb Code     0  startup_stm32f4xx.o(.text)
    DMA2_Stream2_IRQHandler                  0x080002a9   Thumb Code     0  startup_stm32f4xx.o(.text)
    DMA2_Stream3_IRQHandler                  0x080002a9   Thumb Code     0  startup_stm32f4xx.o(.text)
    DMA2_Stream4_IRQHandler                  0x080002a9   Thumb Code     0  startup_stm32f4xx.o(.text)
    DMA2_Stream5_IRQHandler                  0x080002a9   Thumb Code     0  startup_stm32f4xx.o(.text)
    DMA2_Stream6_IRQHandler                  0x080002a9   Thumb Code     0  startup_stm32f4xx.o(.text)
    DMA2_Stream7_IRQHandler                  0x080002a9   Thumb Code     0  startup_stm32f4xx.o(.text)
    ETH_IRQHandler                           0x080002a9   Thumb Code     0  startup_stm32f4xx.o(.text)
    ETH_WKUP_IRQHandler                      0x080002a9   Thumb Code     0  startup_stm32f4xx.o(.text)
    EXTI0_IRQHandler                         0x080002a9   Thumb Code     0  startup_stm32f4xx.o(.text)
    EXTI15_10_IRQHandler                     0x080002a9   Thumb Code     0  startup_stm32f4xx.o(.text)
    EXTI1_IRQHandler                         0x080002a9   Thumb Code     0  startup_stm32f4xx.o(.text)
    EXTI2_IRQHandler                         0x080002a9   Thumb Code     0  startup_stm32f4xx.o(.text)
    EXTI3_IRQHandler                         0x080002a9   Thumb Code     0  startup_stm32f4xx.o(.text)
    EXTI4_IRQHandler                         0x080002a9   Thumb Code     0  startup_stm32f4xx.o(.text)
    EXTI9_5_IRQHandler                       0x080002a9   Thumb Code     0  startup_stm32f4xx.o(.text)
    FLASH_IRQHandler                         0x080002a9   Thumb Code     0  startup_stm32f4xx.o(.text)
    FPU_IRQHandler                           0x080002a9   Thumb Code     0  startup_stm32f4xx.o(.text)
    FSMC_IRQHandler                          0x080002a9   Thumb Code     0  startup_stm32f4xx.o(.text)
    HASH_RNG_IRQHandler                      0x080002a9   Thumb Code     0  startup_stm32f4xx.o(.text)
    I2C1_ER_IRQHandler                       0x080002a9   Thumb Code     0  startup_stm32f4xx.o(.text)
    I2C1_EV_IRQHandler                       0x080002a9   Thumb Code     0  startup_stm32f4xx.o(.text)
    I2C2_ER_IRQHandler                       0x080002a9   Thumb Code     0  startup_stm32f4xx.o(.text)
    I2C2_EV_IRQHandler                       0x080002a9   Thumb Code     0  startup_stm32f4xx.o(.text)
    I2C3_ER_IRQHandler                       0x080002a9   Thumb Code     0  startup_stm32f4xx.o(.text)
    I2C3_EV_IRQHandler                       0x080002a9   Thumb Code     0  startup_stm32f4xx.o(.text)
    OTG_FS_IRQHandler                        0x080002a9   Thumb Code     0  startup_stm32f4xx.o(.text)
    OTG_FS_WKUP_IRQHandler                   0x080002a9   Thumb Code     0  startup_stm32f4xx.o(.text)
    OTG_HS_EP1_IN_IRQHandler                 0x080002a9   Thumb Code     0  startup_stm32f4xx.o(.text)
    OTG_HS_EP1_OUT_IRQHandler                0x080002a9   Thumb Code     0  startup_stm32f4xx.o(.text)
    OTG_HS_IRQHandler                        0x080002a9   Thumb Code     0  startup_stm32f4xx.o(.text)
    OTG_HS_WKUP_IRQHandler                   0x080002a9   Thumb Code     0  startup_stm32f4xx.o(.text)
    PVD_IRQHandler                           0x080002a9   Thumb Code     0  startup_stm32f4xx.o(.text)
    RCC_IRQHandler                           0x080002a9   Thumb Code     0  startup_stm32f4xx.o(.text)
    RTC_Alarm_IRQHandler                     0x080002a9   Thumb Code     0  startup_stm32f4xx.o(.text)
    RTC_WKUP_IRQHandler                      0x080002a9   Thumb Code     0  startup_stm32f4xx.o(.text)
    SDIO_IRQHandler                          0x080002a9   Thumb Code     0  startup_stm32f4xx.o(.text)
    SPI1_IRQHandler                          0x080002a9   Thumb Code     0  startup_stm32f4xx.o(.text)
    SPI2_IRQHandler                          0x080002a9   Thumb Code     0  startup_stm32f4xx.o(.text)
    SPI3_IRQHandler                          0x080002a9   Thumb Code     0  startup_stm32f4xx.o(.text)
    TAMP_STAMP_IRQHandler                    0x080002a9   Thumb Code     0  startup_stm32f4xx.o(.text)
    TIM1_BRK_TIM9_IRQHandler                 0x080002a9   Thumb Code     0  startup_stm32f4xx.o(.text)
    TIM1_CC_IRQHandler                       0x080002a9   Thumb Code     0  startup_stm32f4xx.o(.text)
    TIM1_TRG_COM_TIM11_IRQHandler            0x080002a9   Thumb Code     0  startup_stm32f4xx.o(.text)
    TIM1_UP_TIM10_IRQHandler                 0x080002a9   Thumb Code     0  startup_stm32f4xx.o(.text)
    TIM2_IRQHandler                          0x080002a9   Thumb Code     0  startup_stm32f4xx.o(.text)
    TIM3_IRQHandler                          0x080002a9   Thumb Code     0  startup_stm32f4xx.o(.text)
    TIM4_IRQHandler                          0x080002a9   Thumb Code     0  startup_stm32f4xx.o(.text)
    TIM5_IRQHandler                          0x080002a9   Thumb Code     0  startup_stm32f4xx.o(.text)
    TIM6_DAC_IRQHandler                      0x080002a9   Thumb Code     0  startup_stm32f4xx.o(.text)
    TIM7_IRQHandler                          0x080002a9   Thumb Code     0  startup_stm32f4xx.o(.text)
    TIM8_BRK_TIM12_IRQHandler                0x080002a9   Thumb Code     0  startup_stm32f4xx.o(.text)
    TIM8_CC_IRQHandler                       0x080002a9   Thumb Code     0  startup_stm32f4xx.o(.text)
    TIM8_TRG_COM_TIM14_IRQHandler            0x080002a9   Thumb Code     0  startup_stm32f4xx.o(.text)
    TIM8_UP_TIM13_IRQHandler                 0x080002a9   Thumb Code     0  startup_stm32f4xx.o(.text)
    UART5_IRQHandler                         0x080002a9   Thumb Code     0  startup_stm32f4xx.o(.text)
    __user_initial_stackheap                 0x080002ad   Thumb Code     0  startup_stm32f4xx.o(.text)
    __aeabi_llsl                             0x080002d5   Thumb Code     0  llshl.o(.text)
    _ll_shift_l                              0x080002d5   Thumb Code    38  llshl.o(.text)
    strstr                                   0x080002fb   Thumb Code    36  strstr.o(.text)
    __aeabi_memclr4                          0x0800031f   Thumb Code     0  rt_memclr_w.o(.text)
    __aeabi_memclr8                          0x0800031f   Thumb Code     0  rt_memclr_w.o(.text)
    __rt_memclr_w                            0x0800031f   Thumb Code    78  rt_memclr_w.o(.text)
    _memset_w                                0x08000323   Thumb Code     0  rt_memclr_w.o(.text)
    __use_two_region_memory                  0x0800036d   Thumb Code     2  heapauxi.o(.text)
    __rt_heap_escrow$2region                 0x0800036f   Thumb Code     2  heapauxi.o(.text)
    __rt_heap_expand$2region                 0x08000371   Thumb Code     2  heapauxi.o(.text)
    __aeabi_errno_addr                       0x08000375   Thumb Code     8  rt_errno_addr_intlibspace.o(.text)
    __errno$intlibspace                      0x08000375   Thumb Code     0  rt_errno_addr_intlibspace.o(.text)
    __rt_errno_addr$intlibspace              0x08000375   Thumb Code     0  rt_errno_addr_intlibspace.o(.text)
    __read_errno                             0x0800037d   Thumb Code    10  _rserrno.o(.text)
    __set_errno                              0x08000387   Thumb Code    12  _rserrno.o(.text)
    __strtod_int                             0x080003d1   Thumb Code    90  strtod.o(.text)
    __user_libspace                          0x08000439   Thumb Code     8  libspace.o(.text)
    __user_perproc_libspace                  0x08000439   Thumb Code     0  libspace.o(.text)
    __user_perthread_libspace                0x08000439   Thumb Code     0  libspace.o(.text)
    __rt_ctype_table                         0x08000441   Thumb Code    16  rt_ctype_table.o(.text)
    isspace                                  0x08000451   Thumb Code    18  isspace.o(.text)
    _sgetc                                   0x08000463   Thumb Code    30  _sgetc.o(.text)
    _sbackspace                              0x08000481   Thumb Code    34  _sgetc.o(.text)
    __user_setup_stackheap                   0x080004a3   Thumb Code    74  sys_stackheap_outer.o(.text)
    __rt_locale                              0x080004ed   Thumb Code     8  rt_locale_intlibspace.o(.text)
    _chval                                   0x080004f5   Thumb Code    28  _chval.o(.text)
    _scanf_really_real                       0x0800075d   Thumb Code   684  scanf_fp.o(.text)
    _btod_etento                             0x08000a09   Thumb Code   224  bigflt0.o(.text)
    exit                                     0x08000aed   Thumb Code    18  exit.o(.text)
    strcmp                                   0x08000b01   Thumb Code   128  strcmpv7m.o(.text)
    _sys_exit                                0x08000b81   Thumb Code     8  sys_exit.o(.text)
    _scanf_really_hex_real                   0x08000b8d   Thumb Code   786  scanf_hexfp.o(.text)
    _scanf_really_infnan                     0x08000ead   Thumb Code   292  scanf_infnan.o(.text)
    __I$use$semihosting                      0x08000fe1   Thumb Code     0  use_no_semi.o(.text)
    __use_no_semihosting_swi                 0x08000fe1   Thumb Code     2  use_no_semi.o(.text)
    __btod_div_common                        0x08000fe3   Thumb Code   696  btod.o(CL$$btod_div_common)
    __semihosting_library_function           0x08000fe3   Thumb Code     0  indicate_semi.o(.text)
    _e2d                                     0x0800131d   Thumb Code   122  btod.o(CL$$btod_e2d)
    _e2e                                     0x080013a1   Thumb Code   220  btod.o(CL$$btod_e2e)
    _btod_ediv                               0x0800147d   Thumb Code    42  btod.o(CL$$btod_ediv)
    _btod_edivd                              0x080014a7   Thumb Code    42  btod.o(CL$$btod_edivd)
    _btod_emul                               0x080014d1   Thumb Code    42  btod.o(CL$$btod_emul)
    _btod_emuld                              0x080014fb   Thumb Code    42  btod.o(CL$$btod_emuld)
    __btod_mult_common                       0x08001525   Thumb Code   580  btod.o(CL$$btod_mult_common)
    BMI088_Read_Acc_Data                     0x08001769   Thumb Code    50  bmi088_driver.o(i.BMI088_Read_Acc_Data)
    BMI088_Read_Gyro_Data                    0x080017a1   Thumb Code    42  bmi088_driver.o(i.BMI088_Read_Gyro_Data)
    BMI088_Write_Acc_Data                    0x080017d1   Thumb Code    38  bmi088_driver.o(i.BMI088_Write_Acc_Data)
    BMI088_Write_Gyro_Data                   0x080017fd   Thumb Code    38  bmi088_driver.o(i.BMI088_Write_Gyro_Data)
    BSP_Init                                 0x08001829   Thumb Code    88  bsp_init.o(i.BSP_Init)
    DMA_ClearITPendingBit                    0x08001881   Thumb Code    38  stm32f4xx_dma.o(i.DMA_ClearITPendingBit)
    DMA_Cmd                                  0x080018b5   Thumb Code    22  stm32f4xx_dma.o(i.DMA_Cmd)
    DMA_DeInit                               0x080018cd   Thumb Code   324  stm32f4xx_dma.o(i.DMA_DeInit)
    DMA_GetCmdStatus                         0x08001a25   Thumb Code    20  stm32f4xx_dma.o(i.DMA_GetCmdStatus)
    DMA_GetCurrDataCounter                   0x08001a39   Thumb Code     8  stm32f4xx_dma.o(i.DMA_GetCurrDataCounter)
    DMA_Init                                 0x08001a41   Thumb Code    82  stm32f4xx_dma.o(i.DMA_Init)
    GPIO_Init                                0x08001a99   Thumb Code   144  stm32f4xx_gpio.o(i.GPIO_Init)
    GPIO_PinAFConfig                         0x08001b29   Thumb Code    70  stm32f4xx_gpio.o(i.GPIO_PinAFConfig)
    GPIO_ResetBits                           0x08001b6f   Thumb Code     4  stm32f4xx_gpio.o(i.GPIO_ResetBits)
    GPIO_SetBits                             0x08001b73   Thumb Code     4  stm32f4xx_gpio.o(i.GPIO_SetBits)
    GPIO_ToggleBits                          0x08001b77   Thumb Code     8  stm32f4xx_gpio.o(i.GPIO_ToggleBits)
    GetOffset                                0x08001b81   Thumb Code   526  bmi088_driver.o(i.GetOffset)
    GetValue                                 0x08001df1   Thumb Code   532  bmi088_driver.o(i.GetValue)
    GimbalTask                               0x0800203d   Thumb Code    12  main.o(i.GimbalTask)
    HardFault_Handler                        0x0800204d   Thumb Code     4  stm32f4xx_it.o(i.HardFault_Handler)
    IMUSampleTask                            0x08002051   Thumb Code    18  main.o(i.IMUSampleTask)
    IMUUpdateTask                            0x08002069   Thumb Code    40  main.o(i.IMUUpdateTask)
    IMU_Update_Mahony                        0x080020a5   Thumb Code  1380  imu_update.o(i.IMU_Update_Mahony)
    LED_Configuration                        0x08002631   Thumb Code    74  led.o(i.LED_Configuration)
    LedTask                                  0x08002681   Thumb Code    34  main.o(i.LedTask)
    Limit_Zero                               0x080026ad   Thumb Code    40  bmi088_driver.o(i.Limit_Zero)
    LpFilter                                 0x080026d9   Thumb Code    66  general_math.o(i.LpFilter)
    MainControl_Rx_Protocol                  0x0800271b   Thumb Code     2  usart_protocol.o(i.MainControl_Rx_Protocol)
    MainControl_Tx_Protocol                  0x0800271d   Thumb Code   194  usart_protocol.o(i.MainControl_Tx_Protocol)
    NVIC_Init                                0x08002819   Thumb Code   106  misc.o(i.NVIC_Init)
    NVIC_PriorityGroupConfig                 0x08002891   Thumb Code    10  misc.o(i.NVIC_PriorityGroupConfig)
    OS_RUN                                   0x080028a5   Thumb Code   408  os.o(i.OS_RUN)
    OUT_Configuration                        0x08002a55   Thumb Code    64  led.o(i.OUT_Configuration)
    RCC_AHB1PeriphClockCmd                   0x08002a99   Thumb Code    26  stm32f4xx_rcc.o(i.RCC_AHB1PeriphClockCmd)
    RCC_AHB2PeriphClockCmd                   0x08002ab9   Thumb Code    26  stm32f4xx_rcc.o(i.RCC_AHB2PeriphClockCmd)
    RCC_APB1PeriphClockCmd                   0x08002ad9   Thumb Code    26  stm32f4xx_rcc.o(i.RCC_APB1PeriphClockCmd)
    RCC_APB1PeriphResetCmd                   0x08002af9   Thumb Code    26  stm32f4xx_rcc.o(i.RCC_APB1PeriphResetCmd)
    RCC_APB2PeriphClockCmd                   0x08002b19   Thumb Code    26  stm32f4xx_rcc.o(i.RCC_APB2PeriphClockCmd)
    RCC_APB2PeriphResetCmd                   0x08002b39   Thumb Code    26  stm32f4xx_rcc.o(i.RCC_APB2PeriphResetCmd)
    RCC_GetClocksFreq                        0x08002b59   Thumb Code   214  stm32f4xx_rcc.o(i.RCC_GetClocksFreq)
    SPI_Cmd                                  0x08002c41   Thumb Code    24  stm32f4xx_spi.o(i.SPI_Cmd)
    SPI_Configuration                        0x08002c59   Thumb Code   260  spi.o(i.SPI_Configuration)
    SPI_I2S_DeInit                           0x08002d69   Thumb Code    76  stm32f4xx_spi.o(i.SPI_I2S_DeInit)
    SPI_Init                                 0x08002dc1   Thumb Code    60  stm32f4xx_spi.o(i.SPI_Init)
    SendDataTask                             0x08002dfd   Thumb Code    36  main.o(i.SendDataTask)
    Sensor_Data_Prepare                      0x08002e29   Thumb Code   842  bmi088_driver.o(i.Sensor_Data_Prepare)
    SysTick_Configuration                    0x08003309   Thumb Code    74  systick.o(i.SysTick_Configuration)
    SysTick_Handler                          0x08003359   Thumb Code    80  stm32f4xx_it.o(i.SysTick_Handler)
    SystemErrorDetect                        0x080033b5   Thumb Code   294  systemmonitor_task.o(i.SystemErrorDetect)
    SystemInit                               0x080034ed   Thumb Code    74  system_stm32f4xx.o(i.SystemInit)
    SystemMonitorTask                        0x08003549   Thumb Code     8  main.o(i.SystemMonitorTask)
    TIM2_3_Configuration                     0x08003551   Thumb Code   180  time.o(i.TIM2_3_Configuration)
    TIM4_Configuration                       0x08003611   Thumb Code   190  steering_engine.o(i.TIM4_Configuration)
    TIM5_Configuration                       0x080036dd   Thumb Code    50  time_estimate.o(i.TIM5_Configuration)
    TIM_ARRPreloadConfig                     0x08003715   Thumb Code    24  stm32f4xx_tim.o(i.TIM_ARRPreloadConfig)
    TIM_Cmd                                  0x0800372d   Thumb Code    24  stm32f4xx_tim.o(i.TIM_Cmd)
    TIM_CtrlPWMOutputs                       0x08003745   Thumb Code    30  stm32f4xx_tim.o(i.TIM_CtrlPWMOutputs)
    TIM_ETRClockMode2Config                  0x08003763   Thumb Code    32  stm32f4xx_tim.o(i.TIM_ETRClockMode2Config)
    TIM_ETRConfig                            0x08003783   Thumb Code    28  stm32f4xx_tim.o(i.TIM_ETRConfig)
    TIM_OC3Init                              0x080037a1   Thumb Code   150  stm32f4xx_tim.o(i.TIM_OC3Init)
    TIM_OC3PreloadConfig                     0x08003841   Thumb Code    18  stm32f4xx_tim.o(i.TIM_OC3PreloadConfig)
    TIM_OC4Init                              0x08003855   Thumb Code   112  stm32f4xx_tim.o(i.TIM_OC4Init)
    TIM_OC4PreloadConfig                     0x080038cd   Thumb Code    26  stm32f4xx_tim.o(i.TIM_OC4PreloadConfig)
    TIM_SetCounter                           0x080038e7   Thumb Code     4  stm32f4xx_tim.o(i.TIM_SetCounter)
    TIM_TimeBaseInit                         0x080038ed   Thumb Code   104  stm32f4xx_tim.o(i.TIM_TimeBaseInit)
    TempControlTask                          0x08003971   Thumb Code    18  main.o(i.TempControlTask)
    Temp_Control                             0x08003989   Thumb Code     2  temp_control.o(i.Temp_Control)
    UART4_Configuration                      0x0800398d   Thumb Code   376  usart.o(i.UART4_Configuration)
    UART4_IRQHandler                         0x08003b19   Thumb Code    96  stm32f4xx_it.o(i.UART4_IRQHandler)
    USART1_Configuration                     0x08003b89   Thumb Code   278  usart.o(i.USART1_Configuration)
    USART1_IRQHandler                        0x08003cb5   Thumb Code   114  stm32f4xx_it.o(i.USART1_IRQHandler)
    USART2_Configuration                     0x08003d41   Thumb Code   362  usart.o(i.USART2_Configuration)
    USART2_IRQHandler                        0x08003ec5   Thumb Code   116  stm32f4xx_it.o(i.USART2_IRQHandler)
    USART3_Configuration                     0x08003f51   Thumb Code   362  usart.o(i.USART3_Configuration)
    USART3_IRQHandler                        0x080040d5   Thumb Code   116  stm32f4xx_it.o(i.USART3_IRQHandler)
    USART6_Configuration                     0x08004161   Thumb Code   362  usart.o(i.USART6_Configuration)
    USART6_IRQHandler                        0x080042e5   Thumb Code    48  stm32f4xx_it.o(i.USART6_IRQHandler)
    USART_Cmd                                0x08004321   Thumb Code    24  stm32f4xx_usart.o(i.USART_Cmd)
    USART_DMACmd                             0x08004339   Thumb Code    18  stm32f4xx_usart.o(i.USART_DMACmd)
    USART_DeInit                             0x0800434d   Thumb Code   156  stm32f4xx_usart.o(i.USART_DeInit)
    USART_GetITStatus                        0x08004401   Thumb Code    84  stm32f4xx_usart.o(i.USART_GetITStatus)
    USART_ITConfig                           0x08004455   Thumb Code    74  stm32f4xx_usart.o(i.USART_ITConfig)
    USART_Init                               0x080044a1   Thumb Code   204  stm32f4xx_usart.o(i.USART_Init)
    WWDG_ClearFlag                           0x08004575   Thumb Code     8  stm32f4xx_wwdg.o(i.WWDG_ClearFlag)
    WWDG_IRQHandler                          0x08004581   Thumb Code    16  wwdg.o(i.WWDG_IRQHandler)
    WWDG_SetCounter                          0x08004595   Thumb Code    10  stm32f4xx_wwdg.o(i.WWDG_SetCounter)
    __ARM_fpclassify                         0x080045a5   Thumb Code    48  fpclassify.o(i.__ARM_fpclassify)
    __ARM_fpclassifyf                        0x080045d5   Thumb Code    38  fpclassifyf.o(i.__ARM_fpclassifyf)
    __hardfp___mathlib_tofloat               0x08004629   Thumb Code   232  narrow.o(i.__hardfp___mathlib_tofloat)
    __hardfp_asinf                           0x08004721   Thumb Code   258  asinf.o(i.__hardfp_asinf)
    __hardfp_atan2f                          0x0800484d   Thumb Code   594  atan2f.o(i.__hardfp_atan2f)
    __hardfp_atof                            0x08004af9   Thumb Code    44  atof.o(i.__hardfp_atof)
    __hardfp_ldexp                           0x08004b31   Thumb Code   200  ldexp.o(i.__hardfp_ldexp)
    __hardfp_pow                             0x08004c01   Thumb Code  3072  pow.o(i.__hardfp_pow)
    __hardfp_sqrt                            0x08005851   Thumb Code   122  sqrt.o(i.__hardfp_sqrt)
    __kernel_poly                            0x080058cb   Thumb Code   248  poly.o(i.__kernel_poly)
    __mathlib_dbl_divzero                    0x080059c9   Thumb Code    28  dunder.o(i.__mathlib_dbl_divzero)
    __mathlib_dbl_infnan2                    0x080059f9   Thumb Code    20  dunder.o(i.__mathlib_dbl_infnan2)
    __mathlib_dbl_invalid                    0x08005a11   Thumb Code    24  dunder.o(i.__mathlib_dbl_invalid)
    __mathlib_dbl_overflow                   0x08005a31   Thumb Code    24  dunder.o(i.__mathlib_dbl_overflow)
    __mathlib_dbl_underflow                  0x08005a51   Thumb Code    24  dunder.o(i.__mathlib_dbl_underflow)
    __mathlib_flt_infnan                     0x08005a71   Thumb Code     6  funder.o(i.__mathlib_flt_infnan)
    __mathlib_flt_infnan2                    0x08005a77   Thumb Code     6  funder.o(i.__mathlib_flt_infnan2)
    __mathlib_flt_invalid                    0x08005a7d   Thumb Code    10  funder.o(i.__mathlib_flt_invalid)
    __mathlib_flt_underflow                  0x08005a8d   Thumb Code    10  funder.o(i.__mathlib_flt_underflow)
    __mathlib_narrow                         0x08005a9d   Thumb Code    18  narrow.o(i.__mathlib_narrow)
    __support_ldexp                          0x08005aaf   Thumb Code    20  ldexp.o(i.__support_ldexp)
    _is_digit                                0x08005ac3   Thumb Code    14  __printf_wp.o(i._is_digit)
    bmi088_init                              0x08005ad1   Thumb Code   358  bmi088_driver.o(i.bmi088_init)
    delay_ms                                 0x08005c51   Thumb Code    30  delay.o(i.delay_ms)
    fabs                                     0x08005c6f   Thumb Code    24  fabs.o(i.fabs)
    frexp                                    0x08005c89   Thumb Code   118  frexp.o(i.frexp)
    invSqrt                                  0x08005d15   Thumb Code    56  general_math.o(i.invSqrt)
    leastSquareLinearFit                     0x08005d51   Thumb Code   224  bmi088_driver.o(i.leastSquareLinearFit)
    main                                     0x08005e39   Thumb Code    14  main.o(i.main)
    spi1_read_write_byte                     0x08005e49   Thumb Code    40  spi.o(i.spi1_read_write_byte)
    sqrt                                     0x08005e75   Thumb Code   110  sqrt.o(i.sqrt)
    sqrtf                                    0x08005ee3   Thumb Code    62  sqrtf.o(i.sqrtf)
    _get_lc_numeric                          0x08005f21   Thumb Code    44  lc_numeric_c.o(locale$$code)
    _get_lc_ctype                            0x08005f4d   Thumb Code    44  lc_ctype_c.o(locale$$code)
    __aeabi_dneg                             0x08005f79   Thumb Code     0  basic.o(x$fpl$basic)
    _dneg                                    0x08005f79   Thumb Code     6  basic.o(x$fpl$basic)
    __aeabi_fneg                             0x08005f7f   Thumb Code     0  basic.o(x$fpl$basic)
    _fneg                                    0x08005f7f   Thumb Code     6  basic.o(x$fpl$basic)
    _dabs                                    0x08005f85   Thumb Code     6  basic.o(x$fpl$basic)
    _fabs                                    0x08005f8b   Thumb Code     6  basic.o(x$fpl$basic)
    __aeabi_d2f                              0x08005f91   Thumb Code     0  d2f.o(x$fpl$d2f)
    _d2f                                     0x08005f91   Thumb Code    98  d2f.o(x$fpl$d2f)
    __aeabi_dadd                             0x08005ff5   Thumb Code     0  daddsub_clz.o(x$fpl$dadd)
    _dadd                                    0x08005ff5   Thumb Code   332  daddsub_clz.o(x$fpl$dadd)
    __fpl_dcheck_NaN1                        0x08006145   Thumb Code    10  dcheck1.o(x$fpl$dcheck1)
    __fpl_dcmp_Inf                           0x08006155   Thumb Code    24  dcmpi.o(x$fpl$dcmpinf)
    __aeabi_ddiv                             0x0800616d   Thumb Code     0  ddiv.o(x$fpl$ddiv)
    _ddiv                                    0x0800616d   Thumb Code   552  ddiv.o(x$fpl$ddiv)
    __aeabi_cdcmpeq                          0x0800641d   Thumb Code     0  deqf.o(x$fpl$deqf)
    _dcmpeq                                  0x0800641d   Thumb Code   120  deqf.o(x$fpl$deqf)
    __aeabi_d2iz                             0x08006495   Thumb Code     0  dfix.o(x$fpl$dfix)
    _dfix                                    0x08006495   Thumb Code    94  dfix.o(x$fpl$dfix)
    __aeabi_d2uiz                            0x080064f5   Thumb Code     0  dfixu.o(x$fpl$dfixu)
    _dfixu                                   0x080064f5   Thumb Code    90  dfixu.o(x$fpl$dfixu)
    __aeabi_i2d                              0x0800654f   Thumb Code     0  dflt_clz.o(x$fpl$dflt)
    _dflt                                    0x0800654f   Thumb Code    46  dflt_clz.o(x$fpl$dflt)
    __aeabi_ui2d                             0x0800657d   Thumb Code     0  dflt_clz.o(x$fpl$dfltu)
    _dfltu                                   0x0800657d   Thumb Code    38  dflt_clz.o(x$fpl$dfltu)
    __aeabi_cdcmple                          0x080065a5   Thumb Code     0  dleqf.o(x$fpl$dleqf)
    _dcmple                                  0x080065a5   Thumb Code   120  dleqf.o(x$fpl$dleqf)
    __fpl_dcmple_InfNaN                      0x08006607   Thumb Code     0  dleqf.o(x$fpl$dleqf)
    __aeabi_dmul                             0x0800661d   Thumb Code     0  dmul.o(x$fpl$dmul)
    _dmul                                    0x0800661d   Thumb Code   332  dmul.o(x$fpl$dmul)
    __fpl_dnaninf                            0x08006771   Thumb Code   156  dnaninf.o(x$fpl$dnaninf)
    __fpl_dretinf                            0x0800680d   Thumb Code    12  dretinf.o(x$fpl$dretinf)
    __aeabi_cdrcmple                         0x08006819   Thumb Code     0  drleqf.o(x$fpl$drleqf)
    _drcmple                                 0x08006819   Thumb Code   108  drleqf.o(x$fpl$drleqf)
    __aeabi_drsub                            0x08006885   Thumb Code     0  daddsub_clz.o(x$fpl$drsb)
    _drsb                                    0x08006885   Thumb Code    22  daddsub_clz.o(x$fpl$drsb)
    _dsqrt                                   0x0800689d   Thumb Code   404  dsqrt_umaal.o(x$fpl$dsqrt)
    __aeabi_dsub                             0x08006a35   Thumb Code     0  daddsub_clz.o(x$fpl$dsub)
    _dsub                                    0x08006a35   Thumb Code   464  daddsub_clz.o(x$fpl$dsub)
    __aeabi_f2d                              0x08006c09   Thumb Code     0  f2d.o(x$fpl$f2d)
    _f2d                                     0x08006c09   Thumb Code    86  f2d.o(x$fpl$f2d)
    __fpl_fnaninf                            0x08006c5f   Thumb Code   140  fnaninf.o(x$fpl$fnaninf)
    _fp_init                                 0x08006ceb   Thumb Code    10  fpinit.o(x$fpl$fpinit)
    __fplib_config_fpu_vfp                   0x08006cf3   Thumb Code     0  fpinit.o(x$fpl$fpinit)
    __fplib_config_pureend_doubles           0x08006cf3   Thumb Code     0  fpinit.o(x$fpl$fpinit)
    __fpl_fretinf                            0x08006cf5   Thumb Code    10  fretinf.o(x$fpl$fretinf)
    __ieee_status                            0x08006cff   Thumb Code     6  istatus.o(x$fpl$ieeestatus)
    __fpl_return_NaN                         0x08006d05   Thumb Code   100  retnan.o(x$fpl$retnan)
    __ARM_scalbn                             0x08006d69   Thumb Code    92  scalbn.o(x$fpl$scalbn)
    _scanf_real                              0x08006dc5   Thumb Code     4  scanf1.o(x$fpl$scanf1)
    _scanf_hex_real                          0x08006dc9   Thumb Code     4  scanf2.o(x$fpl$scanf2)
    _scanf_infnan                            0x08006dcd   Thumb Code     4  scanf2.o(x$fpl$scanf2)
    __fpl_cmpreturn                          0x08006dd1   Thumb Code    48  trapv.o(x$fpl$trapveneer)
    __I$use$fp                               0x08006e00   Number         0  usenofp.o(x$fpl$usenofp)
    __mathlib_zero                           0x08006e88   Data           8  qnan.o(.constdata)
    Region$$Table$$Base                      0x08006f8c   Number         0  anon$$obj.o(Region$$Table)
    Region$$Table$$Limit                     0x08006fac   Number         0  anon$$obj.o(Region$$Table)
    __aeabi_HUGE_VAL                         0x08006fac   Data           0  fpconst.o(c$$dinf)
    __aeabi_HUGE_VALL                        0x08006fac   Data           0  fpconst.o(c$$dinf)
    __aeabi_INFINITY                         0x08006fac   Data           0  fpconst.o(c$$dinf)
    __dInf                                   0x08006fac   Data           0  fpconst.o(c$$dinf)
    __huge_val                               0x08006fac   Data           0  fpconst.o(c$$dinf)
    __dbl_max                                0x08006fb4   Data           0  fpconst.o(c$$dmax)
    __ctype                                  0x08006fe5   Data           0  lc_ctype_c.o(locale$$data)
    SteeringEnginePWM_High                   0x20000000   Data           4  global_declare.o(.data)
    SteeringEnginePWM_Low                    0x20000004   Data           4  global_declare.o(.data)
    imu_mode                                 0x20000008   Data           1  global_declare.o(.data)
    TaskTotalTime                            0x2000000c   Data           4  os.o(.data)
    TaskTotalTimeMost                        0x20000010   Data           4  os.o(.data)
    TaskTotalTimeLeast                       0x20000014   Data           4  os.o(.data)
    G_ST_Task                                0x20000018   Data         252  os.o(.data)
    TotalTaskNum                             0x20000114   Data           4  os.o(.data)
    test                                     0x20000118   Data           4  main.o(.data)
    n1                                       0x20000120   Data           4  stm32f4xx_it.o(.data)
    imu_data                                 0x20000128   Data         108  imu_update.o(.data)
    Kp                                       0x20000194   Data           4  imu_update.o(.data)
    Ki                                       0x20000198   Data           4  imu_update.o(.data)
    exInt                                    0x2000019c   Data           4  imu_update.o(.data)
    eyInt                                    0x200001a0   Data           4  imu_update.o(.data)
    ezInt                                    0x200001a4   Data           4  imu_update.o(.data)
    q0_send                                  0x200001b8   Data           4  imu_update.o(.data)
    q1_send                                  0x200001bc   Data           4  imu_update.o(.data)
    q2_send                                  0x200001c0   Data           4  imu_update.o(.data)
    q3_send                                  0x200001c4   Data           4  imu_update.o(.data)
    X_Axis_Distance                          0x200001dc   Data           4  distance_measure_task.o(.data)
    Y_Axis_Distance                          0x200001e0   Data           4  distance_measure_task.o(.data)
    Z_Axis_Distance                          0x200001e4   Data           4  distance_measure_task.o(.data)
    UA1RxDMAbuf                              0x200001e8   Data           6  usart_protocol.o(.data)
    UA4RxDMAbuf                              0x200001ee   Data           6  usart_protocol.o(.data)
    UA6RxDMAbuf                              0x200001f4   Data           6  usart_protocol.o(.data)
    Catch_Cnt                                0x200001fc   Data           4  usart_protocol.o(.data)
    Start_Catch_Flag                         0x20000200   Data           1  usart_protocol.o(.data)
    usart2_eft                               0x20000201   Data          56  usart_protocol.o(.data)
    usart2_efr                               0x20000239   Data          46  usart_protocol.o(.data)
    gyro_x                                   0x20000268   Data          20  bmi088_driver.o(.data)
    gyro_y                                   0x2000027c   Data          20  bmi088_driver.o(.data)
    gyro_z                                   0x20000290   Data          20  bmi088_driver.o(.data)
    acc_x                                    0x200002a4   Data          20  bmi088_driver.o(.data)
    acc_y                                    0x200002b8   Data          20  bmi088_driver.o(.data)
    acc_z                                    0x200002cc   Data          20  bmi088_driver.o(.data)
    Cali_Cnt                                 0x200002e0   Data           2  bmi088_driver.o(.data)
    Real_Temp                                0x200002e2   Data           2  bmi088_driver.o(.data)
    Acc_X_Ori                                0x200002e4   Data           4  bmi088_driver.o(.data)
    Acc_Y_Ori                                0x200002e8   Data           4  bmi088_driver.o(.data)
    Acc_Z_Ori                                0x200002ec   Data           4  bmi088_driver.o(.data)
    Gyro_X_Ori                               0x200002f0   Data           4  bmi088_driver.o(.data)
    Gyro_Y_Ori                               0x200002f4   Data           4  bmi088_driver.o(.data)
    Gyro_Z_Ori                               0x200002f8   Data           4  bmi088_driver.o(.data)
    Acc_X_Real                               0x200002fc   Data           4  bmi088_driver.o(.data)
    Acc_Y_Real                               0x20000300   Data           4  bmi088_driver.o(.data)
    Acc_Z_Real                               0x20000304   Data           4  bmi088_driver.o(.data)
    Acc_X_Send                               0x20000308   Data           4  bmi088_driver.o(.data)
    Acc_Y_Send                               0x2000030c   Data           4  bmi088_driver.o(.data)
    Acc_Z_Send                               0x20000310   Data           4  bmi088_driver.o(.data)
    Gyro_X_Real                              0x20000314   Data           4  bmi088_driver.o(.data)
    Gyro_Y_Real                              0x20000318   Data           4  bmi088_driver.o(.data)
    Gyro_Z_Real                              0x2000031c   Data           4  bmi088_driver.o(.data)
    Acc_X_Offset                             0x20000320   Data           4  bmi088_driver.o(.data)
    Acc_Y_Offset                             0x20000324   Data           4  bmi088_driver.o(.data)
    Acc_Z_Offset                             0x20000328   Data           4  bmi088_driver.o(.data)
    Gyro_X_Offset                            0x2000032c   Data           4  bmi088_driver.o(.data)
    Gyro_Y_Offset                            0x20000330   Data           4  bmi088_driver.o(.data)
    Gyro_Z_Offset                            0x20000334   Data           4  bmi088_driver.o(.data)
    Const_offset                             0x20000338   Data           4  bmi088_driver.o(.data)
    flag_offset                              0x2000033c   Data           4  bmi088_driver.o(.data)
    SEE                                      0x20000340   Data           4  bmi088_driver.o(.data)
    Test_Flash_Ori                           0x20000344   Data           4  bmi088_driver.o(.data)
    Test_Flash_Write                         0x20000348   Data           8  bmi088_driver.o(.data)
    Test_Flash_Get                           0x20000350   Data           8  bmi088_driver.o(.data)
    Acc_Range_Coe                            0x20000358   Data           4  bmi088_driver.o(.data)
    Acc_ID                                   0x2000035c   Data           1  bmi088_driver.o(.data)
    Gyro_ID                                  0x2000035d   Data           1  bmi088_driver.o(.data)
    GetStill                                 0x20000360   Data           4  bmi088_driver.o(.data)
    G_Cal                                    0x20000364   Data           4  bmi088_driver.o(.data)
    Warning                                  0x20000368   Data           1  bmi088_driver.o(.data)
    Gyro_X_Lpf                               0x2000036c   Data          20  bmi088_driver.o(.data)
    Gyro_Y_Lpf                               0x20000380   Data          20  bmi088_driver.o(.data)
    Gyro_Z_Lpf                               0x20000394   Data          20  bmi088_driver.o(.data)
    ORI_Gyrox                                0x200003a8   Data           4  bmi088_driver.o(.data)
    ORI_Gyroy                                0x200003ac   Data           4  bmi088_driver.o(.data)
    ORI_Gyroz                                0x200003b0   Data           4  bmi088_driver.o(.data)
    ORI_Accx                                 0x200003b4   Data           4  bmi088_driver.o(.data)
    ORI_Accy                                 0x200003b8   Data           4  bmi088_driver.o(.data)
    ORI_Accz                                 0x200003bc   Data           4  bmi088_driver.o(.data)
    WWDG_Counter                             0x200003c2   Data           1  wwdg.o(.data)
    SystemCoreClock                          0x200003d4   Data           4  system_stm32f4xx.o(.data)
    AHBPrescTable                            0x200003d8   Data          16  system_stm32f4xx.o(.data)
    system_monitor                           0x200003e8   Data          88  global_declare.o(.bss)
    DistanceMeasureUA1Buf                    0x20000440   Data          10  distance_measure_task.o(.bss)
    DistanceMeasureUA2Buf                    0x2000044a   Data          10  distance_measure_task.o(.bss)
    DistanceMeasureUA3Buf                    0x20000454   Data          10  distance_measure_task.o(.bss)
    UA2RxDMAbuf                              0x20000460   Data          36  usart_protocol.o(.bss)
    UA3RxDMAbuf                              0x20000484   Data          36  usart_protocol.o(.bss)
    G_ST_IMU                                 0x200004a8   Data          48  usart_protocol.o(.bss)
    sensor                                   0x200004d8   Data         120  bmi088_driver.o(.bss)
    Status_offset                            0x20000550   Data       60000  bmi088_driver.o(.bss)
    Num_offset                               0x2000efb0   Data       20000  bmi088_driver.o(.bss)
    testvalue                                0x20013dd0   Data          12  bmi088_driver.o(.bss)
    __libspace_start                         0x20013ddc   Data          96  libspace.o(.bss)
    __temporary_stack_top$libspace           0x20013e3c   Data           0  libspace.o(.bss)



==============================================================================

Memory Map of the image

  Image Entry point : 0x08000189

  Load Region LR_IROM1 (Base: 0x08000000, Size: 0x000074d0, Max: 0x00080000, ABSOLUTE, COMPRESSED[0x0000719c])

    Execution Region ER_IROM1 (Exec base: 0x08000000, Load base: 0x08000000, Size: 0x000070e8, Max: 0x00080000, ABSOLUTE)

    Exec Addr    Load Addr    Size         Type   Attr      Idx    E Section Name        Object

    0x08000000   0x08000000   0x00000188   Data   RO         3767    RESET               startup_stm32f4xx.o
    0x08000188   0x08000188   0x00000008   Code   RO         7551  * !!!main             c_w.l(__main.o)
    0x08000190   0x08000190   0x00000034   Code   RO         8190    !!!scatter          c_w.l(__scatter.o)
    0x080001c4   0x080001c4   0x0000005a   Code   RO         8188    !!dczerorl2         c_w.l(__dczerorl2.o)
    0x0800021e   0x0800021e   0x00000002   PAD
    0x08000220   0x08000220   0x0000001c   Code   RO         8192    !!handler_zi        c_w.l(__scatter_zi.o)
    0x0800023c   0x0800023c   0x00000002   Code   RO         8011    .ARM.Collect$$libinit$$00000000  c_w.l(libinit.o)
    0x0800023e   0x0800023e   0x00000004   Code   RO         8012    .ARM.Collect$$libinit$$00000001  c_w.l(libinit2.o)
    0x08000242   0x08000242   0x00000000   Code   RO         8015    .ARM.Collect$$libinit$$00000004  c_w.l(libinit2.o)
    0x08000242   0x08000242   0x00000000   Code   RO         8018    .ARM.Collect$$libinit$$0000000A  c_w.l(libinit2.o)
    0x08000242   0x08000242   0x00000000   Code   RO         8020    .ARM.Collect$$libinit$$0000000C  c_w.l(libinit2.o)
    0x08000242   0x08000242   0x00000000   Code   RO         8022    .ARM.Collect$$libinit$$0000000E  c_w.l(libinit2.o)
    0x08000242   0x08000242   0x00000006   Code   RO         8023    .ARM.Collect$$libinit$$0000000F  c_w.l(libinit2.o)
    0x08000248   0x08000248   0x00000000   Code   RO         8025    .ARM.Collect$$libinit$$00000011  c_w.l(libinit2.o)
    0x08000248   0x08000248   0x0000000c   Code   RO         8026    .ARM.Collect$$libinit$$00000012  c_w.l(libinit2.o)
    0x08000254   0x08000254   0x00000000   Code   RO         8027    .ARM.Collect$$libinit$$00000013  c_w.l(libinit2.o)
    0x08000254   0x08000254   0x00000000   Code   RO         8029    .ARM.Collect$$libinit$$00000015  c_w.l(libinit2.o)
    0x08000254   0x08000254   0x0000000a   Code   RO         8030    .ARM.Collect$$libinit$$00000016  c_w.l(libinit2.o)
    0x0800025e   0x0800025e   0x00000000   Code   RO         8031    .ARM.Collect$$libinit$$00000017  c_w.l(libinit2.o)
    0x0800025e   0x0800025e   0x00000000   Code   RO         8033    .ARM.Collect$$libinit$$00000019  c_w.l(libinit2.o)
    0x0800025e   0x0800025e   0x00000000   Code   RO         8035    .ARM.Collect$$libinit$$0000001B  c_w.l(libinit2.o)
    0x0800025e   0x0800025e   0x00000000   Code   RO         8037    .ARM.Collect$$libinit$$0000001D  c_w.l(libinit2.o)
    0x0800025e   0x0800025e   0x00000000   Code   RO         8039    .ARM.Collect$$libinit$$0000001F  c_w.l(libinit2.o)
    0x0800025e   0x0800025e   0x00000000   Code   RO         8041    .ARM.Collect$$libinit$$00000021  c_w.l(libinit2.o)
    0x0800025e   0x0800025e   0x00000000   Code   RO         8043    .ARM.Collect$$libinit$$00000023  c_w.l(libinit2.o)
    0x0800025e   0x0800025e   0x00000000   Code   RO         8045    .ARM.Collect$$libinit$$00000025  c_w.l(libinit2.o)
    0x0800025e   0x0800025e   0x00000000   Code   RO         8049    .ARM.Collect$$libinit$$0000002C  c_w.l(libinit2.o)
    0x0800025e   0x0800025e   0x00000000   Code   RO         8051    .ARM.Collect$$libinit$$0000002E  c_w.l(libinit2.o)
    0x0800025e   0x0800025e   0x00000000   Code   RO         8053    .ARM.Collect$$libinit$$00000030  c_w.l(libinit2.o)
    0x0800025e   0x0800025e   0x00000000   Code   RO         8055    .ARM.Collect$$libinit$$00000032  c_w.l(libinit2.o)
    0x0800025e   0x0800025e   0x00000002   Code   RO         8056    .ARM.Collect$$libinit$$00000033  c_w.l(libinit2.o)
    0x08000260   0x08000260   0x00000002   Code   RO         8135    .ARM.Collect$$libshutdown$$00000000  c_w.l(libshutdown.o)
    0x08000262   0x08000262   0x00000000   Code   RO         8169    .ARM.Collect$$libshutdown$$00000002  c_w.l(libshutdown2.o)
    0x08000262   0x08000262   0x00000000   Code   RO         8171    .ARM.Collect$$libshutdown$$00000004  c_w.l(libshutdown2.o)
    0x08000262   0x08000262   0x00000000   Code   RO         8173    .ARM.Collect$$libshutdown$$00000006  c_w.l(libshutdown2.o)
    0x08000262   0x08000262   0x00000000   Code   RO         8176    .ARM.Collect$$libshutdown$$00000009  c_w.l(libshutdown2.o)
    0x08000262   0x08000262   0x00000000   Code   RO         8179    .ARM.Collect$$libshutdown$$0000000C  c_w.l(libshutdown2.o)
    0x08000262   0x08000262   0x00000000   Code   RO         8181    .ARM.Collect$$libshutdown$$0000000E  c_w.l(libshutdown2.o)
    0x08000262   0x08000262   0x00000000   Code   RO         8184    .ARM.Collect$$libshutdown$$00000011  c_w.l(libshutdown2.o)
    0x08000262   0x08000262   0x00000002   Code   RO         8185    .ARM.Collect$$libshutdown$$00000012  c_w.l(libshutdown2.o)
    0x08000264   0x08000264   0x00000000   Code   RO         7725    .ARM.Collect$$rtentry$$00000000  c_w.l(__rtentry.o)
    0x08000264   0x08000264   0x00000000   Code   RO         7908    .ARM.Collect$$rtentry$$00000002  c_w.l(__rtentry2.o)
    0x08000264   0x08000264   0x00000006   Code   RO         7920    .ARM.Collect$$rtentry$$00000004  c_w.l(__rtentry4.o)
    0x0800026a   0x0800026a   0x00000000   Code   RO         7910    .ARM.Collect$$rtentry$$00000009  c_w.l(__rtentry2.o)
    0x0800026a   0x0800026a   0x00000004   Code   RO         7911    .ARM.Collect$$rtentry$$0000000A  c_w.l(__rtentry2.o)
    0x0800026e   0x0800026e   0x00000000   Code   RO         7913    .ARM.Collect$$rtentry$$0000000C  c_w.l(__rtentry2.o)
    0x0800026e   0x0800026e   0x00000008   Code   RO         7914    .ARM.Collect$$rtentry$$0000000D  c_w.l(__rtentry2.o)
    0x08000276   0x08000276   0x00000002   Code   RO         8059    .ARM.Collect$$rtexit$$00000000  c_w.l(rtexit.o)
    0x08000278   0x08000278   0x00000000   Code   RO         8094    .ARM.Collect$$rtexit$$00000002  c_w.l(rtexit2.o)
    0x08000278   0x08000278   0x00000004   Code   RO         8095    .ARM.Collect$$rtexit$$00000003  c_w.l(rtexit2.o)
    0x0800027c   0x0800027c   0x00000006   Code   RO         8096    .ARM.Collect$$rtexit$$00000004  c_w.l(rtexit2.o)
    0x08000282   0x08000282   0x00000002   PAD
    0x08000284   0x08000284   0x00000050   Code   RO         3768    .text               startup_stm32f4xx.o
    0x080002d4   0x080002d4   0x00000026   Code   RO         7529    .text               c_w.l(llshl.o)
    0x080002fa   0x080002fa   0x00000024   Code   RO         7541    .text               c_w.l(strstr.o)
    0x0800031e   0x0800031e   0x0000004e   Code   RO         7547    .text               c_w.l(rt_memclr_w.o)
    0x0800036c   0x0800036c   0x00000006   Code   RO         7549    .text               c_w.l(heapauxi.o)
    0x08000372   0x08000372   0x00000002   PAD
    0x08000374   0x08000374   0x00000008   Code   RO         7733    .text               c_w.l(rt_errno_addr_intlibspace.o)
    0x0800037c   0x0800037c   0x00000016   Code   RO         7735    .text               c_w.l(_rserrno.o)
    0x08000392   0x08000392   0x00000002   PAD
    0x08000394   0x08000394   0x000000a4   Code   RO         7828    .text               c_w.l(strtod.o)
    0x08000438   0x08000438   0x00000008   Code   RO         7904    .text               c_w.l(libspace.o)
    0x08000440   0x08000440   0x00000010   Code   RO         7922    .text               c_w.l(rt_ctype_table.o)
    0x08000450   0x08000450   0x00000012   Code   RO         7928    .text               c_w.l(isspace.o)
    0x08000462   0x08000462   0x00000040   Code   RO         7944    .text               c_w.l(_sgetc.o)
    0x080004a2   0x080004a2   0x0000004a   Code   RO         7957    .text               c_w.l(sys_stackheap_outer.o)
    0x080004ec   0x080004ec   0x00000008   Code   RO         7962    .text               c_w.l(rt_locale_intlibspace.o)
    0x080004f4   0x080004f4   0x0000001c   Code   RO         7966    .text               c_w.l(_chval.o)
    0x08000510   0x08000510   0x000004f8   Code   RO         7968    .text               c_w.l(scanf_fp.o)
    0x08000a08   0x08000a08   0x000000e4   Code   RO         7970    .text               c_w.l(bigflt0.o)
    0x08000aec   0x08000aec   0x00000012   Code   RO         7998    .text               c_w.l(exit.o)
    0x08000afe   0x08000afe   0x00000002   PAD
    0x08000b00   0x08000b00   0x00000080   Code   RO         8004    .text               c_w.l(strcmpv7m.o)
    0x08000b80   0x08000b80   0x0000000c   Code   RO         8091    .text               c_w.l(sys_exit.o)
    0x08000b8c   0x08000b8c   0x00000320   Code   RO         8100    .text               c_w.l(scanf_hexfp.o)
    0x08000eac   0x08000eac   0x00000134   Code   RO         8102    .text               c_w.l(scanf_infnan.o)
    0x08000fe0   0x08000fe0   0x00000002   Code   RO         8122    .text               c_w.l(use_no_semi.o)
    0x08000fe2   0x08000fe2   0x00000000   Code   RO         8124    .text               c_w.l(indicate_semi.o)
    0x08000fe2   0x08000fe2   0x00000338   Code   RO         7983    CL$$btod_div_common  c_w.l(btod.o)
    0x0800131a   0x0800131a   0x00000002   PAD
    0x0800131c   0x0800131c   0x00000084   Code   RO         7981    CL$$btod_e2d        c_w.l(btod.o)
    0x080013a0   0x080013a0   0x000000dc   Code   RO         7980    CL$$btod_e2e        c_w.l(btod.o)
    0x0800147c   0x0800147c   0x0000002a   Code   RO         7977    CL$$btod_ediv       c_w.l(btod.o)
    0x080014a6   0x080014a6   0x0000002a   Code   RO         7979    CL$$btod_edivd      c_w.l(btod.o)
    0x080014d0   0x080014d0   0x0000002a   Code   RO         7976    CL$$btod_emul       c_w.l(btod.o)
    0x080014fa   0x080014fa   0x0000002a   Code   RO         7978    CL$$btod_emuld      c_w.l(btod.o)
    0x08001524   0x08001524   0x00000244   Code   RO         7982    CL$$btod_mult_common  c_w.l(btod.o)
    0x08001768   0x08001768   0x00000038   Code   RO          970    i.BMI088_Read_Acc_Data  bmi088_driver.o
    0x080017a0   0x080017a0   0x00000030   Code   RO          971    i.BMI088_Read_Gyro_Data  bmi088_driver.o
    0x080017d0   0x080017d0   0x0000002c   Code   RO          972    i.BMI088_Write_Acc_Data  bmi088_driver.o
    0x080017fc   0x080017fc   0x0000002c   Code   RO          973    i.BMI088_Write_Gyro_Data  bmi088_driver.o
    0x08001828   0x08001828   0x00000058   Code   RO          349    i.BSP_Init          bsp_init.o
    0x08001880   0x08001880   0x00000034   Code   RO         1646    i.DMA_ClearITPendingBit  stm32f4xx_dma.o
    0x080018b4   0x080018b4   0x00000016   Code   RO         1647    i.DMA_Cmd           stm32f4xx_dma.o
    0x080018ca   0x080018ca   0x00000002   PAD
    0x080018cc   0x080018cc   0x00000158   Code   RO         1648    i.DMA_DeInit        stm32f4xx_dma.o
    0x08001a24   0x08001a24   0x00000014   Code   RO         1652    i.DMA_GetCmdStatus  stm32f4xx_dma.o
    0x08001a38   0x08001a38   0x00000008   Code   RO         1653    i.DMA_GetCurrDataCounter  stm32f4xx_dma.o
    0x08001a40   0x08001a40   0x00000058   Code   RO         1659    i.DMA_Init          stm32f4xx_dma.o
    0x08001a98   0x08001a98   0x00000090   Code   RO         1976    i.GPIO_Init         stm32f4xx_gpio.o
    0x08001b28   0x08001b28   0x00000046   Code   RO         1977    i.GPIO_PinAFConfig  stm32f4xx_gpio.o
    0x08001b6e   0x08001b6e   0x00000004   Code   RO         1983    i.GPIO_ResetBits    stm32f4xx_gpio.o
    0x08001b72   0x08001b72   0x00000004   Code   RO         1984    i.GPIO_SetBits      stm32f4xx_gpio.o
    0x08001b76   0x08001b76   0x00000008   Code   RO         1986    i.GPIO_ToggleBits   stm32f4xx_gpio.o
    0x08001b7e   0x08001b7e   0x00000002   PAD
    0x08001b80   0x08001b80   0x00000270   Code   RO          974    i.GetOffset         bmi088_driver.o
    0x08001df0   0x08001df0   0x0000024c   Code   RO          975    i.GetValue          bmi088_driver.o
    0x0800203c   0x0800203c   0x00000010   Code   RO          269    i.GimbalTask        main.o
    0x0800204c   0x0800204c   0x00000004   Code   RO          373    i.HardFault_Handler  stm32f4xx_it.o
    0x08002050   0x08002050   0x00000018   Code   RO          270    i.IMUSampleTask     main.o
    0x08002068   0x08002068   0x0000003c   Code   RO          271    i.IMUUpdateTask     main.o
    0x080020a4   0x080020a4   0x0000058c   Code   RO          487    i.IMU_Update_Mahony  imu_update.o
    0x08002630   0x08002630   0x00000050   Code   RO         1119    i.LED_Configuration  led.o
    0x08002680   0x08002680   0x0000002c   Code   RO          273    i.LedTask           main.o
    0x080026ac   0x080026ac   0x0000002c   Code   RO          976    i.Limit_Zero        bmi088_driver.o
    0x080026d8   0x080026d8   0x00000042   Code   RO          784    i.LpFilter          general_math.o
    0x0800271a   0x0800271a   0x00000002   Code   RO          766    i.MainControl_Rx_Protocol  usart_protocol.o
    0x0800271c   0x0800271c   0x000000fc   Code   RO          760    i.MainControl_Tx_Protocol  usart_protocol.o
    0x08002818   0x08002818   0x00000078   Code   RO         1430    i.NVIC_Init         misc.o
    0x08002890   0x08002890   0x00000014   Code   RO         1431    i.NVIC_PriorityGroupConfig  misc.o
    0x080028a4   0x080028a4   0x000001b0   Code   RO          237    i.OS_RUN            os.o
    0x08002a54   0x08002a54   0x00000044   Code   RO         1120    i.OUT_Configuration  led.o
    0x08002a98   0x08002a98   0x00000020   Code   RO         2077    i.RCC_AHB1PeriphClockCmd  stm32f4xx_rcc.o
    0x08002ab8   0x08002ab8   0x00000020   Code   RO         2080    i.RCC_AHB2PeriphClockCmd  stm32f4xx_rcc.o
    0x08002ad8   0x08002ad8   0x00000020   Code   RO         2086    i.RCC_APB1PeriphClockCmd  stm32f4xx_rcc.o
    0x08002af8   0x08002af8   0x00000020   Code   RO         2088    i.RCC_APB1PeriphResetCmd  stm32f4xx_rcc.o
    0x08002b18   0x08002b18   0x00000020   Code   RO         2089    i.RCC_APB2PeriphClockCmd  stm32f4xx_rcc.o
    0x08002b38   0x08002b38   0x00000020   Code   RO         2091    i.RCC_APB2PeriphResetCmd  stm32f4xx_rcc.o
    0x08002b58   0x08002b58   0x000000e8   Code   RO         2098    i.RCC_GetClocksFreq  stm32f4xx_rcc.o
    0x08002c40   0x08002c40   0x00000018   Code   RO         2728    i.SPI_Cmd           stm32f4xx_spi.o
    0x08002c58   0x08002c58   0x00000110   Code   RO         1244    i.SPI_Configuration  spi.o
    0x08002d68   0x08002d68   0x00000058   Code   RO         2735    i.SPI_I2S_DeInit    stm32f4xx_spi.o
    0x08002dc0   0x08002dc0   0x0000003c   Code   RO         2741    i.SPI_Init          stm32f4xx_spi.o
    0x08002dfc   0x08002dfc   0x0000002c   Code   RO          274    i.SendDataTask      main.o
    0x08002e28   0x08002e28   0x000003f4   Code   RO          977    i.Sensor_Data_Prepare  bmi088_driver.o
    0x0800321c   0x0800321c   0x000000ec   Code   RO         3775    i.SetSysClock       system_stm32f4xx.o
    0x08003308   0x08003308   0x00000050   Code   RO         1056    i.SysTick_Configuration  systick.o
    0x08003358   0x08003358   0x0000005c   Code   RO          374    i.SysTick_Handler   stm32f4xx_it.o
    0x080033b4   0x080033b4   0x00000138   Code   RO          463    i.SystemErrorDetect  systemmonitor_task.o
    0x080034ec   0x080034ec   0x0000005c   Code   RO         3777    i.SystemInit        system_stm32f4xx.o
    0x08003548   0x08003548   0x00000008   Code   RO          275    i.SystemMonitorTask  main.o
    0x08003550   0x08003550   0x000000c0   Code   RO         1276    i.TIM2_3_Configuration  time.o
    0x08003610   0x08003610   0x000000cc   Code   RO         1401    i.TIM4_Configuration  steering_engine.o
    0x080036dc   0x080036dc   0x00000038   Code   RO          439    i.TIM5_Configuration  time_estimate.o
    0x08003714   0x08003714   0x00000018   Code   RO         2948    i.TIM_ARRPreloadConfig  stm32f4xx_tim.o
    0x0800372c   0x0800372c   0x00000018   Code   RO         2960    i.TIM_Cmd           stm32f4xx_tim.o
    0x08003744   0x08003744   0x0000001e   Code   RO         2962    i.TIM_CtrlPWMOutputs  stm32f4xx_tim.o
    0x08003762   0x08003762   0x00000020   Code   RO         2967    i.TIM_ETRClockMode2Config  stm32f4xx_tim.o
    0x08003782   0x08003782   0x0000001c   Code   RO         2968    i.TIM_ETRConfig     stm32f4xx_tim.o
    0x0800379e   0x0800379e   0x00000002   PAD
    0x080037a0   0x080037a0   0x000000a0   Code   RO         2999    i.TIM_OC3Init       stm32f4xx_tim.o
    0x08003840   0x08003840   0x00000012   Code   RO         3002    i.TIM_OC3PreloadConfig  stm32f4xx_tim.o
    0x08003852   0x08003852   0x00000002   PAD
    0x08003854   0x08003854   0x00000078   Code   RO         3004    i.TIM_OC4Init       stm32f4xx_tim.o
    0x080038cc   0x080038cc   0x0000001a   Code   RO         3006    i.TIM_OC4PreloadConfig  stm32f4xx_tim.o
    0x080038e6   0x080038e6   0x00000004   Code   RO         3026    i.TIM_SetCounter    stm32f4xx_tim.o
    0x080038ea   0x080038ea   0x00000002   PAD
    0x080038ec   0x080038ec   0x00000084   Code   RO         3032    i.TIM_TimeBaseInit  stm32f4xx_tim.o
    0x08003970   0x08003970   0x00000018   Code   RO          276    i.TempControlTask   main.o
    0x08003988   0x08003988   0x00000002   Code   RO          518    i.Temp_Control      temp_control.o
    0x0800398a   0x0800398a   0x00000002   PAD
    0x0800398c   0x0800398c   0x0000018c   Code   RO         1179    i.UART4_Configuration  usart.o
    0x08003b18   0x08003b18   0x00000070   Code   RO          375    i.UART4_IRQHandler  stm32f4xx_it.o
    0x08003b88   0x08003b88   0x0000012c   Code   RO         1181    i.USART1_Configuration  usart.o
    0x08003cb4   0x08003cb4   0x0000008c   Code   RO          376    i.USART1_IRQHandler  stm32f4xx_it.o
    0x08003d40   0x08003d40   0x00000184   Code   RO         1182    i.USART2_Configuration  usart.o
    0x08003ec4   0x08003ec4   0x0000008c   Code   RO          377    i.USART2_IRQHandler  stm32f4xx_it.o
    0x08003f50   0x08003f50   0x00000184   Code   RO         1183    i.USART3_Configuration  usart.o
    0x080040d4   0x080040d4   0x0000008c   Code   RO          378    i.USART3_IRQHandler  stm32f4xx_it.o
    0x08004160   0x08004160   0x00000184   Code   RO         1184    i.USART6_Configuration  usart.o
    0x080042e4   0x080042e4   0x0000003c   Code   RO          379    i.USART6_IRQHandler  stm32f4xx_it.o
    0x08004320   0x08004320   0x00000018   Code   RO         3514    i.USART_Cmd         stm32f4xx_usart.o
    0x08004338   0x08004338   0x00000012   Code   RO         3515    i.USART_DMACmd      stm32f4xx_usart.o
    0x0800434a   0x0800434a   0x00000002   PAD
    0x0800434c   0x0800434c   0x000000b4   Code   RO         3516    i.USART_DeInit      stm32f4xx_usart.o
    0x08004400   0x08004400   0x00000054   Code   RO         3518    i.USART_GetITStatus  stm32f4xx_usart.o
    0x08004454   0x08004454   0x0000004a   Code   RO         3520    i.USART_ITConfig    stm32f4xx_usart.o
    0x0800449e   0x0800449e   0x00000002   PAD
    0x080044a0   0x080044a0   0x000000d4   Code   RO         3521    i.USART_Init        stm32f4xx_usart.o
    0x08004574   0x08004574   0x0000000c   Code   RO         3702    i.WWDG_ClearFlag    stm32f4xx_wwdg.o
    0x08004580   0x08004580   0x00000014   Code   RO         1311    i.WWDG_IRQHandler   wwdg.o
    0x08004594   0x08004594   0x00000010   Code   RO         3707    i.WWDG_SetCounter   stm32f4xx_wwdg.o
    0x080045a4   0x080045a4   0x00000030   Code   RO         7871    i.__ARM_fpclassify  m_wm.l(fpclassify.o)
    0x080045d4   0x080045d4   0x00000026   Code   RO         7873    i.__ARM_fpclassifyf  m_wm.l(fpclassifyf.o)
    0x080045fa   0x080045fa   0x00000002   PAD
    0x080045fc   0x080045fc   0x00000028   Code   RO         1057    i.__NVIC_SetPriority  systick.o
    0x08004624   0x08004624   0x00000004   PAD
    0x08004628   0x08004628   0x000000f8   Code   RO         8083    i.__hardfp___mathlib_tofloat  m_wm.l(narrow.o)
    0x08004720   0x08004720   0x0000012c   Code   RO         7595    i.__hardfp_asinf    m_wm.l(asinf.o)
    0x0800484c   0x0800484c   0x000002ac   Code   RO         7607    i.__hardfp_atan2f   m_wm.l(atan2f.o)
    0x08004af8   0x08004af8   0x00000038   Code   RO         7619    i.__hardfp_atof     m_wm.l(atof.o)
    0x08004b30   0x08004b30   0x000000d0   Code   RO         8136    i.__hardfp_ldexp    m_wm.l(ldexp.o)
    0x08004c00   0x08004c00   0x00000c50   Code   RO         7673    i.__hardfp_pow      m_wm.l(pow.o)
    0x08005850   0x08005850   0x0000007a   Code   RO         7701    i.__hardfp_sqrt     m_wm.l(sqrt.o)
    0x080058ca   0x080058ca   0x000000f8   Code   RO         7889    i.__kernel_poly     m_wm.l(poly.o)
    0x080059c2   0x080059c2   0x00000006   PAD
    0x080059c8   0x080059c8   0x00000030   Code   RO         7857    i.__mathlib_dbl_divzero  m_wm.l(dunder.o)
    0x080059f8   0x080059f8   0x00000014   Code   RO         7859    i.__mathlib_dbl_infnan2  m_wm.l(dunder.o)
    0x08005a0c   0x08005a0c   0x00000004   PAD
    0x08005a10   0x08005a10   0x00000020   Code   RO         7860    i.__mathlib_dbl_invalid  m_wm.l(dunder.o)
    0x08005a30   0x08005a30   0x00000020   Code   RO         7861    i.__mathlib_dbl_overflow  m_wm.l(dunder.o)
    0x08005a50   0x08005a50   0x00000020   Code   RO         7863    i.__mathlib_dbl_underflow  m_wm.l(dunder.o)
    0x08005a70   0x08005a70   0x00000006   Code   RO         7876    i.__mathlib_flt_infnan  m_wm.l(funder.o)
    0x08005a76   0x08005a76   0x00000006   Code   RO         7877    i.__mathlib_flt_infnan2  m_wm.l(funder.o)
    0x08005a7c   0x08005a7c   0x00000010   Code   RO         7878    i.__mathlib_flt_invalid  m_wm.l(funder.o)
    0x08005a8c   0x08005a8c   0x00000010   Code   RO         7881    i.__mathlib_flt_underflow  m_wm.l(funder.o)
    0x08005a9c   0x08005a9c   0x00000012   Code   RO         8084    i.__mathlib_narrow  m_wm.l(narrow.o)
    0x08005aae   0x08005aae   0x00000014   Code   RO         8138    i.__support_ldexp   m_wm.l(ldexp.o)
    0x08005ac2   0x08005ac2   0x0000000e   Code   RO         7795    i._is_digit         c_w.l(__printf_wp.o)
    0x08005ad0   0x08005ad0   0x00000180   Code   RO          978    i.bmi088_init       bmi088_driver.o
    0x08005c50   0x08005c50   0x0000001e   Code   RO         1089    i.delay_ms          delay.o
    0x08005c6e   0x08005c6e   0x00000018   Code   RO         7641    i.fabs              m_wm.l(fabs.o)
    0x08005c86   0x08005c86   0x00000002   PAD
    0x08005c88   0x08005c88   0x0000008c   Code   RO         8114    i.frexp             m_wm.l(frexp.o)
    0x08005d14   0x08005d14   0x0000003c   Code   RO          788    i.invSqrt           general_math.o
    0x08005d50   0x08005d50   0x000000e8   Code   RO          979    i.leastSquareLinearFit  bmi088_driver.o
    0x08005e38   0x08005e38   0x0000000e   Code   RO          277    i.main              main.o
    0x08005e46   0x08005e46   0x00000002   PAD
    0x08005e48   0x08005e48   0x0000002c   Code   RO         1245    i.spi1_read_write_byte  spi.o
    0x08005e74   0x08005e74   0x0000006e   Code   RO         7703    i.sqrt              m_wm.l(sqrt.o)
    0x08005ee2   0x08005ee2   0x0000003e   Code   RO         7894    i.sqrtf             m_wm.l(sqrtf.o)
    0x08005f20   0x08005f20   0x0000002c   Code   RO         7951    locale$$code        c_w.l(lc_numeric_c.o)
    0x08005f4c   0x08005f4c   0x0000002c   Code   RO         7996    locale$$code        c_w.l(lc_ctype_c.o)
    0x08005f78   0x08005f78   0x00000018   Code   RO         7553    x$fpl$basic         fz_wm.l(basic.o)
    0x08005f90   0x08005f90   0x00000062   Code   RO         7555    x$fpl$d2f           fz_wm.l(d2f.o)
    0x08005ff2   0x08005ff2   0x00000002   PAD
    0x08005ff4   0x08005ff4   0x00000150   Code   RO         7557    x$fpl$dadd          fz_wm.l(daddsub_clz.o)
    0x08006144   0x08006144   0x00000010   Code   RO         7953    x$fpl$dcheck1       fz_wm.l(dcheck1.o)
    0x08006154   0x08006154   0x00000018   Code   RO         7832    x$fpl$dcmpinf       fz_wm.l(dcmpi.o)
    0x0800616c   0x0800616c   0x000002b0   Code   RO         7564    x$fpl$ddiv          fz_wm.l(ddiv.o)
    0x0800641c   0x0800641c   0x00000078   Code   RO         7567    x$fpl$deqf          fz_wm.l(deqf.o)
    0x08006494   0x08006494   0x0000005e   Code   RO         7569    x$fpl$dfix          fz_wm.l(dfix.o)
    0x080064f2   0x080064f2   0x00000002   PAD
    0x080064f4   0x080064f4   0x0000005a   Code   RO         7573    x$fpl$dfixu         fz_wm.l(dfixu.o)
    0x0800654e   0x0800654e   0x0000002e   Code   RO         7578    x$fpl$dflt          fz_wm.l(dflt_clz.o)
    0x0800657c   0x0800657c   0x00000026   Code   RO         7577    x$fpl$dfltu         fz_wm.l(dflt_clz.o)
    0x080065a2   0x080065a2   0x00000002   PAD
    0x080065a4   0x080065a4   0x00000078   Code   RO         7583    x$fpl$dleqf         fz_wm.l(dleqf.o)
    0x0800661c   0x0800661c   0x00000154   Code   RO         7585    x$fpl$dmul          fz_wm.l(dmul.o)
    0x08006770   0x08006770   0x0000009c   Code   RO         7834    x$fpl$dnaninf       fz_wm.l(dnaninf.o)
    0x0800680c   0x0800680c   0x0000000c   Code   RO         7836    x$fpl$dretinf       fz_wm.l(dretinf.o)
    0x08006818   0x08006818   0x0000006c   Code   RO         7587    x$fpl$drleqf        fz_wm.l(drleqf.o)
    0x08006884   0x08006884   0x00000016   Code   RO         7558    x$fpl$drsb          fz_wm.l(daddsub_clz.o)
    0x0800689a   0x0800689a   0x00000002   PAD
    0x0800689c   0x0800689c   0x00000198   Code   RO         7838    x$fpl$dsqrt         fz_wm.l(dsqrt_umaal.o)
    0x08006a34   0x08006a34   0x000001d4   Code   RO         7559    x$fpl$dsub          fz_wm.l(daddsub_clz.o)
    0x08006c08   0x08006c08   0x00000056   Code   RO         7589    x$fpl$f2d           fz_wm.l(f2d.o)
    0x08006c5e   0x08006c5e   0x0000008c   Code   RO         7840    x$fpl$fnaninf       fz_wm.l(fnaninf.o)
    0x08006cea   0x08006cea   0x0000000a   Code   RO         8073    x$fpl$fpinit        fz_wm.l(fpinit.o)
    0x08006cf4   0x08006cf4   0x0000000a   Code   RO         7842    x$fpl$fretinf       fz_wm.l(fretinf.o)
    0x08006cfe   0x08006cfe   0x00000006   Code   RO         7844    x$fpl$ieeestatus    fz_wm.l(istatus.o)
    0x08006d04   0x08006d04   0x00000064   Code   RO         8057    x$fpl$retnan        fz_wm.l(retnan.o)
    0x08006d68   0x08006d68   0x0000005c   Code   RO         7854    x$fpl$scalbn        fz_wm.l(scalbn.o)
    0x08006dc4   0x08006dc4   0x00000004   Code   RO         7955    x$fpl$scanf1        fz_wm.l(scanf1.o)
    0x08006dc8   0x08006dc8   0x00000008   Code   RO         8075    x$fpl$scanf2        fz_wm.l(scanf2.o)
    0x08006dd0   0x08006dd0   0x00000030   Code   RO         8081    x$fpl$trapveneer    fz_wm.l(trapv.o)
    0x08006e00   0x08006e00   0x00000000   Code   RO         7856    x$fpl$usenofp       fz_wm.l(usenofp.o)
    0x08006e00   0x08006e00   0x00000088   Data   RO         7676    .constdata          m_wm.l(pow.o)
    0x08006e88   0x08006e88   0x00000008   Data   RO         7891    .constdata          m_wm.l(qnan.o)
    0x08006e90   0x08006e90   0x00000094   Data   RO         7971    .constdata          c_w.l(bigflt0.o)
    0x08006f24   0x08006f24   0x00000066   Data   RO          221    .conststring        os.o
    0x08006f8a   0x08006f8a   0x00000002   PAD
    0x08006f8c   0x08006f8c   0x00000020   Data   RO         8186    Region$$Table       anon$$obj.o
    0x08006fac   0x08006fac   0x00000008   Data   RO         8069    c$$dinf             fz_wm.l(fpconst.o)
    0x08006fb4   0x08006fb4   0x00000008   Data   RO         8072    c$$dmax             fz_wm.l(fpconst.o)
    0x08006fbc   0x08006fbc   0x0000001c   Data   RO         7950    locale$$data        c_w.l(lc_numeric_c.o)
    0x08006fd8   0x08006fd8   0x00000110   Data   RO         7995    locale$$data        c_w.l(lc_ctype_c.o)


    Execution Region RW_IRAM1 (Exec base: 0x20000000, Load base: 0x080070e8, Size: 0x00014440, Max: 0x00020000, ABSOLUTE, COMPRESSED[0x000000b4])

    Exec Addr    Load Addr    Size         Type   Attr      Idx    E Section Name        Object

    0x20000000   COMPRESSED   0x00000009   Data   RW            5    .data               global_declare.o
    0x20000009   COMPRESSED   0x00000003   PAD
    0x2000000c   COMPRESSED   0x0000010c   Data   RW          222    .data               os.o
    0x20000118   COMPRESSED   0x00000008   Data   RW          278    .data               main.o
    0x20000120   COMPRESSED   0x00000006   Data   RW          380    .data               stm32f4xx_it.o
    0x20000126   COMPRESSED   0x00000002   PAD
    0x20000128   COMPRESSED   0x000000b4   Data   RW          488    .data               imu_update.o
    0x200001dc   COMPRESSED   0x0000000c   Data   RW          584    .data               distance_measure_task.o
    0x200001e8   COMPRESSED   0x0000007f   Data   RW          735    .data               usart_protocol.o
    0x20000267   COMPRESSED   0x00000001   PAD
    0x20000268   COMPRESSED   0x0000015a   Data   RW          981    .data               bmi088_driver.o
    0x200003c2   COMPRESSED   0x00000001   Data   RW         1312    .data               wwdg.o
    0x200003c3   COMPRESSED   0x00000010   Data   RW         2121    .data               stm32f4xx_rcc.o
    0x200003d3   COMPRESSED   0x00000001   PAD
    0x200003d4   COMPRESSED   0x00000014   Data   RW         3778    .data               system_stm32f4xx.o
    0x200003e8        -       0x00000058   Zero   RW            4    .bss                global_declare.o
    0x20000440        -       0x0000001e   Zero   RW          583    .bss                distance_measure_task.o
    0x2000045e   COMPRESSED   0x00000002   PAD
    0x20000460        -       0x00000078   Zero   RW          734    .bss                usart_protocol.o
    0x200004d8        -       0x00013904   Zero   RW          980    .bss                bmi088_driver.o
    0x20013ddc        -       0x00000060   Zero   RW         7905    .bss                c_w.l(libspace.o)
    0x20013e3c   COMPRESSED   0x00000004   PAD
    0x20013e40        -       0x00000200   Zero   RW         3766    HEAP                startup_stm32f4xx.o
    0x20014040        -       0x00000400   Zero   RW         3765    STACK               startup_stm32f4xx.o


==============================================================================

Image component sizes


      Code (inc. data)   RO Data    RW Data    ZI Data      Debug   Object Name

      3076        386          0        346      80132      12040   bmi088_driver.o
        88          0          0          0          0        583   bsp_init.o
        30          0          0          0          0        607   delay.o
         0          0          0         12         30        916   distance_measure_task.o
       126          4          0          0          0       1641   general_math.o
         0          0          0          9         88     304798   global_declare.o
      1420        138          0        180          0       2356   imu_update.o
       148         10          0          0          0       1128   led.o
       234         54          0          8          0       4266   main.o
       140         24          0          0          0       1639   misc.o
       432         24        102        268          0       3752   os.o
       316         16          0          0          0       1307   spi.o
        80         32        392          0       1536        892   startup_stm32f4xx.o
       204         14          0          0          0        705   steering_engine.o
       534         40          0          0          0       5138   stm32f4xx_dma.o
       230          0          0          0          0       3633   stm32f4xx_gpio.o
       688        114          0          6          0       4290   stm32f4xx_it.o
       424         54          0         16          0       6406   stm32f4xx_rcc.o
       172         12          0          0          0       2466   stm32f4xx_spi.o
       598         46          0          0          0       8042   stm32f4xx_tim.o
       592         32          0          0          0       5180   stm32f4xx_usart.o
        28         10          0          0          0       1067   stm32f4xx_wwdg.o
       328         34          0         20          0       1969   system_stm32f4xx.o
       312         18          0          0          0        664   systemmonitor_task.o
       120         14          0          0          0      31351   systick.o
         2          0          0          0          0        483   temp_control.o
       192         12          0          0          0        663   time.o
        56          6          0          0          0        581   time_estimate.o
      1860        120          0          0          0       4082   usart.o
       254         58          0        127        120       3788   usart_protocol.o
        20          4          0          1          0        741   wwdg.o

    ----------------------------------------------------------------------
     12726       1280        528       1000      81908     417174   Object Totals
         0          0         32          0          0          0   (incl. Generated)
        22          4          2          7          2          0   (incl. Padding)

    ----------------------------------------------------------------------

      Code (inc. data)   RO Data    RW Data    ZI Data      Debug   Library Member Name

        90          0          0          0          0          0   __dczerorl2.o
         8          0          0          0          0         68   __main.o
        14          0          0          0          0         68   __printf_wp.o
         0          0          0          0          0          0   __rtentry.o
        12          0          0          0          0          0   __rtentry2.o
         6          0          0          0          0          0   __rtentry4.o
        52          8          0          0          0          0   __scatter.o
        28          0          0          0          0          0   __scatter_zi.o
        28          0          0          0          0         68   _chval.o
        22          0          0          0          0        100   _rserrno.o
        64          0          0          0          0         84   _sgetc.o
       228          4        148          0          0         96   bigflt0.o
      1924        136          0          0          0        756   btod.o
        18          0          0          0          0         80   exit.o
         6          0          0          0          0        152   heapauxi.o
         0          0          0          0          0          0   indicate_semi.o
        18          0          0          0          0         76   isspace.o
        44         10        272          0          0         76   lc_ctype_c.o
        44         10         28          0          0         76   lc_numeric_c.o
         2          0          0          0          0          0   libinit.o
        34          0          0          0          0          0   libinit2.o
         2          0          0          0          0          0   libshutdown.o
         2          0          0          0          0          0   libshutdown2.o
         8          4          0          0         96         68   libspace.o
        38          0          0          0          0         68   llshl.o
        16          4          0          0          0         76   rt_ctype_table.o
         8          4          0          0          0         68   rt_errno_addr_intlibspace.o
         8          4          0          0          0         68   rt_locale_intlibspace.o
        78          0          0          0          0         80   rt_memclr_w.o
         2          0          0          0          0          0   rtexit.o
        10          0          0          0          0          0   rtexit2.o
      1272         16          0          0          0        168   scanf_fp.o
       800         14          0          0          0        100   scanf_hexfp.o
       308         16          0          0          0        100   scanf_infnan.o
       128          0          0          0          0         68   strcmpv7m.o
        36          0          0          0          0         80   strstr.o
       164         14          0          0          0        120   strtod.o
        12          4          0          0          0         68   sys_exit.o
        74          0          0          0          0         80   sys_stackheap_outer.o
         2          0          0          0          0         68   use_no_semi.o
        24          0          0          0          0        164   basic.o
        98          4          0          0          0        140   d2f.o
       826         16          0          0          0        492   daddsub_clz.o
        16          4          0          0          0        116   dcheck1.o
        24          0          0          0          0        116   dcmpi.o
       688        140          0          0          0        256   ddiv.o
       120          4          0          0          0        140   deqf.o
        94          4          0          0          0        140   dfix.o
        90          4          0          0          0        140   dfixu.o
        84          0          0          0          0        232   dflt_clz.o
       120          4          0          0          0        140   dleqf.o
       340         12          0          0          0        152   dmul.o
       156          4          0          0          0        140   dnaninf.o
        12          0          0          0          0        116   dretinf.o
       108          0          0          0          0        128   drleqf.o
       408         56          0          0          0        168   dsqrt_umaal.o
        86          4          0          0          0        132   f2d.o
       140          4          0          0          0        132   fnaninf.o
         0          0         16          0          0          0   fpconst.o
        10          0          0          0          0        116   fpinit.o
        10          0          0          0          0        116   fretinf.o
         6          0          0          0          0        116   istatus.o
       100          0          0          0          0        116   retnan.o
        92          0          0          0          0        116   scalbn.o
         4          0          0          0          0        116   scanf1.o
         8          0          0          0          0        132   scanf2.o
        48          0          0          0          0        116   trapv.o
         0          0          0          0          0          0   usenofp.o
       300         42          0          0          0        176   asinf.o
       684         90          0          0          0        208   atan2f.o
        56         12          0          0          0        132   atof.o
       164         44          0          0          0        620   dunder.o
        24          0          0          0          0        124   fabs.o
        48          0          0          0          0        124   fpclassify.o
        38          0          0          0          0        116   fpclassifyf.o
       140         22          0          0          0        132   frexp.o
        44         12          0          0          0        464   funder.o
       228          8          0          0          0        308   ldexp.o
       266         16          0          0          0        308   narrow.o
       248          0          0          0          0        152   poly.o
      3152        296        136          0          0        352   pow.o
         0          0          8          0          0          0   qnan.o
       232          0          0          0          0        296   sqrt.o
        62          0          0          0          0        136   sqrtf.o

    ----------------------------------------------------------------------
     15042       1052        608          0        100      10616   Library Totals
        34          2          0          0          4          0   (incl. Padding)

    ----------------------------------------------------------------------

      Code (inc. data)   RO Data    RW Data    ZI Data      Debug   Library Name

      5610        248        448          0         96       2980   c_w.l
      3712        260         16          0          0       3988   fz_wm.l
      5686        542        144          0          0       3648   m_wm.l

    ----------------------------------------------------------------------
     15042       1052        608          0        100      10616   Library Totals

    ----------------------------------------------------------------------

==============================================================================


      Code (inc. data)   RO Data    RW Data    ZI Data      Debug   

     27768       2332       1136       1000      82008     412430   Grand Totals
     27768       2332       1136        180      82008     412430   ELF Image Totals (compressed)
     27768       2332       1136        180          0          0   ROM Totals

==============================================================================

    Total RO  Size (Code + RO Data)                28904 (  28.23kB)
    Total RW  Size (RW Data + ZI Data)             83008 (  81.06kB)
    Total ROM Size (Code + RO Data + RW Data)      29084 (  28.40kB)

==============================================================================

