<html>
<body>
<pre>
<h1>礦ision Build Log</h1>
<h2>Tool Versions:</h2>
IDE-Version: μVision V5.34.0.0
Copyright (C) 2021 ARM Ltd and ARM Germany GmbH. All rights reserved.
License Information: xie DELL, 12, LIC=RC93N-YAMJQ-CXPU6-DW2MZ-V2YWE-APLHN
 
Tool Versions:
Toolchain:       MDK-ARM Plus  Version: 5.34.0.0
Toolchain Path:  D:\Keil_v5\ARM\ARMCC\Bin
C Compiler:      Armcc.exe V5.06 update 7 (build 960)
Assembler:       Armasm.exe V5.06 update 7 (build 960)
Linker/Locator:  ArmLink.exe V5.06 update 7 (build 960)
Library Manager: ArmAr.exe V5.06 update 7 (build 960)
Hex Converter:   FromElf.exe V5.06 update 7 (build 960)
CPU DLL:         SARMCM3.DLL V5.34.0.0
Dialog DLL:      DCM.DLL V1.17.3.0
Target DLL:      Segger\JL2CM3.dll V2.99.15.0
Dialog DLL:      TCM.DLL V1.48.0.0
 
<h2>Project:</h2>
E:\ROBOTICS\CRT\我的工作\h7comm\Robot_controller\firmware\MDK-ARM\RC-VR.uvprojx
Project File Date:  03/23/2024

<h2>Output:</h2>
*** Using Compiler 'V5.06 update 7 (build 960)', folder: 'D:\Keil_v5\ARM\ARMCC\Bin'
*** Warning: You are compiling one or more files of source type C++ and have selected 'use MicroLIB'. MicroLIB does not support C++!
  
Build target 'RC-VR'
assembling startup_stm32h743xx.s...
compiling gpio.c...
compiling tim.c...
compiling fdcan.c...
compiling dma.c...
compiling system_stm32h7xx.c...
compiling stm32h7xx_hal_eth_ex.c...
compiling usart.c...
compiling main.c...
compiling stm32h7xx_hal_msp.c...
compiling stm32h7xx_it.c...
../Core/Src/stm32h7xx_it.c(383): warning:  #177-D: variable "tmp"  was declared but never referenced
  	uint32_t tmp;
../Core/Src/stm32h7xx_it.c: 1 warning, 0 errors
compiling stm32h7xx_hal_eth.c...
compiling stm32h7xx_hal_rcc.c...
compiling stm32h7xx_hal_flash.c...
compiling stm32h7xx_hal_hsem.c...
compiling stm32h7xx_hal_gpio.c...
compiling stm32h7xx_hal_flash_ex.c...
compiling stm32h7xx_hal_pwr.c...
compiling stm32h7xx_hal_dma_ex.c...
compiling stm32h7xx_hal_rcc_ex.c...
compiling stm32h7xx_hal_mdma.c...
compiling stm32h7xx_hal_pwr_ex.c...
compiling stm32h7xx_hal_cortex.c...
compiling stm32h7xx_hal_dma.c...
compiling stm32h7xx_hal_i2c_ex.c...
compiling stm32h7xx_hal.c...
compiling stm32h7xx_hal_exti.c...
compiling lan8742.c...
compiling stm32h7xx_hal_tim_ex.c...
compiling stm32h7xx_hal_uart_ex.c...
compiling bsp.c...
compiling bsp_fdcan.c...
..\HARDWARE\bsp_fdcan.c(451): warning:  #177-D: variable "tempvelt"  was declared but never referenced
      fp32 tempangle,tempvelt;		
..\HARDWARE\bsp_fdcan.c(577): warning:  #177-D: variable "msg_buffer"  was declared but never referenced
      uint16_t msg_buffer[13] = {0};                /* 加入消息队列的报文长度 */
..\HARDWARE\bsp_fdcan.c(579): warning:  #177-D: variable "tempangle"  was declared but never referenced
      uint32_t tempangle,tempvelt;
..\HARDWARE\bsp_fdcan.c(579): warning:  #177-D: variable "tempvelt"  was declared but never referenced
      uint32_t tempangle,tempvelt;
..\HARDWARE\bsp_fdcan.c: 4 warnings, 0 errors
compiling ethernetif.c...
compiling stm32h7xx_hal_i2c.c...
compiling lwip.c...
compiling stm32h7xx_hal_fdcan.c...
compiling stm32h7xx_hal_uart.c...
compiling auth.c...
compiling chap-md5.c...
compiling stm32h7xx_hal_tim.c...
compiling ccp.c...
compiling chap_ms.c...
compiling chap-new.c...
compiling demand.c...
compiling eap.c...
compiling fsm.c...
compiling eui64.c...
compiling ipcp.c...
compiling ipv6cp.c...
compiling multilink.c...
compiling ppp.c...
compiling pppol2tp.c...
compiling pppapi.c...
compiling pppoe.c...
compiling pppcrypt.c...
compiling lcp.c...
compiling magic.c...
compiling mppe.c...
compiling pppos.c...
compiling vj.c...
compiling upap.c...
compiling lowpan6.c...
compiling ethernet.c...
compiling bridgeif.c...
compiling bridgeif_fdb.c...
compiling lowpan6_common.c...
compiling slipif.c...
compiling utils.c...
compiling lowpan6_ble.c...
compiling api_lib.c...
compiling api_msg.c...
compiling err.c...
compiling netbuf.c...
compiling netifapi.c...
compiling sockets.c...
compiling tcpip.c...
compiling netdb.c...
compiling zepif.c...
compiling ecp.c...
compiling if_api.c...
compiling altcp_alloc.c...
compiling altcp.c...
compiling altcp_tcp.c...
compiling dns.c...
compiling def.c...
compiling inet_chksum.c...
compiling ip.c...
compiling mem.c...
compiling init.c...
compiling sys.c...
compiling raw.c...
compiling memp.c...
compiling stats.c...
compiling pbuf.c...
../Middlewares/Third_Party/LwIP/src/core/pbuf.c(584): warning:  #550-D: variable "payload"  was set but never used
    void *payload;
../Middlewares/Third_Party/LwIP/src/core/pbuf.c: 1 warning, 0 errors
compiling netif.c...
compiling udp.c...
compiling timeouts.c...
compiling tcp_out.c...
compiling dhcp.c...
compiling tcp_in.c...
../Middlewares/Third_Party/LwIP/src/core/tcp_in.c(664): warning:  #550-D: variable "err"  was set but never used
        err_t err;
../Middlewares/Third_Party/LwIP/src/core/tcp_in.c: 1 warning, 0 errors
compiling autoip.c...
compiling tcp.c...
../Middlewares/Third_Party/LwIP/src/core/tcp.c(587): warning:  #550-D: variable "last_state"  was set but never used
      enum tcp_state last_state;
../Middlewares/Third_Party/LwIP/src/core/tcp.c(1385): warning:  #550-D: variable "last_state"  was set but never used
        enum tcp_state last_state;
../Middlewares/Third_Party/LwIP/src/core/tcp.c: 2 warnings, 0 errors
compiling icmp.c...
compiling etharp.c...
compiling ip4.c...
compiling igmp.c...
compiling ip4_addr.c...
compiling ip6_addr.c...
compiling inet6.c...
compiling ip6.c...
compiling ip4_frag.c...
compiling dhcp6.c...
compiling ethip6.c...
compiling icmp6.c...
compiling mld6.c...
compiling nd6.c...
compiling filter_algorithm.cpp...
compiling ip6_frag.c...
compiling math_algorithm.cpp...
..\HITLIB\ALGORITHM\math_algorithm.cpp(837): warning:  #1035-D: single-precision operand implicitly converted to double-precision
          if(fabs(a->fpVy)<EPS&&fabs(a->fpVx)<EPS)
..\HITLIB\ALGORITHM\math_algorithm.cpp(837): warning:  #1035-D: single-precision operand implicitly converted to double-precision
          if(fabs(a->fpVy)<EPS&&fabs(a->fpVx)<EPS)
..\HITLIB\ALGORITHM\math_algorithm.cpp: 2 warnings, 0 errors
compiling system_monitor.c...
compiling global_declare.c...
compiling pid_algorithm.cpp...
compiling locate_algorithm.cpp...
..\HITLIB\ALGORITHM\locate_algorithm.cpp(267): warning:  #1035-D: single-precision operand implicitly converted to double-precision
      else if((pstGyro->fpQ_Cur - pstGyro->fpQ_Pre <= 0)||(pstGyro->fpQ_Cur - pstGyro->fpQ_Pre >= 1800.0))//顺时针
..\HITLIB\ALGORITHM\locate_algorithm.cpp(492): warning:  #1035-D: single-precision operand implicitly converted to double-precision
  			  if(fabs(p_dt35_now->robot_x1 - p_dt35_now->robot_x2) <= 20.0)
..\HITLIB\ALGORITHM\locate_algorithm.cpp(549): warning:  #1035-D: single-precision operand implicitly converted to double-precision
          if (fabs(p_dt35_now->robot_x - pstRobot->stPot.fpPosX) <= 30.0 && fabs(p_dt35_now->pro_x1 - p_dt35_now->pro_x2) <= 40.0) //防止阶跃
..\HITLIB\ALGORITHM\locate_algorithm.cpp(549): warning:  #1035-D: single-precision operand implicitly converted to double-precision
          if (fabs(p_dt35_now->robot_x - pstRobot->stPot.fpPosX) <= 30.0 && fabs(p_dt35_now->pro_x1 - p_dt35_now->pro_x2) <= 40.0) //防止阶跃
..\HITLIB\ALGORITHM\locate_algorithm.cpp(553): warning:  #1035-D: single-precision operand implicitly converted to double-precision
          else if (fabs(p_dt35_now->robot_x1 - pstRobot->stPot.fpPosX) <= 50.0)
..\HITLIB\ALGORITHM\locate_algorithm.cpp(557): warning:  #1035-D: single-precision operand implicitly converted to double-precision
          else if (fabs(p_dt35_now->robot_x2 - pstRobot->stPot.fpPosX) <= 50.0)
..\HITLIB\ALGORITHM\locate_algorithm.cpp(568): warning:  #1035-D: single-precision operand implicitly converted to double-precision
              if (fabs(p_dt35_now->robot_y - pstRobot->stPot.fpPosY) <= 40.0 && fabs(p_dt35_now->pro_y1 - p_dt35_now->pro_y2) <= 60.0)
..\HITLIB\ALGORITHM\locate_algorithm.cpp(568): warning:  #1035-D: single-precision operand implicitly converted to double-precision
              if (fabs(p_dt35_now->robot_y - pstRobot->stPot.fpPosY) <= 40.0 && fabs(p_dt35_now->pro_y1 - p_dt35_now->pro_y2) <= 60.0)
..\HITLIB\ALGORITHM\locate_algorithm.cpp(572): warning:  #1035-D: single-precision operand implicitly converted to double-precision
              else if (fabs(p_dt35_now->robot_y1 - pstRobot->stPot.fpPosY) <= 40.0)
..\HITLIB\ALGORITHM\locate_algorithm.cpp(576): warning:  #1035-D: single-precision operand implicitly converted to double-precision
              else if (fabs(p_dt35_now->robot_y2 - pstRobot->stPot.fpPosY) <= 40.0)
..\HITLIB\ALGORITHM\locate_algorithm.cpp(587): warning:  #1035-D: single-precision operand implicitly converted to double-precision
              if (fabs(p_dt35_now->robot_y - pstRobot->stPot.fpPosY + HIDE_Y) <= 40.0 && fabs(p_dt35_now->pro_y1 - p_dt35_now->pro_y2) <= 60.0)
..\HITLIB\ALGORITHM\locate_algorithm.cpp(587): warning:  #1035-D: single-precision operand implicitly converted to double-precision
              if (fabs(p_dt35_now->robot_y - pstRobot->stPot.fpPosY + HIDE_Y) <= 40.0 && fabs(p_dt35_now->pro_y1 - p_dt35_now->pro_y2) <= 60.0)
..\HITLIB\ALGORITHM\locate_algorithm.cpp(591): warning:  #1035-D: single-precision operand implicitly converted to double-precision
              else if (fabs(p_dt35_now->robot_y1 - pstRobot->stPot.fpPosY + HIDE_Y) <= 40.0)
..\HITLIB\ALGORITHM\locate_algorithm.cpp(595): warning:  #1035-D: single-precision operand implicitly converted to double-precision
              else if (fabs(p_dt35_now->robot_y2 - pstRobot->stPot.fpPosY + HIDE_Y) <= 40.0)
..\HITLIB\ALGORITHM\locate_algorithm.cpp(411): warning:  #550-D: variable "fpQ_save"  was set but never used
      fp32 fpQ_now, fpQ_save;
..\HITLIB\ALGORITHM\locate_algorithm.cpp(214): warning:  #177-D: function "get_gyro_value"  was declared but never referenced
  static fp32 get_gyro_value(void)
..\HITLIB\ALGORITHM\locate_algorithm.cpp: 16 warnings, 0 errors
compiling mqtt.c...
compiling navigation_algorithm.cpp...
..\HITLIB\ALGORITHM\navigation_algorithm.cpp(256): warning:  #550-D: variable "detal"  was set but never used
  	 fp32 detal;
..\HITLIB\ALGORITHM\navigation_algorithm.cpp(258): warning:  #177-D: variable "velt_w"  was declared but never referenced
  		chassis_velt_t velt_w,chassis_velt;
..\HITLIB\ALGORITHM\navigation_algorithm.cpp(258): warning:  #177-D: variable "chassis_velt"  was declared but never referenced
  		chassis_velt_t velt_w,chassis_velt;
..\HITLIB\ALGORITHM\navigation_algorithm.cpp(326): warning:  #177-D: variable "dead_zone"  was declared but never referenced
  	fp32 fpQ, dead_zone;
..\HITLIB\ALGORITHM\navigation_algorithm.cpp(374): warning:  #177-D: variable "R"  was declared but never referenced
  		fp32 R = 0.1;
..\HITLIB\ALGORITHM\navigation_algorithm.cpp(398): warning:  #177-D: variable "d_turn_velt"  was declared but never referenced
  	chassis_velt_t straight_velt, turn_velt, d_straight_velt, d_turn_velt;
..\HITLIB\ALGORITHM\navigation_algorithm.cpp(399): warning:  #550-D: variable "pre_turn_velt"  was set but never used
  	static chassis_velt_t pre_straight_velt, pre_turn_velt;
..\HITLIB\ALGORITHM\navigation_algorithm.cpp(492): warning:  #177-D: variable "dead_zone"  was declared but never referenced
  	fp32 fpQ, dead_zone;
..\HITLIB\ALGORITHM\navigation_algorithm.cpp(552): warning:  #177-D: variable "temp_vx"  was declared but never referenced
  	fp32 temp_vx;
..\HITLIB\ALGORITHM\navigation_algorithm.cpp(553): warning:  #177-D: variable "pos_up"  was declared but never referenced
  	ST_VECTOR pos_up = {0,TRI_CHASSIS_R,0,0,0,CARTESIAN};
..\HITLIB\ALGORITHM\navigation_algorithm.cpp(554): warning:  #177-D: variable "pos_rightdown"  was declared but never referenced
  	ST_VECTOR pos_rightdown = {TRI_CHASSIS_R*COS_THETA,-TRI_CHASSIS_R*SIN_THETA,0,0,0,CARTESIAN};
..\HITLIB\ALGORITHM\navigation_algorithm.cpp(555): warning:  #177-D: variable "pos_leftdown"  was declared but never referenced
  	ST_VECTOR pos_leftdown =  {-TRI_CHASSIS_R*COS_THETA,-TRI_CHASSIS_R*SIN_THETA,0,0,0,CARTESIAN};
..\HITLIB\ALGORITHM\navigation_algorithm.cpp(578): warning:  #177-D: variable "R"  was declared but never referenced
  	fp32 R = 0.1;
..\HITLIB\ALGORITHM\navigation_algorithm.cpp(655): warning:  #1035-D: single-precision operand implicitly converted to double-precision
  		tri_chassis_run.up_motor.feed_forward_current = d_straight_velt.up * K_UP_STRAIGHT + 
..\HITLIB\ALGORITHM\navigation_algorithm.cpp(660): warning:  #1035-D: single-precision operand implicitly converted to double-precision
  		tri_chassis_run.up_motor.feed_forward_current = -(d_straight_velt.up * K_UP_STRAIGHT + 
..\HITLIB\ALGORITHM\navigation_algorithm.cpp(676): warning:  #1035-D: single-precision operand implicitly converted to double-precision
  		tri_chassis_run.rightdown_motor.feed_forward_current = d_straight_velt.rightdown * K_RD_STRAIGHT + 
..\HITLIB\ALGORITHM\navigation_algorithm.cpp(681): warning:  #1035-D: single-precision operand implicitly converted to double-precision
  		tri_chassis_run.rightdown_motor.feed_forward_current = -(d_straight_velt.rightdown * K_RD_STRAIGHT + 
..\HITLIB\ALGORITHM\navigation_algorithm.cpp(626): warning:  #550-D: variable "pre_turn_velt"  was set but never used
  	static tri_chassis_type_t pre_straight_velt, pre_turn_velt;
..\HITLIB\ALGORITHM\navigation_algorithm.cpp(695): warning:  #177-D: variable "des_backward"  was declared but never referenced
  	float des_forward,des_backward,fb_feedback;
..\HITLIB\ALGORITHM\navigation_algorithm.cpp: 19 warnings, 0 errors
compiling path_algorithm.cpp...
..\HITLIB\ALGORITHM\path_algorithm.cpp(903): warning:  #1035-D: single-precision operand implicitly converted to double-precision
  		if(fabs(output - des) <= 0.0001)
..\HITLIB\ALGORITHM\path_algorithm.cpp: 1 warning, 0 errors
compiling os.c...
compiling action_task.cpp...
compiling chassis.cpp...
compiling debug_task.cpp...
compiling remote_control.cpp...
..\HITLIB\ROBOT\remote_control.cpp(222): warning:  #177-D: variable "Wlan_uiStartTime"  was declared but never referenced
      static uint32_t Wlan_uiStartTime = 0;
..\HITLIB\ROBOT\remote_control.cpp: 1 warning, 0 errors
compiling motor_drive.cpp...
compiling task_os.c...
compiling dm_motor.cpp...
compiling movement_info.cpp...
compiling parallel_mechanism.cpp...
..\HITLIB\ROBOT\parallel_mechanism.cpp(18): warning:  #1035-D: single-precision operand implicitly converted to double-precision
  float O2B1 = 1.5*pm_fkp_b;
..\HITLIB\ROBOT\parallel_mechanism.cpp(20): warning:  #1035-D: single-precision operand implicitly converted to double-precision
  float A1E = 1.5*pm_fkp_a;
..\HITLIB\ROBOT\parallel_mechanism.cpp(44): warning:  #1035-D: single-precision operand implicitly converted to double-precision
    temp = cosf(beta)*sinf(alpha)* TOP_PLATFORM_length / 2 //补偿项
..\HITLIB\ROBOT\parallel_mechanism.cpp(45): warning:  #1035-D: single-precision operand implicitly converted to double-precision
  	     + cosf(alpha)*cosf(beta)*PM_TCP2PLATFROM;
..\HITLIB\ROBOT\parallel_mechanism.cpp(46): warning:  #1035-D: single-precision operand implicitly converted to double-precision
  	H = (this->height_pid.fpDes) * 0.001;//单位转换为M
..\HITLIB\ROBOT\parallel_mechanism.cpp(48): warning:  #1035-D: single-precision operand implicitly converted to double-precision
    theta1 = (180.0 -(this->up_motor.fb_data.Pos_fb + INIT_POS_UP)) * RADIAN;
..\HITLIB\ROBOT\parallel_mechanism.cpp(49): warning:  #1035-D: single-precision operand implicitly converted to double-precision
    theta2 = (180.0 -(this->rightdown_motor.fb_data.Pos_fb + INIT_POS_RIGHT)) * RADIAN;
..\HITLIB\ROBOT\parallel_mechanism.cpp(50): warning:  #1035-D: single-precision operand implicitly converted to double-precision
    theta3 = (180.0 -(this->leftdown_motor.fb_data.Pos_fb + INIT_POS_LEFT)) * RADIAN;
..\HITLIB\ROBOT\parallel_mechanism.cpp(116): warning:  #1035-D: single-precision operand implicitly converted to double-precision
         temp = cosf(beta)*sinf(alpha)* TOP_PLATFORM_length / 2 //补偿项
..\HITLIB\ROBOT\parallel_mechanism.cpp(117): warning:  #1035-D: single-precision operand implicitly converted to double-precision
  	          + cosf(alpha)*cosf(beta)*PM_TCP2PLATFROM;
..\HITLIB\ROBOT\parallel_mechanism.cpp(147): warning:  #1035-D: single-precision operand implicitly converted to double-precision
  	  temp = sinf(theta1) * cosf(theta2) * TOP_PLATFORM_length / 2 
..\HITLIB\ROBOT\parallel_mechanism.cpp(148): warning:  #1035-D: single-precision operand implicitly converted to double-precision
  	           + PM_TCP2PLATFROM * cosf(theta1) * cosf(theta2);
..\HITLIB\ROBOT\parallel_mechanism.cpp(165): warning:  #1035-D: single-precision operand implicitly converted to double-precision
      fp32 angle_B1A1D1 = temp / (2 * A1B1 * PM_LENGTH_1);
..\HITLIB\ROBOT\parallel_mechanism.cpp(169): warning:  #1035-D: single-precision operand implicitly converted to double-precision
      this->up_motor.crl_data.Pos_des = (180.0 - temp) - INIT_POS_UP;//转换到电机的坐标系
..\HITLIB\ROBOT\parallel_mechanism.cpp(176): warning:  #1035-D: single-precision operand implicitly converted to double-precision
      fp32 angle_EA2B2 = temp/(2 * A2B2 * BOTTOM_PLATFORM_LENGTH / 2);
..\HITLIB\ROBOT\parallel_mechanism.cpp(179): warning:  #1035-D: single-precision operand implicitly converted to double-precision
      fp32 angle_B2A2D2 = temp / (2 * A2B2 * PM_LENGTH_1);
..\HITLIB\ROBOT\parallel_mechanism.cpp(183): warning:  #1035-D: single-precision operand implicitly converted to double-precision
      this->rightdown_motor.crl_data.Pos_des = (180.0 - temp) - INIT_POS_RIGHT;//转换到电机的坐标系
..\HITLIB\ROBOT\parallel_mechanism.cpp(190): warning:  #1035-D: single-precision operand implicitly converted to double-precision
      fp32 angle_EA3B3 = temp / ( 2 * A3B3 * BOTTOM_PLATFORM_LENGTH / 2);
..\HITLIB\ROBOT\parallel_mechanism.cpp(193): warning:  #1035-D: single-precision operand implicitly converted to double-precision
      fp32 angle_B3A3D3 = temp / (2 * A3B3 * PM_LENGTH_1);
..\HITLIB\ROBOT\parallel_mechanism.cpp(197): warning:  #1035-D: single-precision operand implicitly converted to double-precision
  		this->leftdown_motor.crl_data.Pos_des = (180.0 - temp) - INIT_POS_LEFT;	//转换到电机的坐标系	
..\HITLIB\ROBOT\parallel_mechanism.cpp(205): warning:  #1035-D: single-precision operand implicitly converted to double-precision
    if(this->alpha_pid.fpDes > ANGLE_1_MAX)
..\HITLIB\ROBOT\parallel_mechanism.cpp(214): warning:  #1035-D: single-precision operand implicitly converted to double-precision
    if(this->beta_pid.fpDes > ANGLE_2_MAX)
..\HITLIB\ROBOT\parallel_mechanism.cpp(223): warning:  #1035-D: single-precision operand implicitly converted to double-precision
    if(this->height_pid.fpDes > HEIGHT_MAX)
..\HITLIB\ROBOT\parallel_mechanism.cpp(227): warning:  #1035-D: single-precision operand implicitly converted to double-precision
    if(this->height_pid.fpDes <  HEIGHT_MIN)
..\HITLIB\ROBOT\parallel_mechanism.cpp: 24 warnings, 0 errors
compiling uart_protocol.cpp...
compiling navigation_task.cpp...
compiling read_remote_ctrl_task.cpp...
..\HITLIB\TASK\read_remote_ctrl_task.cpp(188): warning:  #1035-D: single-precision operand implicitly converted to double-precision
  	 change_mat_p.height1 = 	change_mat_p.height1 - 20.0;
..\HITLIB\TASK\read_remote_ctrl_task.cpp(194): warning:  #1035-D: single-precision operand implicitly converted to double-precision
  	 change_mat_p.height1 = 	change_mat_p.height1 + 20.0;
..\HITLIB\TASK\read_remote_ctrl_task.cpp(200): warning:  #1035-D: single-precision operand implicitly converted to double-precision
  	 change_mat_p.height2 = 	change_mat_p.height2 - 20.0;
..\HITLIB\TASK\read_remote_ctrl_task.cpp(206): warning:  #1035-D: single-precision operand implicitly converted to double-precision
  	 change_mat_p.height2 = 	change_mat_p.height2 + 20.0;
..\HITLIB\TASK\read_remote_ctrl_task.cpp: 4 warnings, 0 errors
compiling motor_control_task.cpp...
compiling remote_lcd_task.cpp...
..\HITLIB\TASK\remote_lcd_task.cpp(85): warning:  #1-D: last line of file ends without a newline
  }
..\HITLIB\TASK\remote_lcd_task.cpp: 1 warning, 0 errors
compiling udp_comm.c...
compiling vision_task.cpp...
..\HITLIB\TASK\vision_task.cpp(56): warning:  #1035-D: single-precision operand implicitly converted to double-precision
  	  if((vision_data.pre_z > vision_data.z + 20.0 )&& (vision_data.z < vision_mat_limit_max)&&(vision_data.z > vision_mat_limit_min)&&( mat_path_state == 0) )
..\HITLIB\TASK\vision_task.cpp: 1 warning, 0 errors
compiling unitree_motor.c...
..\Quad\unitree_motor.c(24): warning:  #61-D: integer operation result is out of range
      xbit = 1 << 31;
..\Quad\unitree_motor.c(24): warning:  #68-D: integer conversion resulted in a change of sign
      xbit = 1 << 31;
..\Quad\unitree_motor.c: 2 warnings, 0 errors
compiling parallel_mechanism_task.cpp...
..\HITLIB\TASK\parallel_mechanism_task.cpp(269): warning:  #1035-D: single-precision operand implicitly converted to double-precision
  			  if( fabs(alpha_td.x) < 0.001&& fabs(beta_td.x) < 0.001&&fabs(height_td.x) < 0.001)
..\HITLIB\TASK\parallel_mechanism_task.cpp(269): warning:  #1035-D: single-precision operand implicitly converted to double-precision
  			  if( fabs(alpha_td.x) < 0.001&& fabs(beta_td.x) < 0.001&&fabs(height_td.x) < 0.001)
..\HITLIB\TASK\parallel_mechanism_task.cpp(269): warning:  #1035-D: single-precision operand implicitly converted to double-precision
  			  if( fabs(alpha_td.x) < 0.001&& fabs(beta_td.x) < 0.001&&fabs(height_td.x) < 0.001)
..\HITLIB\TASK\parallel_mechanism_task.cpp: 3 warnings, 0 errors
compiling unitree_motor_ctrl_task.c...
compiling udp_basic.c...
linking...
Program Size: Code=83164 RO-data=1544 RW-data=1032 ZI-data=32976  
FromELF: creating hex file...
"RC-VR\RC-VR.axf" - 0 Error(s), 83 Warning(s).

<h2>Software Packages used:</h2>

Package Vendor: ARM
                http://www.keil.com/pack/ARM.CMSIS.5.7.0.pack
                ARM.CMSIS.5.7.0
                CMSIS (Cortex Microcontroller Software Interface Standard)
   * Component: CORE Version: 5.4.0

Package Vendor: Keil
                https://www.keil.com/pack/Keil.STM32H7xx_DFP.3.1.1.pack
                Keil.STM32H7xx_DFP.3.1.1
                STMicroelectronics STM32H7 Series Device Support and Examples

<h2>Collection of Component include folders:</h2>
  .\RTE\_RC-VR
  D:\Users\DELL\AppData\Local\Arm\Packs\ARM\CMSIS\5.7.0\CMSIS\Core\Include
  D:\Users\DELL\AppData\Local\Arm\Packs\Keil\STM32H7xx_DFP\3.1.1\Drivers\CMSIS\Device\ST\STM32H7xx\Include

<h2>Collection of Component Files used:</h2>

   * Component: ARM::CMSIS:CORE:5.4.0
      Include file:  CMSIS\Core\Include\tz_context.h
Build Time Elapsed:  00:00:14
</pre>
</body>
</html>
